{"instrumento":"IE004-R10-SINTAXIS/1","primitivas_correctas":21,"usize_bits":32}
{"id":"L01","bytes":55,"tokens":11,"estado":"DERIVA","intentos":406887,"barridos_iniciados":9,"estados_sintacticos":88,"tabla_bytes":3600,"ultimo":[11, 0, 25, 3]}
{"id":"L02","bytes":45,"tokens":9,"estado":"DERIVA","intentos":239417,"barridos_iniciados":9,"estados_sintacticos":58,"tabla_bytes":2500,"ultimo":[9, 0, 25, 3]}
{"id":"L03","bytes":70,"tokens":11,"estado":"DERIVA","intentos":422842,"barridos_iniciados":9,"estados_sintacticos":76,"tabla_bytes":3600,"ultimo":[11, 0, 25, 3]}
{"id":"L04","bytes":32,"tokens":8,"estado":"DERIVA","intentos":191093,"barridos_iniciados":9,"estados_sintacticos":89,"tabla_bytes":2025,"ultimo":[8, 0, 25, 3]}
{"id":"L05","bytes":47,"tokens":10,"estado":"DERIVA","intentos":338235,"barridos_iniciados":9,"estados_sintacticos":119,"tabla_bytes":3025,"ultimo":[10, 0, 25, 3]}
{"id":"L06","bytes":27,"tokens":7,"estado":"DERIVA","intentos":124857,"barridos_iniciados":8,"estados_sintacticos":56,"tabla_bytes":1600,"ultimo":[7, 0, 25, 3]}
{"id":"L07","bytes":26,"tokens":7,"estado":"DERIVA","intentos":124295,"barridos_iniciados":8,"estados_sintacticos":56,"tabla_bytes":1600,"ultimo":[7, 0, 25, 3]}
{"id":"L08","bytes":39,"tokens":8,"estado":"DERIVA","intentos":176227,"barridos_iniciados":9,"estados_sintacticos":42,"tabla_bytes":2025,"ultimo":[8, 0, 25, 3]}
{"id":"L09","bytes":38,"tokens":10,"estado":"DERIVA","intentos":317523,"barridos_iniciados":9,"estados_sintacticos":93,"tabla_bytes":3025,"ultimo":[10, 0, 25, 3]}
{"id":"L10","bytes":35,"tokens":11,"estado":"DERIVA","intentos":434669,"barridos_iniciados":9,"estados_sintacticos":109,"tabla_bytes":3600,"ultimo":[11, 0, 25, 3]}
{"id":"L11","bytes":47,"tokens":10,"estado":"DERIVA","intentos":304955,"barridos_iniciados":9,"estados_sintacticos":73,"tabla_bytes":3025,"ultimo":[10, 0, 25, 3]}
{"id":"L12","bytes":45,"tokens":9,"estado":"DERIVA","intentos":238126,"barridos_iniciados":9,"estados_sintacticos":79,"tabla_bytes":2500,"ultimo":[9, 0, 25, 3]}
{"id":"L13","bytes":45,"tokens":9,"estado":"DERIVA","intentos":238126,"barridos_iniciados":9,"estados_sintacticos":79,"tabla_bytes":2500,"ultimo":[9, 0, 25, 3]}
{"id":"L14","bytes":32,"tokens":7,"estado":"DERIVA","intentos":138844,"barridos_iniciados":9,"estados_sintacticos":86,"tabla_bytes":1600,"ultimo":[7, 0, 25, 3]}
{"id":"L15","bytes":43,"tokens":9,"estado":"DERIVA","intentos":257946,"barridos_iniciados":9,"estados_sintacticos":118,"tabla_bytes":2500,"ultimo":[9, 0, 25, 3]}
{"id":"L16","bytes":37,"tokens":9,"estado":"DERIVA","intentos":242315,"barridos_iniciados":9,"estados_sintacticos":87,"tabla_bytes":2500,"ultimo":[9, 0, 25, 3]}
{"id":"L17","bytes":40,"tokens":7,"estado":"DERIVA","intentos":138880,"barridos_iniciados":9,"estados_sintacticos":86,"tabla_bytes":1600,"ultimo":[7, 0, 25, 3]}
{"id":"L18","bytes":37,"tokens":6,"estado":"DERIVA","intentos":96332,"barridos_iniciados":9,"estados_sintacticos":56,"tabla_bytes":1225,"ultimo":[6, 0, 25, 3]}
{"id":"L19","bytes":45,"tokens":10,"estado":"DERIVA","intentos":338235,"barridos_iniciados":9,"estados_sintacticos":119,"tabla_bytes":3025,"ultimo":[10, 0, 25, 3]}
{"id":"L20","bytes":33,"tokens":8,"estado":"DERIVA","intentos":178481,"barridos_iniciados":9,"estados_sintacticos":71,"tabla_bytes":2025,"ultimo":[8, 0, 25, 3]}
{"id":"L21","bytes":33,"tokens":8,"estado":"DERIVA","intentos":178481,"barridos_iniciados":9,"estados_sintacticos":71,"tabla_bytes":2025,"ultimo":[8, 0, 25, 3]}
{"id":"L22","bytes":45,"tokens":10,"estado":"DERIVA","intentos":311929,"barridos_iniciados":9,"estados_sintacticos":61,"tabla_bytes":3025,"ultimo":[10, 0, 25, 3]}
{"id":"L23","bytes":32,"tokens":8,"estado":"DERIVA","intentos":191093,"barridos_iniciados":9,"estados_sintacticos":89,"tabla_bytes":2025,"ultimo":[8, 0, 25, 3]}
{"id":"L24","bytes":47,"tokens":9,"estado":"DERIVA","intentos":238126,"barridos_iniciados":9,"estados_sintacticos":79,"tabla_bytes":2500,"ultimo":[9, 0, 25, 3]}
{"id":"R01","bytes":55,"tokens":11,"estado":"DERIVA","intentos":406887,"barridos_iniciados":9,"estados_sintacticos":88,"tabla_bytes":3600,"ultimo":[11, 0, 25, 3]}
{"id":"R02","bytes":32,"tokens":8,"estado":"DERIVA","intentos":191093,"barridos_iniciados":9,"estados_sintacticos":89,"tabla_bytes":2025,"ultimo":[8, 0, 25, 3]}
{"id":"R03","bytes":47,"tokens":10,"estado":"DERIVA","intentos":338235,"barridos_iniciados":9,"estados_sintacticos":119,"tabla_bytes":3025,"ultimo":[10, 0, 25, 3]}
{"id":"R04","bytes":35,"tokens":11,"estado":"DERIVA","intentos":434669,"barridos_iniciados":9,"estados_sintacticos":109,"tabla_bytes":3600,"ultimo":[11, 0, 25, 3]}
{"id":"R05","bytes":47,"tokens":10,"estado":"DERIVA","intentos":304955,"barridos_iniciados":9,"estados_sintacticos":73,"tabla_bytes":3025,"ultimo":[10, 0, 25, 3]}
{"id":"R06","bytes":37,"tokens":6,"estado":"DERIVA","intentos":96332,"barridos_iniciados":9,"estados_sintacticos":56,"tabla_bytes":1225,"ultimo":[6, 0, 25, 3]}
{"id":"R07","bytes":33,"tokens":8,"estado":"DERIVA","intentos":178481,"barridos_iniciados":9,"estados_sintacticos":71,"tabla_bytes":2025,"ultimo":[8, 0, 25, 3]}
{"id":"R08","bytes":47,"tokens":9,"estado":"DERIVA","intentos":238126,"barridos_iniciados":9,"estados_sintacticos":79,"tabla_bytes":2500,"ultimo":[9, 0, 25, 3]}
{"id":"R09","bytes":41,"tokens":10,"estado":"DERIVA","intentos":325520,"barridos_iniciados":9,"estados_sintacticos":87,"tabla_bytes":3025,"ultimo":[10, 0, 25, 3]}
{"id":"R10","bytes":80,"tokens":13,"estado":"DERIVA","intentos":673336,"barridos_iniciados":9,"estados_sintacticos":105,"tabla_bytes":4900,"ultimo":[13, 0, 25, 3]}
{"id":"R11","bytes":45,"tokens":9,"estado":"DERIVA","intentos":259458,"barridos_iniciados":9,"estados_sintacticos":118,"tabla_bytes":2500,"ultimo":[9, 0, 25, 3]}
{"id":"R12","bytes":72,"tokens":12,"estado":"DERIVA","intentos":539152,"barridos_iniciados":9,"estados_sintacticos":121,"tabla_bytes":4225,"ultimo":[12, 0, 25, 3]}
{"id":"R13","bytes":49,"tokens":9,"estado":"DERIVA","intentos":255625,"barridos_iniciados":9,"estados_sintacticos":121,"tabla_bytes":2500,"ultimo":[9, 0, 25, 3]}
{"id":"R14","bytes":48,"tokens":10,"estado":"DERIVA","intentos":315939,"barridos_iniciados":9,"estados_sintacticos":102,"tabla_bytes":3025,"ultimo":[10, 0, 25, 3]}
{"id":"R15","bytes":50,"tokens":13,"estado":"DERIVA","intentos":609333,"barridos_iniciados":9,"estados_sintacticos":101,"tabla_bytes":4900,"ultimo":[13, 0, 25, 3]}
{"id":"R16","bytes":47,"tokens":11,"estado":"DERIVA","intentos":398969,"barridos_iniciados":9,"estados_sintacticos":110,"tabla_bytes":3600,"ultimo":[11, 0, 25, 3]}
{"id":"R17","bytes":49,"tokens":12,"estado":"DERIVA","intentos":495096,"barridos_iniciados":9,"estados_sintacticos":117,"tabla_bytes":4225,"ultimo":[12, 0, 25, 3]}
{"id":"R18","bytes":34,"tokens":7,"estado":"DERIVA","intentos":140345,"barridos_iniciados":9,"estados_sintacticos":90,"tabla_bytes":1600,"ultimo":[7, 0, 25, 3]}
{"id":"R19","bytes":50,"tokens":11,"estado":"DERIVA","intentos":393967,"barridos_iniciados":9,"estados_sintacticos":75,"tabla_bytes":3600,"ultimo":[11, 0, 25, 3]}
{"id":"R20","bytes":54,"tokens":10,"estado":"DERIVA","intentos":335863,"barridos_iniciados":9,"estados_sintacticos":109,"tabla_bytes":3025,"ultimo":[10, 0, 25, 3]}
{"id":"R21","bytes":48,"tokens":10,"estado":"DERIVA","intentos":338091,"barridos_iniciados":9,"estados_sintacticos":119,"tabla_bytes":3025,"ultimo":[10, 0, 25, 3]}
{"id":"R22","bytes":41,"tokens":7,"estado":"DERIVA","intentos":142838,"barridos_iniciados":9,"estados_sintacticos":81,"tabla_bytes":1600,"ultimo":[7, 0, 25, 3]}
{"id":"R23","bytes":52,"tokens":8,"estado":"DERIVA","intentos":192626,"barridos_iniciados":9,"estados_sintacticos":116,"tabla_bytes":2025,"ultimo":[8, 0, 25, 3]}
{"id":"R24","bytes":43,"tokens":9,"estado":"DERIVA","intentos":257946,"barridos_iniciados":9,"estados_sintacticos":118,"tabla_bytes":2500,"ultimo":[9, 0, 25, 3]}
{"id":"C01","bytes":35,"tokens":10,"estado":"DERIVA","intentos":313259,"barridos_iniciados":9,"estados_sintacticos":77,"tabla_bytes":3025,"ultimo":[10, 0, 25, 3]}
{"id":"C02","bytes":68,"tokens":17,"estado":"PRESUPUESTO_AGOTADO","intentos":1000000,"barridos_iniciados":7,"estados_sintacticos":160,"tabla_bytes":8100,"ultimo":[11, 5, 7, 1]}
{"id":"C03","bytes":40,"tokens":10,"estado":"DERIVA","intentos":346091,"barridos_iniciados":9,"estados_sintacticos":140,"tabla_bytes":3025,"ultimo":[10, 0, 25, 3]}
{"id":"C04","bytes":40,"tokens":10,"estado":"DERIVA","intentos":346091,"barridos_iniciados":9,"estados_sintacticos":140,"tabla_bytes":3025,"ultimo":[10, 0, 25, 3]}
{"id":"C05","bytes":41,"tokens":10,"estado":"DERIVA","intentos":347945,"barridos_iniciados":9,"estados_sintacticos":138,"tabla_bytes":3025,"ultimo":[10, 0, 25, 3]}
{"id":"C06","bytes":25,"tokens":6,"estado":"NO_DERIVA","intentos":91415,"barridos_iniciados":9,"estados_sintacticos":41,"tabla_bytes":1225,"ultimo":[6, 0, 25, 3]}
{"id":"C07","bytes":42,"tokens":10,"estado":"NO_DERIVA","intentos":325045,"barridos_iniciados":9,"estados_sintacticos":70,"tabla_bytes":3025,"ultimo":[10, 0, 25, 3]}
{"id":"C08","bytes":37,"tokens":8,"estado":"DERIVA","intentos":167784,"barridos_iniciados":8,"estados_sintacticos":39,"tabla_bytes":2025,"ultimo":[8, 0, 25, 3]}
{"id":"C09","bytes":39,"tokens":9,"estado":"NO_DERIVA","intentos":231308,"barridos_iniciados":8,"estados_sintacticos":28,"tabla_bytes":2500,"ultimo":[9, 0, 25, 3]}
{"id":"C10","bytes":34,"tokens":9,"estado":"DERIVA","intentos":269038,"barridos_iniciados":9,"estados_sintacticos":102,"tabla_bytes":2500,"ultimo":[9, 0, 25, 3]}
{"id":"C11","bytes":23,"tokens":6,"estado":"DERIVA","intentos":100789,"barridos_iniciados":9,"estados_sintacticos":56,"tabla_bytes":1225,"ultimo":[6, 0, 25, 3]}
{"id":"C12","bytes":21,"tokens":7,"estado":"DERIVA","intentos":138110,"barridos_iniciados":9,"estados_sintacticos":60,"tabla_bytes":1600,"ultimo":[7, 0, 25, 3]}
{"id":"C13","bytes":47,"tokens":12,"estado":"DERIVA","intentos":525385,"barridos_iniciados":9,"estados_sintacticos":91,"tabla_bytes":4225,"ultimo":[12, 0, 25, 3]}
{"id":"C14","bytes":35,"tokens":9,"estado":"DERIVA","intentos":243690,"barridos_iniciados":9,"estados_sintacticos":85,"tabla_bytes":2500,"ultimo":[9, 0, 25, 3]}
{"id":"C15","bytes":18,"tokens":5,"estado":"DERIVA","intentos":62435,"barridos_iniciados":9,"estados_sintacticos":38,"tabla_bytes":900,"ultimo":[5, 0, 25, 3]}
{"id":"C16","bytes":30,"tokens":7,"estado":"DERIVA","intentos":128997,"barridos_iniciados":9,"estados_sintacticos":46,"tabla_bytes":1600,"ultimo":[7, 0, 25, 3]}
{"id":"C17","bytes":36,"tokens":9,"estado":"DERIVA","intentos":238620,"barridos_iniciados":9,"estados_sintacticos":72,"tabla_bytes":2500,"ultimo":[9, 0, 25, 3]}
{"id":"C18","bytes":44,"tokens":11,"estado":"DERIVA","intentos":396152,"barridos_iniciados":9,"estados_sintacticos":82,"tabla_bytes":3600,"ultimo":[11, 0, 25, 3]}
{"id":"CP-T-127","bytes":883,"tokens":127,"estado":"PRESUPUESTO_AGOTADO","intentos":1000000,"barridos_iniciados":1,"estados_sintacticos":504,"tabla_bytes":409600,"ultimo":[11, 54, 11, 1]}
{"id":"CP-T-128","bytes":890,"tokens":128,"estado":"PRESUPUESTO_AGOTADO","intentos":1000000,"barridos_iniciados":1,"estados_sintacticos":508,"tabla_bytes":416025,"ultimo":[11, 49, 8, 1]}
{"id":"CP-T-129","bytes":897,"estado":"Tokens","intentos":0}
{"id":"CP-B-8191","bytes":8191,"tokens":3,"estado":"DERIVA","intentos":23350,"barridos_iniciados":9,"estados_sintacticos":29,"tabla_bytes":400,"ultimo":[3, 0, 25, 3]}
{"id":"CP-B-8192","bytes":8192,"tokens":3,"estado":"DERIVA","intentos":23350,"barridos_iniciados":9,"estados_sintacticos":29,"tabla_bytes":400,"ultimo":[3, 0, 25, 3]}
{"id":"CP-B-8193","bytes":8193,"estado":"Bytes","intentos":0}
