2026-09-13T07:02:13.9742386Z Current runner version: '2.337.0'
2026-09-13T07:02:13.9769947Z ##[group]Runner Image Provisioner
2026-09-13T07:02:13.9770947Z Hosted Compute Agent
2026-09-13T07:02:13.9771627Z Version: 20260828.587
2026-09-13T07:02:13.9772268Z Commit: abac92662cab4cc7352de4f9f9d2e2419aad9c29
2026-09-13T07:02:13.9773128Z Build Date: 2026-08-28T16:44:25Z
2026-09-13T07:02:13.9773837Z Worker ID: {dc6527c3-5dbb-4fe5-baa3-415ef2a8b35c}
2026-09-13T07:02:13.9774619Z Azure Region: centralus
2026-09-13T07:02:13.9775295Z ##[endgroup]
2026-09-13T07:02:13.9777699Z ##[group]Operating System
2026-09-13T07:02:13.9778455Z Ubuntu
2026-09-13T07:02:13.9778982Z 24.04.5
2026-09-13T07:02:13.9779525Z LTS
2026-09-13T07:02:13.9780104Z ##[endgroup]
2026-09-13T07:02:13.9780661Z ##[group]Runner Image
2026-09-13T07:02:13.9781360Z Image: ubuntu-24.04
2026-09-13T07:02:13.9781929Z Version: 20260907.300.1
2026-09-13T07:02:13.9783431Z Included Software: https://github.com/actions/runner-images/blob/ubuntu24/20260907.300/images/ubuntu/Ubuntu2404-Readme.md
2026-09-13T07:02:13.9785143Z Image Release: https://github.com/actions/runner-images/releases/tag/ubuntu24%2F20260907.300
2026-09-13T07:02:13.9786442Z ##[endgroup]
2026-09-13T07:02:13.9787626Z ##[group]GITHUB_TOKEN Permissions
2026-09-13T07:02:13.9790026Z Contents: read
2026-09-13T07:02:13.9790651Z Metadata: read
2026-09-13T07:02:13.9791303Z ##[endgroup]
2026-09-13T07:02:13.9793492Z Secret source: Actions
2026-09-13T07:02:13.9794533Z Cache mode: write
2026-09-13T07:02:13.9795645Z Prepare workflow directory
2026-09-13T07:02:14.0222303Z Prepare all required actions
2026-09-13T07:02:14.0274785Z Getting action download info
2026-09-13T07:02:14.2924388Z Download action repository 'actions/checkout@v4' (SHA:11d5960a326750d5838078e36cf38b85af677262)
2026-09-13T07:02:14.3963211Z Download action repository 'actions/upload-artifact@v4' (SHA:ea165f8d65b6e75b540449e92b4886f43607fa02)
2026-09-13T07:02:14.6129942Z Complete job name: construccion-aislada
2026-09-13T07:02:14.6961218Z Node 20 is being deprecated. This workflow is running with Node 24 by default. If you need to temporarily use Node 20, you can set the ACTIONS_ALLOW_USE_UNSECURE_NODE_VERSION=true environment variable. For more information see: https://github.blog/changelog/2025-09-19-deprecation-of-node-20-on-github-actions-runners/
2026-09-13T07:02:14.6970657Z ##[group]Run actions/checkout@v4
2026-09-13T07:02:14.6971420Z with:
2026-09-13T07:02:14.6971915Z   ref: 074436ce0a5fa9dd3fd3c3b1b8e45cf4419bbce5
2026-09-13T07:02:14.6972649Z   repository: juantoniolloretegea/SV-lenguaje-de-computacion
2026-09-13T07:02:14.6977019Z   token: ***
2026-09-13T07:02:14.6977463Z   ssh-strict: true
2026-09-13T07:02:14.6977901Z   ssh-user: git
2026-09-13T07:02:14.6978353Z   persist-credentials: true
2026-09-13T07:02:14.6978841Z   clean: true
2026-09-13T07:02:14.6979289Z   sparse-checkout-cone-mode: true
2026-09-13T07:02:14.6979810Z   fetch-depth: 1
2026-09-13T07:02:14.6980239Z   fetch-tags: false
2026-09-13T07:02:14.6980728Z   show-progress: true
2026-09-13T07:02:14.6981171Z   lfs: false
2026-09-13T07:02:14.6981591Z   submodules: false
2026-09-13T07:02:14.6982043Z   set-safe-directory: true
2026-09-13T07:02:14.6982549Z   allow-unsafe-pr-checkout: false
2026-09-13T07:02:14.6983343Z ##[endgroup]
2026-09-13T07:02:14.8071938Z Syncing repository: juantoniolloretegea/SV-lenguaje-de-computacion
2026-09-13T07:02:14.8075169Z ##[group]Getting Git version info
2026-09-13T07:02:14.8076963Z Working directory is '/home/runner/work/SV-lenguaje-de-computacion/SV-lenguaje-de-computacion'
2026-09-13T07:02:14.8079148Z [command]/usr/bin/git version
2026-09-13T07:02:14.8137461Z git version 2.55.0
2026-09-13T07:02:14.8161066Z ##[endgroup]
2026-09-13T07:02:14.8177492Z Temporarily overriding HOME='/home/runner/work/_temp/935b7ad6-7d6d-4437-8857-e7ffdce654f8' before making global git config changes
2026-09-13T07:02:14.8179989Z Adding repository directory to the temporary git global config as a safe directory
2026-09-13T07:02:14.8183821Z [command]/usr/bin/git config --global --add safe.directory /home/runner/work/SV-lenguaje-de-computacion/SV-lenguaje-de-computacion
2026-09-13T07:02:14.8251787Z Deleting the contents of '/home/runner/work/SV-lenguaje-de-computacion/SV-lenguaje-de-computacion'
2026-09-13T07:02:14.8260753Z ##[group]Initializing the repository
2026-09-13T07:02:14.8270001Z [command]/usr/bin/git init /home/runner/work/SV-lenguaje-de-computacion/SV-lenguaje-de-computacion
2026-09-13T07:02:14.8364348Z hint: Using 'master' as the name for the initial branch. This default branch name
2026-09-13T07:02:14.8366549Z hint: will change to "main" in Git 3.0. To configure the initial branch name
2026-09-13T07:02:14.8368530Z hint: to use in all of your new repositories, which will suppress this warning,
2026-09-13T07:02:14.8370135Z hint: call:
2026-09-13T07:02:14.8371362Z hint:
2026-09-13T07:02:14.8372373Z hint: 	git config --global init.defaultBranch <name>
2026-09-13T07:02:14.8373603Z hint:
2026-09-13T07:02:14.8374817Z hint: Names commonly chosen instead of 'master' are 'main', 'trunk' and
2026-09-13T07:02:14.8377034Z hint: 'development'. The just-created branch can be renamed via this command:
2026-09-13T07:02:14.8378546Z hint:
2026-09-13T07:02:14.8379415Z hint: 	git branch -m <name>
2026-09-13T07:02:14.8380376Z hint:
2026-09-13T07:02:14.8381695Z hint: Disable this message with "git config set advice.defaultBranchName false"
2026-09-13T07:02:14.8383593Z Initialized empty Git repository in /home/runner/work/SV-lenguaje-de-computacion/SV-lenguaje-de-computacion/.git/
2026-09-13T07:02:14.8387610Z [command]/usr/bin/git remote add origin https://github.com/juantoniolloretegea/SV-lenguaje-de-computacion
2026-09-13T07:02:14.8432755Z ##[endgroup]
2026-09-13T07:02:14.8434086Z ##[group]Disabling automatic garbage collection
2026-09-13T07:02:14.8438028Z [command]/usr/bin/git config --local gc.auto 0
2026-09-13T07:02:14.8472752Z ##[endgroup]
2026-09-13T07:02:14.8473886Z ##[group]Setting up auth
2026-09-13T07:02:14.8482750Z [command]/usr/bin/git config --local --name-only --get-regexp core\.sshCommand
2026-09-13T07:02:14.8519772Z [command]/usr/bin/git submodule foreach --recursive sh -c "git config --local --name-only --get-regexp 'core\.sshCommand' && git config --local --unset-all 'core.sshCommand' || :"
2026-09-13T07:02:14.8919428Z [command]/usr/bin/git config --local --name-only --get-regexp http\.https\:\/\/github\.com\/\.extraheader
2026-09-13T07:02:14.8963810Z [command]/usr/bin/git submodule foreach --recursive sh -c "git config --local --name-only --get-regexp 'http\.https\:\/\/github\.com\/\.extraheader' && git config --local --unset-all 'http.https://github.com/.extraheader' || :"
2026-09-13T07:02:14.9209122Z [command]/usr/bin/git config --local --name-only --get-regexp ^includeIf\.gitdir:
2026-09-13T07:02:14.9247380Z [command]/usr/bin/git submodule foreach --recursive git config --local --show-origin --name-only --get-regexp remote.origin.url
2026-09-13T07:02:14.9493584Z [command]/usr/bin/git config --local http.https://github.com/.extraheader AUTHORIZATION: basic ***
2026-09-13T07:02:14.9540501Z ##[endgroup]
2026-09-13T07:02:14.9541504Z ##[group]Fetching the repository
2026-09-13T07:02:14.9551830Z [command]/usr/bin/git -c protocol.version=2 fetch --no-tags --prune --no-recurse-submodules --depth=1 origin 074436ce0a5fa9dd3fd3c3b1b8e45cf4419bbce5
2026-09-13T07:02:16.7299155Z From https://github.com/juantoniolloretegea/SV-lenguaje-de-computacion
2026-09-13T07:02:16.7301562Z  * branch            074436ce0a5fa9dd3fd3c3b1b8e45cf4419bbce5 -> FETCH_HEAD
2026-09-13T07:02:16.7306953Z ##[endgroup]
2026-09-13T07:02:16.7309200Z ##[group]Determining the checkout info
2026-09-13T07:02:16.7311566Z ##[endgroup]
2026-09-13T07:02:16.7323091Z [command]/usr/bin/git sparse-checkout disable
2026-09-13T07:02:16.7377518Z [command]/usr/bin/git config --local --unset-all extensions.worktreeConfig
2026-09-13T07:02:16.7410910Z ##[group]Checking out the ref
2026-09-13T07:02:16.7414878Z [command]/usr/bin/git checkout --progress --force 074436ce0a5fa9dd3fd3c3b1b8e45cf4419bbce5
2026-09-13T07:02:17.0832268Z Note: switching to '074436ce0a5fa9dd3fd3c3b1b8e45cf4419bbce5'.
2026-09-13T07:02:17.0833884Z 
2026-09-13T07:02:17.0834598Z You are in 'detached HEAD' state. You can look around, make experimental
2026-09-13T07:02:17.0836464Z changes and commit them, and you can discard any commits you make in this
2026-09-13T07:02:17.0838054Z state without impacting any branches by switching back to a branch.
2026-09-13T07:02:17.0838951Z 
2026-09-13T07:02:17.0839594Z If you want to create a new branch to retain commits you create, you may
2026-09-13T07:02:17.0841019Z do so (now or later) by using -c with the switch command. Example:
2026-09-13T07:02:17.0841944Z 
2026-09-13T07:02:17.0842359Z   git switch -c <new-branch-name>
2026-09-13T07:02:17.0842988Z 
2026-09-13T07:02:17.0843408Z Or undo this operation with:
2026-09-13T07:02:17.0843984Z 
2026-09-13T07:02:17.0844348Z   git switch -
2026-09-13T07:02:17.0844866Z 
2026-09-13T07:02:17.0845646Z Turn off this advice by setting config variable advice.detachedHead to false
2026-09-13T07:02:17.0847182Z 
2026-09-13T07:02:17.0848174Z HEAD is now at 074436c feat: manifiesto-sv integrado y entorno Rust reproducible; S23 RETP-201
2026-09-13T07:02:17.0857658Z ##[endgroup]
2026-09-13T07:02:17.0906883Z [command]/usr/bin/git log -1 --format=%H
2026-09-13T07:02:17.0936815Z 074436ce0a5fa9dd3fd3c3b1b8e45cf4419bbce5
2026-09-13T07:02:17.1210115Z ##[group]Run rustup toolchain install 1.98.0 --profile minimal
2026-09-13T07:02:17.1212195Z [36;1mrustup toolchain install 1.98.0 --profile minimal[0m
2026-09-13T07:02:17.1213805Z [36;1mrustup default 1.98.0[0m
2026-09-13T07:02:17.1215021Z [36;1mrustc --version[0m
2026-09-13T07:02:17.1216496Z [36;1mcargo --version[0m
2026-09-13T07:02:17.1261747Z shell: /usr/bin/bash --noprofile --norc -e -o pipefail {0}
2026-09-13T07:02:17.1263387Z ##[endgroup]
2026-09-13T07:02:17.1781983Z info: syncing channel updates for 1.98.0-x86_64-unknown-linux-gnu
2026-09-13T07:02:17.3989081Z info: latest update on 2026-08-20 for version 1.98.0 (88d9e12ae 2026-08-18)
2026-09-13T07:02:17.3992284Z info: downloading 3 components
2026-09-13T07:02:25.0610076Z 
2026-09-13T07:02:25.0692444Z   1.98.0-x86_64-unknown-linux-gnu installed - rustc 1.98.0 (88d9e12ae 2026-08-18)
2026-09-13T07:02:25.0693021Z 
2026-09-13T07:02:25.0793163Z info: using existing install for 1.98.0-x86_64-unknown-linux-gnu
2026-09-13T07:02:25.0807373Z info: default toolchain set to 1.98.0-x86_64-unknown-linux-gnu
2026-09-13T07:02:25.0807975Z 
2026-09-13T07:02:25.0873352Z   1.98.0-x86_64-unknown-linux-gnu unchanged - rustc 1.98.0 (88d9e12ae 2026-08-18)
2026-09-13T07:02:25.0873893Z 
2026-09-13T07:02:25.0996933Z rustc 1.98.0 (88d9e12ae 2026-08-18)
2026-09-13T07:02:25.1091199Z cargo 1.98.0 (797e8a9bc 2026-08-05)
2026-09-13T07:02:25.1175196Z ##[group]Run mkdir -p artifacts/fila7
2026-09-13T07:02:25.1175661Z [36;1mmkdir -p artifacts/fila7[0m
2026-09-13T07:02:25.1176331Z [36;1mcut=$(git rev-parse HEAD)[0m
2026-09-13T07:02:25.1176764Z [36;1mtest "$cut" = '074436ce0a5fa9dd3fd3c3b1b8e45cf4419bbce5'[0m
2026-09-13T07:02:25.1177350Z [36;1mbash tests/row7_candidate/empaquetar.sh "$cut" artifacts/fila7/paquete[0m
2026-09-13T07:02:25.1178006Z [36;1mbash tests/row7_candidate/empaquetar.sh "$cut" artifacts/fila7/repeticion[0m
2026-09-13T07:02:25.1178765Z [36;1mcmp artifacts/fila7/paquete/fila7-fuentes.tar.gz artifacts/fila7/repeticion/fila7-fuentes.tar.gz[0m
2026-09-13T07:02:25.1179682Z [36;1mbash tests/row7_candidate/autoprueba_paquete.sh artifacts/fila7/paquete/fuentes | tee artifacts/fila7/controles-paquete.txt[0m
2026-09-13T07:02:25.1180576Z [36;1mbash tests/row7_candidate/autoprueba_permisos.sh "$cut" | tee artifacts/fila7/controles-permisos.txt[0m
2026-09-13T07:02:25.1220443Z shell: /usr/bin/bash --noprofile --norc -e -o pipefail {0}
2026-09-13T07:02:25.1220900Z ##[endgroup]
2026-09-13T07:02:25.3592824Z CONFORME_EN_INTEGRIDAD_DE_PAQUETE
2026-09-13T07:02:25.3996983Z Paquete del corte 074436ce0a5fa9dd3fd3c3b1b8e45cf4419bbce5; 249 archivos Git y dos objetos de inventario.
2026-09-13T07:02:25.6275259Z CONFORME_EN_INTEGRIDAD_DE_PAQUETE
2026-09-13T07:02:25.6759541Z Paquete del corte 074436ce0a5fa9dd3fd3c3b1b8e45cf4419bbce5; 249 archivos Git y dos objetos de inventario.
2026-09-13T07:02:25.7675711Z CONFORME_EN_INTEGRIDAD_DE_PAQUETE
2026-09-13T07:02:25.8568617Z PYTHON: RECHAZADO por PAQUETE_TIPO
2026-09-13T07:02:25.9500307Z INESPERADO: RECHAZADO por PAQUETE_INVENTARIO
2026-09-13T07:02:25.9873825Z AUSENTE: RECHAZADO por PAQUETE_AUSENTE
2026-09-13T07:02:26.0796736Z ALTERADO: RECHAZADO por PAQUETE_HUELLA
2026-09-13T07:02:26.4009025Z FIFO: RECHAZADO por PAQUETE_TIPO_ESPECIAL
2026-09-13T07:02:26.4246866Z FIFO_PERMITIDO: RECHAZADO por PAQUETE_TIPO_ESPECIAL
2026-09-13T07:02:26.4506852Z FIFO_CORTE: RECHAZADO por PAQUETE_TIPO_ESPECIAL
2026-09-13T07:02:26.4718175Z ENLACE: RECHAZADO por PAQUETE_ENLACE
2026-09-13T07:02:26.4718974Z Controles de paquete: 8/8 rechazados por su causa; control íntegro admitido.
2026-09-13T07:02:26.7460749Z CONFORME_EN_INTEGRIDAD_DE_PAQUETE
2026-09-13T07:02:26.7846470Z Paquete del corte 074436ce0a5fa9dd3fd3c3b1b8e45cf4419bbce5; 249 archivos Git y dos objetos de inventario.
2026-09-13T07:02:27.0035731Z CONFORME_EN_INTEGRIDAD_DE_PAQUETE
2026-09-13T07:02:27.0428258Z Paquete del corte 074436ce0a5fa9dd3fd3c3b1b8e45cf4419bbce5; 249 archivos Git y dos objetos de inventario.
2026-09-13T07:02:27.0447570Z PERMISOS_INDEPENDIENTES: máscaras de proceso y Git 0000/0077; paquete idéntico.
2026-09-13T07:02:27.0467961Z 290191cc3a62287a44a565bd9519a1949ced7ec3f37755239b9fb5451c636387
2026-09-13T07:02:27.0682988Z ##[group]Run docker pull ubuntu:24.04
2026-09-13T07:02:27.0683339Z [36;1mdocker pull ubuntu:24.04[0m
2026-09-13T07:02:27.0683782Z [36;1mbase_image=$(docker image inspect ubuntu:24.04 --format '{{index .RepoDigests 0}}')[0m
2026-09-13T07:02:27.0684314Z [36;1mprintf '%s\n' "$base_image" > artifacts/fila7/imagen-base.txt[0m
2026-09-13T07:02:27.0684898Z [36;1mdocker build --build-arg BASE_IMAGE="$base_image" -t sv-fila7-sin-interpretes tests/row7_candidate[0m
2026-09-13T07:02:27.0685575Z [36;1mdocker image inspect sv-fila7-sin-interpretes > artifacts/fila7/imagen-ejecutada.json[0m
2026-09-13T07:02:27.0723182Z shell: /usr/bin/bash --noprofile --norc -e -o pipefail {0}
2026-09-13T07:02:27.0723544Z ##[endgroup]
2026-09-13T07:02:27.7247649Z 24.04: Pulling from library/ubuntu
2026-09-13T07:02:27.8691081Z e51aee9c82ec: Pulling fs layer
2026-09-13T07:02:28.2539990Z e51aee9c82ec: Verifying Checksum
2026-09-13T07:02:28.2540495Z e51aee9c82ec: Download complete
2026-09-13T07:02:29.2768469Z e51aee9c82ec: Pull complete
2026-09-13T07:02:29.2817363Z Digest: sha256:224a1869083a311ef3f13648a154ba79832fbef6364d31493642ca03082da254
2026-09-13T07:02:29.2837286Z Status: Downloaded newer image for ubuntu:24.04
2026-09-13T07:02:29.2843657Z docker.io/library/ubuntu:24.04
2026-09-13T07:02:29.7642668Z #0 building with "default" instance using docker driver
2026-09-13T07:02:29.7643054Z 
2026-09-13T07:02:29.7643231Z #1 [internal] load build definition from Dockerfile
2026-09-13T07:02:29.7643664Z #1 transferring dockerfile: 317B done
2026-09-13T07:02:29.7644432Z #1 WARN: InvalidDefaultArgInFrom: Default value for ARG ${BASE_IMAGE} results in empty or invalid base image name (line 2)
2026-09-13T07:02:29.7645196Z #1 DONE 0.0s
2026-09-13T07:02:29.7645359Z 
2026-09-13T07:02:29.7646288Z #2 [internal] load metadata for docker.io/library/ubuntu@sha256:224a1869083a311ef3f13648a154ba79832fbef6364d31493642ca03082da254
2026-09-13T07:02:29.7647111Z #2 DONE 0.0s
2026-09-13T07:02:29.7647244Z 
2026-09-13T07:02:29.7647371Z #3 [internal] load .dockerignore
2026-09-13T07:02:29.7647677Z #3 transferring context: 2B done
2026-09-13T07:02:29.7647958Z #3 DONE 0.0s
2026-09-13T07:02:29.7648087Z 
2026-09-13T07:02:29.7648467Z #4 [1/3] FROM docker.io/library/ubuntu@sha256:224a1869083a311ef3f13648a154ba79832fbef6364d31493642ca03082da254
2026-09-13T07:02:29.7649052Z #4 DONE 0.0s
2026-09-13T07:02:29.7649181Z 
2026-09-13T07:02:29.7649706Z #5 [2/3] RUN apt-get update  && apt-get install -y --no-install-recommends gcc libc6-dev ca-certificates  && rm -rf /var/lib/apt/lists/*
2026-09-13T07:02:30.1740889Z #5 0.560 Get:1 http://archive.ubuntu.com/ubuntu noble InRelease [256 kB]
2026-09-13T07:02:30.3564790Z #5 0.743 Get:2 http://security.ubuntu.com/ubuntu noble-security InRelease [126 kB]
2026-09-13T07:02:30.4772401Z #5 0.764 Get:3 http://archive.ubuntu.com/ubuntu noble-updates InRelease [126 kB]
2026-09-13T07:02:30.4773886Z #5 0.814 Get:4 http://archive.ubuntu.com/ubuntu noble-backports InRelease [126 kB]
2026-09-13T07:02:30.4774954Z #5 0.864 Get:5 http://archive.ubuntu.com/ubuntu noble/universe amd64 Packages [19.3 MB]
2026-09-13T07:02:30.8670681Z #5 1.253 Get:6 http://archive.ubuntu.com/ubuntu noble/main amd64 Packages [1808 kB]
2026-09-13T07:02:30.9724906Z #5 1.257 Get:7 http://archive.ubuntu.com/ubuntu noble/restricted amd64 Packages [117 kB]
2026-09-13T07:02:30.9726158Z #5 1.257 Get:8 http://archive.ubuntu.com/ubuntu noble/multiverse amd64 Packages [331 kB]
2026-09-13T07:02:30.9727557Z #5 1.293 Get:9 http://archive.ubuntu.com/ubuntu noble-updates/restricted amd64 Packages [1913 kB]
2026-09-13T07:02:30.9728782Z #5 1.306 Get:10 http://archive.ubuntu.com/ubuntu noble-updates/main amd64 Packages [1565 kB]
2026-09-13T07:02:30.9729535Z #5 1.312 Get:11 http://archive.ubuntu.com/ubuntu noble-updates/universe amd64 Packages [2151 kB]
2026-09-13T07:02:30.9730277Z #5 1.321 Get:12 http://archive.ubuntu.com/ubuntu noble-updates/multiverse amd64 Packages [55.8 kB]
2026-09-13T07:02:30.9731306Z #5 1.322 Get:13 http://archive.ubuntu.com/ubuntu noble-backports/universe amd64 Packages [35.9 kB]
2026-09-13T07:02:30.9732054Z #5 1.322 Get:14 http://archive.ubuntu.com/ubuntu noble-backports/main amd64 Packages [48.9 kB]
2026-09-13T07:02:30.9732791Z #5 1.323 Get:15 http://archive.ubuntu.com/ubuntu noble-backports/multiverse amd64 Packages [671 B]
2026-09-13T07:02:30.9733548Z #5 1.359 Get:16 http://security.ubuntu.com/ubuntu noble-security/universe amd64 Packages [1530 kB]
2026-09-13T07:02:31.8658646Z #5 2.252 Get:17 http://security.ubuntu.com/ubuntu noble-security/multiverse amd64 Packages [50.0 kB]
2026-09-13T07:02:32.0209805Z #5 2.257 Get:18 http://security.ubuntu.com/ubuntu noble-security/restricted amd64 Packages [1796 kB]
2026-09-13T07:02:32.1267790Z #5 2.512 Get:19 http://security.ubuntu.com/ubuntu noble-security/main amd64 Packages [1242 kB]
2026-09-13T07:02:32.2445788Z #5 2.631 Fetched 32.6 MB in 2s (15.2 MB/s)
2026-09-13T07:02:33.0508883Z #5 2.631 Reading package lists...
2026-09-13T07:02:33.8534833Z #5 3.456 Reading package lists...
2026-09-13T07:02:34.0656740Z #5 4.250 Building dependency tree...
2026-09-13T07:02:34.0657441Z #5 4.452 Reading state information...
2026-09-13T07:02:34.2767544Z #5 4.663 The following additional packages will be installed:
2026-09-13T07:02:34.2768960Z #5 4.663   binutils binutils-common binutils-x86-64-linux-gnu cpp cpp-13
2026-09-13T07:02:34.2770176Z #5 4.663   cpp-13-x86-64-linux-gnu cpp-x86-64-linux-gnu gcc-13 gcc-13-base
2026-09-13T07:02:34.5164079Z #5 4.663   gcc-13-x86-64-linux-gnu gcc-x86-64-linux-gnu libasan8 libatomic1 libbinutils
2026-09-13T07:02:34.5164846Z #5 4.663   libc-bin libc-dev-bin libc6 libcc1-0 libcrypt-dev libctf-nobfd0 libctf0
2026-09-13T07:02:34.5165544Z #5 4.664   libgcc-13-dev libgomp1 libgprofng0 libhwasan0 libisl23 libitm1 libjansson4
2026-09-13T07:02:34.5166466Z #5 4.664   liblsan0 libmpc3 libmpfr6 libquadmath0 libsframe1 libtsan2 libubsan1
2026-09-13T07:02:34.5166978Z #5 4.664   linux-libc-dev openssl rpcsvc-proto
2026-09-13T07:02:34.5167334Z #5 4.665 Suggested packages:
2026-09-13T07:02:34.5167812Z #5 4.665   binutils-doc gprofng-gui cpp-doc gcc-13-locales cpp-13-doc gcc-multilib make
2026-09-13T07:02:34.5168434Z #5 4.665   manpages-dev autoconf automake libtool flex bison gdb gcc-doc
2026-09-13T07:02:34.5169031Z #5 4.665   gcc-13-multilib gcc-13-doc gdb-x86-64-linux-gnu manpages glibc-doc locales
2026-09-13T07:02:34.5169525Z #5 4.665   libnss-nis libnss-nisplus
2026-09-13T07:02:34.5169837Z #5 4.665 Recommended packages:
2026-09-13T07:02:34.5170155Z #5 4.665   manpages manpages-dev libc-devtools
2026-09-13T07:02:34.5170548Z #5 4.749 The following NEW packages will be installed:
2026-09-13T07:02:34.5171085Z #5 4.749   binutils binutils-common binutils-x86-64-linux-gnu ca-certificates cpp
2026-09-13T07:02:34.5172253Z #5 4.749   cpp-13 cpp-13-x86-64-linux-gnu cpp-x86-64-linux-gnu gcc gcc-13 gcc-13-base
2026-09-13T07:02:34.5173117Z #5 4.750   gcc-13-x86-64-linux-gnu gcc-x86-64-linux-gnu libasan8 libatomic1 libbinutils
2026-09-13T07:02:34.5174061Z #5 4.750   libc-dev-bin libc6-dev libcc1-0 libcrypt-dev libctf-nobfd0 libctf0
2026-09-13T07:02:34.5174875Z #5 4.751   libgcc-13-dev libgomp1 libgprofng0 libhwasan0 libisl23 libitm1 libjansson4
2026-09-13T07:02:34.5175834Z #5 4.751   liblsan0 libmpc3 libmpfr6 libquadmath0 libsframe1 libtsan2 libubsan1
2026-09-13T07:02:34.5176902Z #5 4.751   linux-libc-dev openssl rpcsvc-proto
2026-09-13T07:02:34.5177425Z #5 4.752 The following packages will be upgraded:
2026-09-13T07:02:34.5177814Z #5 4.752   libc-bin libc6
2026-09-13T07:02:34.7944786Z #5 5.181 2 upgraded, 39 newly installed, 0 to remove and 1 not upgraded.
2026-09-13T07:02:34.7945350Z #5 5.181 Need to get 59.8 MB of archives.
2026-09-13T07:02:34.7946146Z #5 5.181 After this operation, 193 MB of additional disk space will be used.
2026-09-13T07:02:34.7947033Z #5 5.181 Get:1 http://archive.ubuntu.com/ubuntu noble-updates/main amd64 libc6 amd64 2.39-0ubuntu8.9 [3264 kB]
2026-09-13T07:02:36.6757145Z #5 7.062 Get:2 http://archive.ubuntu.com/ubuntu noble-updates/main amd64 libc-bin amd64 2.39-0ubuntu8.9 [682 kB]
2026-09-13T07:02:36.8352898Z #5 7.100 Get:3 http://archive.ubuntu.com/ubuntu noble-updates/main amd64 openssl amd64 3.0.13-0ubuntu3.15 [1003 kB]
2026-09-13T07:02:36.8353939Z #5 7.157 Get:4 http://archive.ubuntu.com/ubuntu noble-updates/main amd64 ca-certificates all 20260601~24.04.1 [139 kB]
2026-09-13T07:02:36.8354855Z #5 7.221 Get:5 http://archive.ubuntu.com/ubuntu noble/main amd64 libjansson4 amd64 2.14-2build2 [32.8 kB]
2026-09-13T07:02:36.9921898Z #5 7.223 Get:6 http://archive.ubuntu.com/ubuntu noble-updates/main amd64 binutils-common amd64 2.42-4ubuntu2.10 [240 kB]
2026-09-13T07:02:36.9923412Z #5 7.237 Get:7 http://archive.ubuntu.com/ubuntu noble-updates/main amd64 libsframe1 amd64 2.42-4ubuntu2.10 [15.7 kB]
2026-09-13T07:02:36.9924369Z #5 7.238 Get:8 http://archive.ubuntu.com/ubuntu noble-updates/main amd64 libbinutils amd64 2.42-4ubuntu2.10 [577 kB]
2026-09-13T07:02:36.9925310Z #5 7.272 Get:9 http://archive.ubuntu.com/ubuntu noble-updates/main amd64 libctf-nobfd0 amd64 2.42-4ubuntu2.10 [98.0 kB]
2026-09-13T07:02:36.9926569Z #5 7.277 Get:10 http://archive.ubuntu.com/ubuntu noble-updates/main amd64 libctf0 amd64 2.42-4ubuntu2.10 [94.5 kB]
2026-09-13T07:02:36.9927998Z #5 7.283 Get:11 http://archive.ubuntu.com/ubuntu noble-updates/main amd64 libgprofng0 amd64 2.42-4ubuntu2.10 [849 kB]
2026-09-13T07:02:36.9929491Z #5 7.379 Get:12 http://archive.ubuntu.com/ubuntu noble-updates/main amd64 binutils-x86-64-linux-gnu amd64 2.42-4ubuntu2.10 [2463 kB]
2026-09-13T07:02:37.1365514Z #5 7.456 Get:13 http://archive.ubuntu.com/ubuntu noble-updates/main amd64 binutils amd64 2.42-4ubuntu2.10 [18.2 kB]
2026-09-13T07:02:37.1366944Z #5 7.523 Get:14 http://archive.ubuntu.com/ubuntu noble-updates/main amd64 gcc-13-base amd64 13.3.0-6ubuntu2~24.04.1 [51.6 kB]
2026-09-13T07:02:37.3175663Z #5 7.524 Get:15 http://archive.ubuntu.com/ubuntu noble-updates/main amd64 libisl23 amd64 0.26-3build1.1 [680 kB]
2026-09-13T07:02:37.3177376Z #5 7.543 Get:16 http://archive.ubuntu.com/ubuntu noble-updates/main amd64 libmpfr6 amd64 4.2.1-1build1.1 [353 kB]
2026-09-13T07:02:37.3178766Z #5 7.553 Get:17 http://archive.ubuntu.com/ubuntu noble-updates/main amd64 libmpc3 amd64 1.3.1-1build1.1 [54.6 kB]
2026-09-13T07:02:37.3180109Z #5 7.554 Get:18 http://archive.ubuntu.com/ubuntu noble-updates/main amd64 cpp-13-x86-64-linux-gnu amd64 13.3.0-6ubuntu2~24.04.1 [10.7 MB]
2026-09-13T07:02:37.4854188Z #5 7.872 Get:19 http://archive.ubuntu.com/ubuntu noble-updates/main amd64 cpp-13 amd64 13.3.0-6ubuntu2~24.04.1 [1042 B]
2026-09-13T07:02:37.6401816Z #5 7.872 Get:20 http://archive.ubuntu.com/ubuntu noble/main amd64 cpp-x86-64-linux-gnu amd64 4:13.2.0-7ubuntu1 [5326 B]
2026-09-13T07:02:37.6403326Z #5 7.873 Get:21 http://archive.ubuntu.com/ubuntu noble/main amd64 cpp amd64 4:13.2.0-7ubuntu1 [22.4 kB]
2026-09-13T07:02:37.6404914Z #5 7.873 Get:22 http://archive.ubuntu.com/ubuntu noble-updates/main amd64 libcc1-0 amd64 14.2.0-4ubuntu2~24.04.1 [48.0 kB]
2026-09-13T07:02:37.6406555Z #5 7.874 Get:23 http://archive.ubuntu.com/ubuntu noble-updates/main amd64 libgomp1 amd64 14.2.0-4ubuntu2~24.04.1 [148 kB]
2026-09-13T07:02:37.6407826Z #5 7.875 Get:24 http://archive.ubuntu.com/ubuntu noble-updates/main amd64 libitm1 amd64 14.2.0-4ubuntu2~24.04.1 [29.7 kB]
2026-09-13T07:02:37.6409093Z #5 7.875 Get:25 http://archive.ubuntu.com/ubuntu noble-updates/main amd64 libatomic1 amd64 14.2.0-4ubuntu2~24.04.1 [10.5 kB]
2026-09-13T07:02:37.6410456Z #5 7.876 Get:26 http://archive.ubuntu.com/ubuntu noble-updates/main amd64 libasan8 amd64 14.2.0-4ubuntu2~24.04.1 [3027 kB]
2026-09-13T07:02:37.6411778Z #5 7.916 Get:27 http://archive.ubuntu.com/ubuntu noble-updates/main amd64 liblsan0 amd64 14.2.0-4ubuntu2~24.04.1 [1322 kB]
2026-09-13T07:02:37.6413002Z #5 8.026 Get:28 http://archive.ubuntu.com/ubuntu noble-updates/main amd64 libtsan2 amd64 14.2.0-4ubuntu2~24.04.1 [2772 kB]
2026-09-13T07:02:37.7935738Z #5 8.050 Get:29 http://archive.ubuntu.com/ubuntu noble-updates/main amd64 libubsan1 amd64 14.2.0-4ubuntu2~24.04.1 [1184 kB]
2026-09-13T07:02:37.7937954Z #5 8.059 Get:30 http://archive.ubuntu.com/ubuntu noble-updates/main amd64 libhwasan0 amd64 14.2.0-4ubuntu2~24.04.1 [1641 kB]
2026-09-13T07:02:37.7939474Z #5 8.180 Get:31 http://archive.ubuntu.com/ubuntu noble-updates/main amd64 libquadmath0 amd64 14.2.0-4ubuntu2~24.04.1 [153 kB]
2026-09-13T07:02:37.9660760Z #5 8.182 Get:32 http://archive.ubuntu.com/ubuntu noble-updates/main amd64 libgcc-13-dev amd64 13.3.0-6ubuntu2~24.04.1 [2681 kB]
2026-09-13T07:02:37.9661877Z #5 8.202 Get:33 http://archive.ubuntu.com/ubuntu noble-updates/main amd64 gcc-13-x86-64-linux-gnu amd64 13.3.0-6ubuntu2~24.04.1 [21.1 MB]
2026-09-13T07:02:38.0289214Z #5 8.415 Get:34 http://archive.ubuntu.com/ubuntu noble-updates/main amd64 gcc-13 amd64 13.3.0-6ubuntu2~24.04.1 [494 kB]
2026-09-13T07:02:38.2367223Z #5 8.419 Get:35 http://archive.ubuntu.com/ubuntu noble/main amd64 gcc-x86-64-linux-gnu amd64 4:13.2.0-7ubuntu1 [1212 B]
2026-09-13T07:02:38.2368605Z #5 8.421 Get:36 http://archive.ubuntu.com/ubuntu noble/main amd64 gcc amd64 4:13.2.0-7ubuntu1 [5018 B]
2026-09-13T07:02:38.2369532Z #5 8.421 Get:37 http://archive.ubuntu.com/ubuntu noble-updates/main amd64 libc-dev-bin amd64 2.39-0ubuntu8.9 [20.4 kB]
2026-09-13T07:02:38.2370457Z #5 8.421 Get:38 http://archive.ubuntu.com/ubuntu noble-updates/main amd64 linux-libc-dev amd64 6.8.0-139.139 [1527 kB]
2026-09-13T07:02:38.2371341Z #5 8.431 Get:39 http://archive.ubuntu.com/ubuntu noble/main amd64 libcrypt-dev amd64 1:4.4.36-4build1 [112 kB]
2026-09-13T07:02:38.2372196Z #5 8.431 Get:40 http://archive.ubuntu.com/ubuntu noble/main amd64 rpcsvc-proto amd64 1.4.2-0ubuntu7 [67.4 kB]
2026-09-13T07:02:38.2373128Z #5 8.487 Get:41 http://archive.ubuntu.com/ubuntu noble-updates/main amd64 libc6-dev amd64 2.39-0ubuntu8.9 [2126 kB]
2026-09-13T07:02:38.2373957Z #5 8.623 debconf: delaying package configuration, since apt-utils is not installed
2026-09-13T07:02:38.3532156Z #5 8.652 Fetched 59.8 MB in 4s (16.0 MB/s)
2026-09-13T07:02:38.3532719Z #5 8.668 (Reading database ... 
2026-09-13T07:02:38.3532996Z (Reading database ... 5%
2026-09-13T07:02:38.3533247Z (Reading database ... 10%
2026-09-13T07:02:38.3533528Z (Reading database ... 15%
2026-09-13T07:02:38.3533778Z (Reading database ... 20%
2026-09-13T07:02:38.3534011Z (Reading database ... 25%
2026-09-13T07:02:38.3534245Z (Reading database ... 30%
2026-09-13T07:02:38.3534476Z (Reading database ... 35%
2026-09-13T07:02:38.3534704Z (Reading database ... 40%
2026-09-13T07:02:38.3534935Z (Reading database ... 45%
2026-09-13T07:02:38.3535162Z (Reading database ... 50%
2026-09-13T07:02:38.3535400Z (Reading database ... 55%
2026-09-13T07:02:38.3535632Z (Reading database ... 60%
2026-09-13T07:02:38.3536152Z (Reading database ... 65%
2026-09-13T07:02:38.3536410Z (Reading database ... 70%
2026-09-13T07:02:38.3537027Z (Reading database ... 75%
2026-09-13T07:02:38.3537266Z (Reading database ... 80%
2026-09-13T07:02:38.3537499Z (Reading database ... 85%
2026-09-13T07:02:38.3537729Z (Reading database ... 90%
2026-09-13T07:02:38.3537945Z (Reading database ... 95%
2026-09-13T07:02:38.3538164Z (Reading database ... 100%
2026-09-13T07:02:38.3538506Z (Reading database ... 4381 files and directories currently installed.)
2026-09-13T07:02:38.3538978Z #5 8.674 Preparing to unpack .../libc6_2.39-0ubuntu8.9_amd64.deb ...
2026-09-13T07:02:38.3539381Z #5 8.739 debconf: unable to initialize frontend: Dialog
2026-09-13T07:02:38.3539785Z #5 8.739 debconf: (TERM is not set, so the dialog frontend is not usable.)
2026-09-13T07:02:38.3540186Z #5 8.739 debconf: falling back to frontend: Readline
2026-09-13T07:02:38.5394431Z #5 8.740 debconf: unable to initialize frontend: Readline
2026-09-13T07:02:38.5401717Z #5 8.740 debconf: (Can't locate Term/ReadLine.pm in @INC (you may need to install the Term::ReadLine module) (@INC entries checked: /etc/perl /usr/local/lib/x86_64-linux-gnu/perl/5.38.2 /usr/local/share/perl/5.38.2 /usr/lib/x86_64-linux-gnu/perl5/5.38 /usr/share/perl5 /usr/lib/x86_64-linux-gnu/perl-base /usr/lib/x86_64-linux-gnu/perl/5.38 /usr/share/perl/5.38 /usr/local/lib/site_perl) at /usr/share/perl5/Debconf/FrontEnd/Readline.pm line 8.)
2026-09-13T07:02:38.5403915Z #5 8.740 debconf: falling back to frontend: Teletype
2026-09-13T07:02:38.5404399Z #5 8.775 Unpacking libc6:amd64 (2.39-0ubuntu8.9) over (2.39-0ubuntu8.8) ...
2026-09-13T07:02:38.7035106Z #5 9.090 Setting up libc6:amd64 (2.39-0ubuntu8.9) ...
2026-09-13T07:02:38.9158605Z #5 9.151 debconf: unable to initialize frontend: Dialog
2026-09-13T07:02:38.9159313Z #5 9.151 debconf: (TERM is not set, so the dialog frontend is not usable.)
2026-09-13T07:02:38.9159827Z #5 9.151 debconf: falling back to frontend: Readline
2026-09-13T07:02:38.9160252Z #5 9.152 debconf: unable to initialize frontend: Readline
2026-09-13T07:02:38.9162386Z #5 9.152 debconf: (Can't locate Term/ReadLine.pm in @INC (you may need to install the Term::ReadLine module) (@INC entries checked: /etc/perl /usr/local/lib/x86_64-linux-gnu/perl/5.38.2 /usr/local/share/perl/5.38.2 /usr/lib/x86_64-linux-gnu/perl5/5.38 /usr/share/perl5 /usr/lib/x86_64-linux-gnu/perl-base /usr/lib/x86_64-linux-gnu/perl/5.38 /usr/share/perl/5.38 /usr/local/lib/site_perl) at /usr/share/perl5/Debconf/FrontEnd/Readline.pm line 8.)
2026-09-13T07:02:38.9164434Z #5 9.152 debconf: falling back to frontend: Teletype
2026-09-13T07:02:39.9047272Z #5 10.19 (Reading database ... 
2026-09-13T07:02:39.9049547Z (Reading database ... 5%
2026-09-13T07:02:39.9049819Z (Reading database ... 10%
2026-09-13T07:02:39.9050287Z (Reading database ... 15%
2026-09-13T07:02:39.9050632Z (Reading database ... 20%
2026-09-13T07:02:39.9051037Z (Reading database ... 25%
2026-09-13T07:02:39.9051261Z (Reading database ... 30%
2026-09-13T07:02:39.9051483Z (Reading database ... 35%
2026-09-13T07:02:39.9051789Z (Reading database ... 40%
2026-09-13T07:02:39.9052080Z (Reading database ... 45%
2026-09-13T07:02:39.9052297Z (Reading database ... 50%
2026-09-13T07:02:39.9052512Z (Reading database ... 55%
2026-09-13T07:02:39.9052733Z (Reading database ... 60%
2026-09-13T07:02:39.9052949Z (Reading database ... 65%
2026-09-13T07:02:39.9053175Z (Reading database ... 70%
2026-09-13T07:02:39.9053505Z (Reading database ... 75%
2026-09-13T07:02:39.9053861Z (Reading database ... 80%
2026-09-13T07:02:39.9054286Z (Reading database ... 85%
2026-09-13T07:02:39.9054709Z (Reading database ... 90%
2026-09-13T07:02:39.9055130Z (Reading database ... 95%
2026-09-13T07:02:39.9055476Z (Reading database ... 100%
2026-09-13T07:02:39.9056234Z (Reading database ... 4381 files and directories currently installed.)
2026-09-13T07:02:39.9056826Z #5 10.20 Preparing to unpack .../libc-bin_2.39-0ubuntu8.9_amd64.deb ...
2026-09-13T07:02:39.9057550Z #5 10.20 Unpacking libc-bin (2.39-0ubuntu8.9) over (2.39-0ubuntu8.8) ...
2026-09-13T07:02:39.9058288Z #5 10.25 Setting up libc-bin (2.39-0ubuntu8.9) ...
2026-09-13T07:02:39.9058960Z #5 10.29 Selecting previously unselected package openssl.
2026-09-13T07:02:39.9059464Z #5 10.29 (Reading database ... 
2026-09-13T07:02:39.9059728Z (Reading database ... 5%
2026-09-13T07:02:39.9059964Z (Reading database ... 10%
2026-09-13T07:02:39.9060185Z (Reading database ... 15%
2026-09-13T07:02:39.9060458Z (Reading database ... 20%
2026-09-13T07:02:39.9060832Z (Reading database ... 25%
2026-09-13T07:02:39.9061059Z (Reading database ... 30%
2026-09-13T07:02:39.9061280Z (Reading database ... 35%
2026-09-13T07:02:39.9061495Z (Reading database ... 40%
2026-09-13T07:02:39.9061800Z (Reading database ... 45%
2026-09-13T07:02:39.9062091Z (Reading database ... 50%
2026-09-13T07:02:39.9062308Z (Reading database ... 55%
2026-09-13T07:02:39.9062526Z (Reading database ... 60%
2026-09-13T07:02:39.9062748Z (Reading database ... 65%
2026-09-13T07:02:39.9063101Z (Reading database ... 70%
2026-09-13T07:02:39.9063395Z (Reading database ... 75%
2026-09-13T07:02:40.0053197Z (Reading database ... 80%
2026-09-13T07:02:40.0053978Z (Reading database ... 85%
2026-09-13T07:02:40.0054679Z (Reading database ... 90%
2026-09-13T07:02:40.0055440Z (Reading database ... 95%
2026-09-13T07:02:40.0056337Z (Reading database ... 100%
2026-09-13T07:02:40.0057199Z (Reading database ... 4381 files and directories currently installed.)
2026-09-13T07:02:40.0058629Z #5 10.29 Preparing to unpack .../00-openssl_3.0.13-0ubuntu3.15_amd64.deb ...
2026-09-13T07:02:40.0059632Z #5 10.29 Unpacking openssl (3.0.13-0ubuntu3.15) ...
2026-09-13T07:02:40.0060504Z #5 10.33 Selecting previously unselected package ca-certificates.
2026-09-13T07:02:40.0061501Z #5 10.33 Preparing to unpack .../01-ca-certificates_20260601~24.04.1_all.deb ...
2026-09-13T07:02:40.0062505Z #5 10.33 Unpacking ca-certificates (20260601~24.04.1) ...
2026-09-13T07:02:40.0063397Z #5 10.37 Selecting previously unselected package libjansson4:amd64.
2026-09-13T07:02:40.0064398Z #5 10.37 Preparing to unpack .../02-libjansson4_2.14-2build2_amd64.deb ...
2026-09-13T07:02:40.0065310Z #5 10.38 Unpacking libjansson4:amd64 (2.14-2build2) ...
2026-09-13T07:02:40.0066478Z #5 10.39 Selecting previously unselected package binutils-common:amd64.
2026-09-13T07:02:40.0067589Z #5 10.39 Preparing to unpack .../03-binutils-common_2.42-4ubuntu2.10_amd64.deb ...
2026-09-13T07:02:40.0068614Z #5 10.39 Unpacking binutils-common:amd64 (2.42-4ubuntu2.10) ...
2026-09-13T07:02:40.1257603Z #5 10.41 Selecting previously unselected package libsframe1:amd64.
2026-09-13T07:02:40.1258419Z #5 10.41 Preparing to unpack .../04-libsframe1_2.42-4ubuntu2.10_amd64.deb ...
2026-09-13T07:02:40.1259141Z #5 10.41 Unpacking libsframe1:amd64 (2.42-4ubuntu2.10) ...
2026-09-13T07:02:40.1259619Z #5 10.42 Selecting previously unselected package libbinutils:amd64.
2026-09-13T07:02:40.1260092Z #5 10.43 Preparing to unpack .../05-libbinutils_2.42-4ubuntu2.10_amd64.deb ...
2026-09-13T07:02:40.1260520Z #5 10.43 Unpacking libbinutils:amd64 (2.42-4ubuntu2.10) ...
2026-09-13T07:02:40.1260922Z #5 10.45 Selecting previously unselected package libctf-nobfd0:amd64.
2026-09-13T07:02:40.1261415Z #5 10.45 Preparing to unpack .../06-libctf-nobfd0_2.42-4ubuntu2.10_amd64.deb ...
2026-09-13T07:02:40.1261869Z #5 10.45 Unpacking libctf-nobfd0:amd64 (2.42-4ubuntu2.10) ...
2026-09-13T07:02:40.1262260Z #5 10.47 Selecting previously unselected package libctf0:amd64.
2026-09-13T07:02:40.1262693Z #5 10.47 Preparing to unpack .../07-libctf0_2.42-4ubuntu2.10_amd64.deb ...
2026-09-13T07:02:40.1263099Z #5 10.47 Unpacking libctf0:amd64 (2.42-4ubuntu2.10) ...
2026-09-13T07:02:40.1263498Z #5 10.49 Selecting previously unselected package libgprofng0:amd64.
2026-09-13T07:02:40.1263983Z #5 10.49 Preparing to unpack .../08-libgprofng0_2.42-4ubuntu2.10_amd64.deb ...
2026-09-13T07:02:40.1264438Z #5 10.49 Unpacking libgprofng0:amd64 (2.42-4ubuntu2.10) ...
2026-09-13T07:02:40.1264881Z #5 10.51 Selecting previously unselected package binutils-x86-64-linux-gnu.
2026-09-13T07:02:40.2267912Z #5 10.51 Preparing to unpack .../09-binutils-x86-64-linux-gnu_2.42-4ubuntu2.10_amd64.deb ...
2026-09-13T07:02:40.2269395Z #5 10.52 Unpacking binutils-x86-64-linux-gnu (2.42-4ubuntu2.10) ...
2026-09-13T07:02:40.2270210Z #5 10.59 Selecting previously unselected package binutils.
2026-09-13T07:02:40.2271001Z #5 10.60 Preparing to unpack .../10-binutils_2.42-4ubuntu2.10_amd64.deb ...
2026-09-13T07:02:40.2271704Z #5 10.60 Unpacking binutils (2.42-4ubuntu2.10) ...
2026-09-13T07:02:40.2272378Z #5 10.61 Selecting previously unselected package gcc-13-base:amd64.
2026-09-13T07:02:40.4354526Z #5 10.62 Preparing to unpack .../11-gcc-13-base_13.3.0-6ubuntu2~24.04.1_amd64.deb ...
2026-09-13T07:02:40.4355675Z #5 10.62 Unpacking gcc-13-base:amd64 (13.3.0-6ubuntu2~24.04.1) ...
2026-09-13T07:02:40.4357056Z #5 10.63 Selecting previously unselected package libisl23:amd64.
2026-09-13T07:02:40.4358011Z #5 10.63 Preparing to unpack .../12-libisl23_0.26-3build1.1_amd64.deb ...
2026-09-13T07:02:40.4358886Z #5 10.63 Unpacking libisl23:amd64 (0.26-3build1.1) ...
2026-09-13T07:02:40.4359777Z #5 10.66 Selecting previously unselected package libmpfr6:amd64.
2026-09-13T07:02:40.4360574Z #5 10.66 Preparing to unpack .../13-libmpfr6_4.2.1-1build1.1_amd64.deb ...
2026-09-13T07:02:40.4361263Z #5 10.66 Unpacking libmpfr6:amd64 (4.2.1-1build1.1) ...
2026-09-13T07:02:40.4361926Z #5 10.68 Selecting previously unselected package libmpc3:amd64.
2026-09-13T07:02:40.4362970Z #5 10.68 Preparing to unpack .../14-libmpc3_1.3.1-1build1.1_amd64.deb ...
2026-09-13T07:02:40.4363686Z #5 10.68 Unpacking libmpc3:amd64 (1.3.1-1build1.1) ...
2026-09-13T07:02:40.4364375Z #5 10.69 Selecting previously unselected package cpp-13-x86-64-linux-gnu.
2026-09-13T07:02:40.4365260Z #5 10.69 Preparing to unpack .../15-cpp-13-x86-64-linux-gnu_13.3.0-6ubuntu2~24.04.1_amd64.deb ...
2026-09-13T07:02:40.4366388Z #5 10.70 Unpacking cpp-13-x86-64-linux-gnu (13.3.0-6ubuntu2~24.04.1) ...
2026-09-13T07:02:40.4366853Z #5 10.82 Selecting previously unselected package cpp-13.
2026-09-13T07:02:40.5495264Z #5 10.82 Preparing to unpack .../16-cpp-13_13.3.0-6ubuntu2~24.04.1_amd64.deb ...
2026-09-13T07:02:40.5495778Z #5 10.82 Unpacking cpp-13 (13.3.0-6ubuntu2~24.04.1) ...
2026-09-13T07:02:40.5496616Z #5 10.84 Selecting previously unselected package cpp-x86-64-linux-gnu.
2026-09-13T07:02:40.5497408Z #5 10.84 Preparing to unpack .../17-cpp-x86-64-linux-gnu_4%3a13.2.0-7ubuntu1_amd64.deb ...
2026-09-13T07:02:40.5497927Z #5 10.87 Unpacking cpp-x86-64-linux-gnu (4:13.2.0-7ubuntu1) ...
2026-09-13T07:02:40.5498307Z #5 10.88 Selecting previously unselected package cpp.
2026-09-13T07:02:40.5498716Z #5 10.88 Preparing to unpack .../18-cpp_4%3a13.2.0-7ubuntu1_amd64.deb ...
2026-09-13T07:02:40.5499104Z #5 10.89 Unpacking cpp (4:13.2.0-7ubuntu1) ...
2026-09-13T07:02:40.5499473Z #5 10.90 Selecting previously unselected package libcc1-0:amd64.
2026-09-13T07:02:40.5499931Z #5 10.90 Preparing to unpack .../19-libcc1-0_14.2.0-4ubuntu2~24.04.1_amd64.deb ...
2026-09-13T07:02:40.5500377Z #5 10.90 Unpacking libcc1-0:amd64 (14.2.0-4ubuntu2~24.04.1) ...
2026-09-13T07:02:40.5500774Z #5 10.92 Selecting previously unselected package libgomp1:amd64.
2026-09-13T07:02:40.5501225Z #5 10.92 Preparing to unpack .../20-libgomp1_14.2.0-4ubuntu2~24.04.1_amd64.deb ...
2026-09-13T07:02:40.5501663Z #5 10.92 Unpacking libgomp1:amd64 (14.2.0-4ubuntu2~24.04.1) ...
2026-09-13T07:02:40.5502046Z #5 10.94 Selecting previously unselected package libitm1:amd64.
2026-09-13T07:02:40.6656397Z #5 10.94 Preparing to unpack .../21-libitm1_14.2.0-4ubuntu2~24.04.1_amd64.deb ...
2026-09-13T07:02:40.6657438Z #5 10.94 Unpacking libitm1:amd64 (14.2.0-4ubuntu2~24.04.1) ...
2026-09-13T07:02:40.6657925Z #5 10.95 Selecting previously unselected package libatomic1:amd64.
2026-09-13T07:02:40.6658477Z #5 10.95 Preparing to unpack .../22-libatomic1_14.2.0-4ubuntu2~24.04.1_amd64.deb ...
2026-09-13T07:02:40.6659002Z #5 10.95 Unpacking libatomic1:amd64 (14.2.0-4ubuntu2~24.04.1) ...
2026-09-13T07:02:40.6659456Z #5 10.97 Selecting previously unselected package libasan8:amd64.
2026-09-13T07:02:40.6659960Z #5 10.97 Preparing to unpack .../23-libasan8_14.2.0-4ubuntu2~24.04.1_amd64.deb ...
2026-09-13T07:02:40.6660737Z #5 10.97 Unpacking libasan8:amd64 (14.2.0-4ubuntu2~24.04.1) ...
2026-09-13T07:02:40.6661164Z #5 11.02 Selecting previously unselected package liblsan0:amd64.
2026-09-13T07:02:40.6661625Z #5 11.02 Preparing to unpack .../24-liblsan0_14.2.0-4ubuntu2~24.04.1_amd64.deb ...
2026-09-13T07:02:40.6662087Z #5 11.02 Unpacking liblsan0:amd64 (14.2.0-4ubuntu2~24.04.1) ...
2026-09-13T07:02:40.6662490Z #5 11.05 Selecting previously unselected package libtsan2:amd64.
2026-09-13T07:02:40.7857676Z #5 11.05 Preparing to unpack .../25-libtsan2_14.2.0-4ubuntu2~24.04.1_amd64.deb ...
2026-09-13T07:02:40.7858372Z #5 11.05 Unpacking libtsan2:amd64 (14.2.0-4ubuntu2~24.04.1) ...
2026-09-13T07:02:40.7858902Z #5 11.10 Selecting previously unselected package libubsan1:amd64.
2026-09-13T07:02:40.7859488Z #5 11.10 Preparing to unpack .../26-libubsan1_14.2.0-4ubuntu2~24.04.1_amd64.deb ...
2026-09-13T07:02:40.7860046Z #5 11.10 Unpacking libubsan1:amd64 (14.2.0-4ubuntu2~24.04.1) ...
2026-09-13T07:02:40.7860574Z #5 11.13 Selecting previously unselected package libhwasan0:amd64.
2026-09-13T07:02:40.7861129Z #5 11.13 Preparing to unpack .../27-libhwasan0_14.2.0-4ubuntu2~24.04.1_amd64.deb ...
2026-09-13T07:02:40.7861671Z #5 11.13 Unpacking libhwasan0:amd64 (14.2.0-4ubuntu2~24.04.1) ...
2026-09-13T07:02:40.7862454Z #5 11.17 Selecting previously unselected package libquadmath0:amd64.
2026-09-13T07:02:40.8936809Z #5 11.17 Preparing to unpack .../28-libquadmath0_14.2.0-4ubuntu2~24.04.1_amd64.deb ...
2026-09-13T07:02:40.8937995Z #5 11.17 Unpacking libquadmath0:amd64 (14.2.0-4ubuntu2~24.04.1) ...
2026-09-13T07:02:40.8938901Z #5 11.19 Selecting previously unselected package libgcc-13-dev:amd64.
2026-09-13T07:02:40.8939888Z #5 11.19 Preparing to unpack .../29-libgcc-13-dev_13.3.0-6ubuntu2~24.04.1_amd64.deb ...
2026-09-13T07:02:40.8940855Z #5 11.19 Unpacking libgcc-13-dev:amd64 (13.3.0-6ubuntu2~24.04.1) ...
2026-09-13T07:02:40.8941720Z #5 11.28 Selecting previously unselected package gcc-13-x86-64-linux-gnu.
2026-09-13T07:02:41.0498211Z #5 11.28 Preparing to unpack .../30-gcc-13-x86-64-linux-gnu_13.3.0-6ubuntu2~24.04.1_amd64.deb ...
2026-09-13T07:02:41.0499548Z #5 11.29 Unpacking gcc-13-x86-64-linux-gnu (13.3.0-6ubuntu2~24.04.1) ...
2026-09-13T07:02:41.1488062Z #5 11.54 Selecting previously unselected package gcc-13.
2026-09-13T07:02:41.3721707Z #5 11.54 Preparing to unpack .../31-gcc-13_13.3.0-6ubuntu2~24.04.1_amd64.deb ...
2026-09-13T07:02:41.3722290Z #5 11.54 Unpacking gcc-13 (13.3.0-6ubuntu2~24.04.1) ...
2026-09-13T07:02:41.3722789Z #5 11.55 Selecting previously unselected package gcc-x86-64-linux-gnu.
2026-09-13T07:02:41.3723408Z #5 11.56 Preparing to unpack .../32-gcc-x86-64-linux-gnu_4%3a13.2.0-7ubuntu1_amd64.deb ...
2026-09-13T07:02:41.3723987Z #5 11.56 Unpacking gcc-x86-64-linux-gnu (4:13.2.0-7ubuntu1) ...
2026-09-13T07:02:41.3724437Z #5 11.57 Selecting previously unselected package gcc.
2026-09-13T07:02:41.3724909Z #5 11.57 Preparing to unpack .../33-gcc_4%3a13.2.0-7ubuntu1_amd64.deb ...
2026-09-13T07:02:41.3725389Z #5 11.57 Unpacking gcc (4:13.2.0-7ubuntu1) ...
2026-09-13T07:02:41.3725809Z #5 11.59 Selecting previously unselected package libc-dev-bin.
2026-09-13T07:02:41.3726631Z #5 11.59 Preparing to unpack .../34-libc-dev-bin_2.39-0ubuntu8.9_amd64.deb ...
2026-09-13T07:02:41.3727130Z #5 11.59 Unpacking libc-dev-bin (2.39-0ubuntu8.9) ...
2026-09-13T07:02:41.3727612Z #5 11.61 Selecting previously unselected package linux-libc-dev:amd64.
2026-09-13T07:02:41.3728165Z #5 11.61 Preparing to unpack .../35-linux-libc-dev_6.8.0-139.139_amd64.deb ...
2026-09-13T07:02:41.3728743Z #5 11.61 Unpacking linux-libc-dev:amd64 (6.8.0-139.139) ...
2026-09-13T07:02:41.4121645Z #5 11.80 Selecting previously unselected package libcrypt-dev:amd64.
2026-09-13T07:02:41.6065187Z #5 11.80 Preparing to unpack .../36-libcrypt-dev_1%3a4.4.36-4build1_amd64.deb ...
2026-09-13T07:02:41.6066324Z #5 11.81 Unpacking libcrypt-dev:amd64 (1:4.4.36-4build1) ...
2026-09-13T07:02:41.6067139Z #5 11.82 Selecting previously unselected package rpcsvc-proto.
2026-09-13T07:02:41.6068485Z #5 11.82 Preparing to unpack .../37-rpcsvc-proto_1.4.2-0ubuntu7_amd64.deb ...
2026-09-13T07:02:41.6069327Z #5 11.82 Unpacking rpcsvc-proto (1.4.2-0ubuntu7) ...
2026-09-13T07:02:41.6069746Z #5 11.84 Selecting previously unselected package libc6-dev:amd64.
2026-09-13T07:02:41.6070213Z #5 11.84 Preparing to unpack .../38-libc6-dev_2.39-0ubuntu8.9_amd64.deb ...
2026-09-13T07:02:41.6070801Z #5 11.84 Unpacking libc6-dev:amd64 (2.39-0ubuntu8.9) ...
2026-09-13T07:02:41.6071183Z #5 11.99 Setting up binutils-common:amd64 (2.42-4ubuntu2.10) ...
2026-09-13T07:02:41.7539705Z #5 12.00 Setting up linux-libc-dev:amd64 (6.8.0-139.139) ...
2026-09-13T07:02:41.7540381Z #5 12.00 Setting up libctf-nobfd0:amd64 (2.42-4ubuntu2.10) ...
2026-09-13T07:02:41.7540823Z #5 12.00 Setting up libgomp1:amd64 (14.2.0-4ubuntu2~24.04.1) ...
2026-09-13T07:02:41.7541248Z #5 12.00 Setting up libsframe1:amd64 (2.42-4ubuntu2.10) ...
2026-09-13T07:02:41.7541657Z #5 12.01 Setting up libjansson4:amd64 (2.14-2build2) ...
2026-09-13T07:02:41.7542081Z #5 12.01 Setting up rpcsvc-proto (1.4.2-0ubuntu7) ...
2026-09-13T07:02:41.7542496Z #5 12.02 Setting up gcc-13-base:amd64 (13.3.0-6ubuntu2~24.04.1) ...
2026-09-13T07:02:41.7542917Z #5 12.03 Setting up libmpfr6:amd64 (4.2.1-1build1.1) ...
2026-09-13T07:02:41.7543335Z #5 12.03 Setting up libquadmath0:amd64 (14.2.0-4ubuntu2~24.04.1) ...
2026-09-13T07:02:41.7544303Z #5 12.03 Setting up libmpc3:amd64 (1.3.1-1build1.1) ...
2026-09-13T07:02:41.7544742Z #5 12.03 Setting up libatomic1:amd64 (14.2.0-4ubuntu2~24.04.1) ...
2026-09-13T07:02:41.7545177Z #5 12.04 Setting up libubsan1:amd64 (14.2.0-4ubuntu2~24.04.1) ...
2026-09-13T07:02:41.7545608Z #5 12.04 Setting up libhwasan0:amd64 (14.2.0-4ubuntu2~24.04.1) ...
2026-09-13T07:02:41.7547769Z #5 12.04 Setting up libcrypt-dev:amd64 (1:4.4.36-4build1) ...
2026-09-13T07:02:41.7549518Z #5 12.05 Setting up libasan8:amd64 (14.2.0-4ubuntu2~24.04.1) ...
2026-09-13T07:02:41.7550231Z #5 12.05 Setting up libtsan2:amd64 (14.2.0-4ubuntu2~24.04.1) ...
2026-09-13T07:02:41.7550913Z #5 12.05 Setting up libbinutils:amd64 (2.42-4ubuntu2.10) ...
2026-09-13T07:02:41.7551525Z #5 12.05 Setting up libisl23:amd64 (0.26-3build1.1) ...
2026-09-13T07:02:41.7551986Z #5 12.06 Setting up libc-dev-bin (2.39-0ubuntu8.9) ...
2026-09-13T07:02:41.7552347Z #5 12.06 Setting up openssl (3.0.13-0ubuntu3.15) ...
2026-09-13T07:02:41.7552722Z #5 12.06 Setting up libcc1-0:amd64 (14.2.0-4ubuntu2~24.04.1) ...
2026-09-13T07:02:41.7553103Z #5 12.07 Setting up liblsan0:amd64 (14.2.0-4ubuntu2~24.04.1) ...
2026-09-13T07:02:41.7553475Z #5 12.07 Setting up libitm1:amd64 (14.2.0-4ubuntu2~24.04.1) ...
2026-09-13T07:02:41.7553844Z #5 12.07 Setting up libctf0:amd64 (2.42-4ubuntu2.10) ...
2026-09-13T07:02:41.7554234Z #5 12.07 Setting up cpp-13-x86-64-linux-gnu (13.3.0-6ubuntu2~24.04.1) ...
2026-09-13T07:02:41.7554656Z #5 12.08 Setting up ca-certificates (20260601~24.04.1) ...
2026-09-13T07:02:41.7555010Z #5 12.14 debconf: unable to initialize frontend: Dialog
2026-09-13T07:02:41.7555417Z #5 12.14 debconf: (TERM is not set, so the dialog frontend is not usable.)
2026-09-13T07:02:41.7555814Z #5 12.14 debconf: falling back to frontend: Readline
2026-09-13T07:02:41.9055523Z #5 12.14 debconf: unable to initialize frontend: Readline
2026-09-13T07:02:41.9058852Z #5 12.14 debconf: (Can't locate Term/ReadLine.pm in @INC (you may need to install the Term::ReadLine module) (@INC entries checked: /etc/perl /usr/local/lib/x86_64-linux-gnu/perl/5.38.2 /usr/local/share/perl/5.38.2 /usr/lib/x86_64-linux-gnu/perl5/5.38 /usr/share/perl5 /usr/lib/x86_64-linux-gnu/perl-base /usr/lib/x86_64-linux-gnu/perl/5.38 /usr/share/perl/5.38 /usr/local/lib/site_perl) at /usr/share/perl5/Debconf/FrontEnd/Readline.pm line 8.)
2026-09-13T07:02:41.9061601Z #5 12.14 debconf: falling back to frontend: Teletype
2026-09-13T07:02:42.0621678Z #5 12.45 Updating certificates in /etc/ssl/certs...
2026-09-13T07:02:42.4893360Z #5 12.88 121 added, 0 removed; done.
2026-09-13T07:02:42.7191797Z #5 12.89 Setting up libgprofng0:amd64 (2.42-4ubuntu2.10) ...
2026-09-13T07:02:42.7192939Z #5 12.90 Setting up libgcc-13-dev:amd64 (13.3.0-6ubuntu2~24.04.1) ...
2026-09-13T07:02:42.7193655Z #5 12.90 Setting up libc6-dev:amd64 (2.39-0ubuntu8.9) ...
2026-09-13T07:02:42.7194454Z #5 12.90 Setting up binutils-x86-64-linux-gnu (2.42-4ubuntu2.10) ...
2026-09-13T07:02:42.7195216Z #5 12.91 Setting up cpp-x86-64-linux-gnu (4:13.2.0-7ubuntu1) ...
2026-09-13T07:02:42.7196129Z #5 12.91 Setting up cpp-13 (13.3.0-6ubuntu2~24.04.1) ...
2026-09-13T07:02:42.7196839Z #5 12.91 Setting up gcc-13-x86-64-linux-gnu (13.3.0-6ubuntu2~24.04.1) ...
2026-09-13T07:02:42.7197530Z #5 12.91 Setting up binutils (2.42-4ubuntu2.10) ...
2026-09-13T07:02:42.7198110Z #5 12.92 Setting up gcc-13 (13.3.0-6ubuntu2~24.04.1) ...
2026-09-13T07:02:42.7198674Z #5 12.92 Setting up cpp (4:13.2.0-7ubuntu1) ...
2026-09-13T07:02:42.7199278Z #5 12.93 Setting up gcc-x86-64-linux-gnu (4:13.2.0-7ubuntu1) ...
2026-09-13T07:02:42.7199896Z #5 12.93 Setting up gcc (4:13.2.0-7ubuntu1) ...
2026-09-13T07:02:42.7200535Z #5 12.94 Processing triggers for libc-bin (2.39-0ubuntu8.9) ...
2026-09-13T07:02:42.7201278Z #5 12.95 Processing triggers for ca-certificates (20260601~24.04.1) ...
2026-09-13T07:02:42.7201948Z #5 12.95 Updating certificates in /etc/ssl/certs...
2026-09-13T07:02:42.9045614Z #5 13.29 0 added, 0 removed; done.
2026-09-13T07:02:42.9046940Z #5 13.29 Running hooks in /etc/ca-certificates/update.d...
2026-09-13T07:02:43.0559611Z #5 13.29 done.
2026-09-13T07:02:43.6807567Z #5 DONE 14.1s
2026-09-13T07:02:43.8050574Z 
2026-09-13T07:02:43.8052652Z #6 [3/3] RUN for command in python python3 node nodejs; do       if command -v "$command"; then exit 1; fi;     done
2026-09-13T07:02:43.8054197Z #6 DONE 0.1s
2026-09-13T07:02:43.9568643Z 
2026-09-13T07:02:43.9587232Z #7 exporting to image
2026-09-13T07:02:43.9587541Z #7 exporting layers
2026-09-13T07:02:44.5837646Z #7 exporting layers 0.8s done
2026-09-13T07:02:44.6053384Z #7 writing image sha256:50f62ff95d6e2d2147e0431aff8ec349614ee28e6cece93080180058c2c7ff74 done
2026-09-13T07:02:44.6054505Z #7 naming to docker.io/library/sv-fila7-sin-interpretes done
2026-09-13T07:02:44.6055024Z #7 DONE 0.8s
2026-09-13T07:02:44.6055160Z 
2026-09-13T07:02:44.6055548Z  [33m1 warning found (use docker --debug to expand):
2026-09-13T07:02:44.6056985Z [0m - InvalidDefaultArgInFrom: Default value for ARG ${BASE_IMAGE} results in empty or invalid base image name (line 2)
2026-09-13T07:02:44.6288768Z ##[group]Run toolchain=$(dirname "$(dirname "$(rustup which --toolchain 1.98.0 rustc)")")
2026-09-13T07:02:44.6289941Z [36;1mtoolchain=$(dirname "$(dirname "$(rustup which --toolchain 1.98.0 rustc)")")[0m
2026-09-13T07:02:44.6290740Z [36;1mmkdir -p artifacts/fila7/ejecucion[0m
2026-09-13T07:02:44.6291832Z [36;1mdocker run --rm --network none --cap-drop ALL --security-opt no-new-privileges --read-only --tmpfs /tmp:rw,nosuid,size=128m \[0m
2026-09-13T07:02:44.6292942Z [36;1m  --user "$(id -u):$(id -g)" \[0m
2026-09-13T07:02:44.6293471Z [36;1m  -v "$toolchain:/opt/rust:ro" \[0m
2026-09-13T07:02:44.6294122Z [36;1m  -v "$PWD/artifacts/fila7/paquete/fuentes:/work:rw" \[0m
2026-09-13T07:02:44.6294681Z [36;1m  -v "$PWD/artifacts/fila7/ejecucion:/out:rw" \[0m
2026-09-13T07:02:44.6295141Z [36;1m  -v "$PWD/tests/row7_candidate/ejecutar_aislado.sh:/ejecutar.sh:ro" \[0m
2026-09-13T07:02:44.6295754Z [36;1m  sv-fila7-sin-interpretes /bin/bash /ejecutar.sh 2>&1 | tee artifacts/fila7/ejecucion.log[0m
2026-09-13T07:02:44.6333087Z shell: /usr/bin/bash --noprofile --norc -e -o pipefail {0}
2026-09-13T07:02:44.6333445Z ##[endgroup]
2026-09-13T07:02:44.8098487Z rustc 1.98.0 (88d9e12ae 2026-08-18)
2026-09-13T07:02:44.8143821Z cargo 1.98.0 (797e8a9bc 2026-08-05)
2026-09-13T07:02:44.8325183Z INTERPRETES_PYTHON_NODE_AUSENTES
2026-09-13T07:02:44.8729795Z    Compiling sv_core v0.1.0 (/work/rust/sv_core)
2026-09-13T07:02:44.9170799Z error: couldn't read `sv_core/src/../assets/manifiesto-sv.md`: No such file or directory (os error 2)
2026-09-13T07:02:44.9171763Z   --> sv_core/src/manifiesto.rs:10:5
2026-09-13T07:02:44.9172638Z    |
2026-09-13T07:02:44.9173021Z 10 |     include_str!("../assets/manifiesto-sv.md")
2026-09-13T07:02:44.9173555Z    |     ^^^^^^^^^^^^^^^^^^^^^^^^^^^^^^^^^^^^^^^^^^
2026-09-13T07:02:44.9173884Z 
2026-09-13T07:02:45.7587652Z error: could not compile `sv_core` (lib) due to 1 previous error
2026-09-13T07:02:45.8073664Z ##[error]Process completed with exit code 101.
2026-09-13T07:02:45.8156457Z Node 20 is being deprecated. This workflow is running with Node 24 by default. If you need to temporarily use Node 20, you can set the ACTIONS_ALLOW_USE_UNSECURE_NODE_VERSION=true environment variable. For more information see: https://github.blog/changelog/2025-09-19-deprecation-of-node-20-on-github-actions-runners/
2026-09-13T07:02:45.8158173Z ##[group]Run actions/upload-artifact@v4
2026-09-13T07:02:45.8158450Z with:
2026-09-13T07:02:45.8158670Z   name: fila7-candidata-sin-interpretes
2026-09-13T07:02:45.8158946Z   if-no-files-found: error
2026-09-13T07:02:45.8159178Z   retention-days: 90
2026-09-13T07:02:45.8159769Z   path: artifacts/fila7/*.txt
artifacts/fila7/*.json
artifacts/fila7/*.log
artifacts/fila7/paquete/fila7-fuentes.tar.gz*
artifacts/fila7/ejecucion/

2026-09-13T07:02:45.8160413Z   compression-level: 6
2026-09-13T07:02:45.8160805Z   overwrite: false
2026-09-13T07:02:45.8161037Z   include-hidden-files: false
2026-09-13T07:02:45.8161277Z ##[endgroup]
2026-09-13T07:02:45.9908558Z (node:5593) [DEP0040] DeprecationWarning: The `punycode` module is deprecated. Please use a userland alternative instead.
2026-09-13T07:02:45.9909773Z (Use `node --trace-deprecation ...` to show where the warning was created)
2026-09-13T07:02:46.0023895Z With the provided path, there will be 11 files uploaded
2026-09-13T07:02:46.0031253Z Artifact name is valid!
2026-09-13T07:02:46.0031969Z Root directory input is valid!
2026-09-13T07:02:46.2547598Z Beginning upload of artifact content to blob storage
2026-09-13T07:02:46.3004520Z (node:5593) [DEP0169] DeprecationWarning: `url.parse()` behavior is not standardized and prone to errors that have security implications. Use the WHATWG URL API instead. CVEs are not issued for `url.parse()` vulnerabilities.
2026-09-13T07:02:46.5049031Z Uploaded bytes 259896
2026-09-13T07:02:46.5403601Z Finished uploading artifact content to blob storage!
2026-09-13T07:02:46.5404705Z SHA256 digest of uploaded artifact zip is 29127691f802c24bbe9bf2e8e8c8a8f8104bc4ef6d99af8dd1b3a69a4359fef2
2026-09-13T07:02:46.5406427Z Finalizing artifact upload
2026-09-13T07:02:46.7372147Z Artifact fila7-candidata-sin-interpretes.zip successfully finalized. Artifact ID 10312533766
2026-09-13T07:02:46.7374045Z Artifact fila7-candidata-sin-interpretes has been successfully uploaded! Final size is 259896 bytes. Artifact ID is 10312533766
2026-09-13T07:02:46.7379819Z Artifact download URL: https://github.com/juantoniolloretegea/SV-lenguaje-de-computacion/actions/runs/34744228854/artifacts/10312533766
2026-09-13T07:02:46.7597436Z Node 20 is being deprecated. This workflow is running with Node 24 by default. If you need to temporarily use Node 20, you can set the ACTIONS_ALLOW_USE_UNSECURE_NODE_VERSION=true environment variable. For more information see: https://github.blog/changelog/2025-09-19-deprecation-of-node-20-on-github-actions-runners/
2026-09-13T07:02:46.7598756Z Post job cleanup.
2026-09-13T07:02:46.8525796Z [command]/usr/bin/git version
2026-09-13T07:02:46.8574680Z git version 2.55.0
2026-09-13T07:02:46.8616817Z Temporarily overriding HOME='/home/runner/work/_temp/cbba7b7d-ffa5-408e-84ef-e93c4adaedb8' before making global git config changes
2026-09-13T07:02:46.8618171Z Adding repository directory to the temporary git global config as a safe directory
2026-09-13T07:02:46.8623417Z [command]/usr/bin/git config --global --add safe.directory /home/runner/work/SV-lenguaje-de-computacion/SV-lenguaje-de-computacion
2026-09-13T07:02:46.8672675Z [command]/usr/bin/git config --local --name-only --get-regexp core\.sshCommand
2026-09-13T07:02:46.8718862Z [command]/usr/bin/git submodule foreach --recursive sh -c "git config --local --name-only --get-regexp 'core\.sshCommand' && git config --local --unset-all 'core.sshCommand' || :"
2026-09-13T07:02:46.8997453Z [command]/usr/bin/git config --local --name-only --get-regexp http\.https\:\/\/github\.com\/\.extraheader
2026-09-13T07:02:46.9031595Z http.https://github.com/.extraheader
2026-09-13T07:02:46.9044948Z [command]/usr/bin/git config --local --unset-all http.https://github.com/.extraheader
2026-09-13T07:02:46.9083027Z [command]/usr/bin/git submodule foreach --recursive sh -c "git config --local --name-only --get-regexp 'http\.https\:\/\/github\.com\/\.extraheader' && git config --local --unset-all 'http.https://github.com/.extraheader' || :"
2026-09-13T07:02:46.9367772Z [command]/usr/bin/git config --local --name-only --get-regexp ^includeIf\.gitdir:
2026-09-13T07:02:46.9415644Z [command]/usr/bin/git submodule foreach --recursive git config --local --show-origin --name-only --get-regexp remote.origin.url
2026-09-13T07:02:46.9834797Z Cleaning up orphan processes
2026-09-13T07:02:47.0286507Z ##[warning]Node.js 20 is deprecated. The following actions target Node.js 20 but are being forced to run on Node.js 24: actions/checkout@v4, actions/upload-artifact@v4. For more information see: https://github.blog/changelog/2025-09-19-deprecation-of-node-20-on-github-actions-runners/
