Conformidad SV VALID OK: admissibility_spec_states_permutados
Conformidad SV VALID OK: cell_basic
Conformidad SV VALID OK: compose_basic
Conformidad SV VALID OK: frame_cell_spec_compartida_valida
Conformidad SV VALID OK: gate_table
Conformidad SV VALID OK: identificadores_espanol
Conformidad SV VALID OK: output_semantics_independientes
Conformidad SV VALID OK: output_semantics_total_permutada
Conformidad SV VALID OK: query_context_all_variants
Conformidad SV VALID OK: resolve_projection
Conformidad SV VALID OK: supervise_systemtarget_valido
Conformidad SV VALID OK: supervise_targets
Conformidad SV VALID OK: trajectory_alternance_valid
Conformidad SV VALID OK: transition_data_events
Conformidad SV INVALID OK: admissibility_spec_estados_legacy
Conformidad SV INVALID OK: admissibility_spec_failed_legacy
Conformidad SV INVALID OK: admissibility_spec_u_legacy
Conformidad SV INVALID OK: admissibility_table_incompleta
Conformidad SV INVALID OK: admissibility_table_output_fuera_codominio
Conformidad SV INVALID OK: agent_architecture_mismatch
Conformidad SV INVALID OK: agent_arquitecturas_reales_distintas
Conformidad SV INVALID OK: bad_b_value
Conformidad SV INVALID OK: bridge_position_fuera_de_rango
Conformidad SV INVALID OK: cellstate_vector_length_mismatch
Conformidad SV INVALID OK: codomain_miembro_duplicado
Conformidad SV INVALID OK: compose_cycle_graph
Conformidad SV INVALID OK: compose_graph_tipo_incorrecto
Conformidad SV INVALID OK: compose_patterns_vacios
Conformidad SV INVALID OK: compose_relations_vacias
Conformidad SV INVALID OK: conector_mapping_incompleto
Conformidad SV INVALID OK: conector_target_no_ternario
Conformidad SV INVALID OK: connector_clave_repetida
Conformidad SV INVALID OK: coupledspec_puente_repetido
Conformidad SV INVALID OK: coupledstate_update_fuera_bridges
Conformidad SV INVALID OK: domain_chain_mismatch
Conformidad SV INVALID OK: domain_parametro_nominal_repetido
Conformidad SV INVALID OK: duplicate_identifier
Conformidad SV INVALID OK: edge_connector_source_codomain_mismatch
Conformidad SV INVALID OK: edge_connector_target_position_mismatch
Conformidad SV INVALID OK: edge_position_fuera_bridges
Conformidad SV INVALID OK: frame_architecture_tipo_incorrecto
Conformidad SV INVALID OK: frame_criticality_no_producible
Conformidad SV INVALID OK: frame_estado_arquitectura_ajena
Conformidad SV INVALID OK: frame_eval_duplicado
Conformidad SV INVALID OK: frame_eval_externo
Conformidad SV INVALID OK: frame_gate_input_externo
Conformidad SV INVALID OK: frame_supervision_externa
Conformidad SV INVALID OK: gate_codominio_posicional_incompatible_con_tabla
Conformidad SV INVALID OK: gate_input_no_evalresult
Conformidad SV INVALID OK: gate_numero_entradas_incompatible_con_tabla
Conformidad SV INVALID OK: gate_undeclared_input
Conformidad SV INVALID OK: graph_conflicts_fuera_de_v0_1
Conformidad SV INVALID OK: graph_simple_concurrencia_mismo_puente
Conformidad SV INVALID OK: horizon_architecture_ausente
Conformidad SV INVALID OK: horizon_architecture_tipo_incorrecto
Conformidad SV INVALID OK: horizon_tipo_suceso_repetido
Conformidad SV INVALID OK: identificador_alfabeto_fuera_perfil
Conformidad SV INVALID OK: identificador_guion_bajo_inicial
Conformidad SV INVALID OK: identificador_latino_fuera_perfil
Conformidad SV INVALID OK: identificador_marca_combinante
Conformidad SV INVALID OK: identificador_palabra_reservada
Conformidad SV INVALID OK: invalid_role_literal
Conformidad SV INVALID OK: invalid_tri_literal
Conformidad SV INVALID OK: max_keyword
Conformidad SV INVALID OK: nat_digitos_no_ascii
Conformidad SV INVALID OK: output_semantics_clave_ajena
Conformidad SV INVALID OK: output_semantics_clave_ausente
Conformidad SV INVALID OK: output_semantics_clave_repetida
Conformidad SV INVALID OK: output_semantics_no_declarada
Conformidad SV INVALID OK: output_semantics_sin_celda_repetida
Conformidad SV INVALID OK: output_semantics_vacia
Conformidad SV INVALID OK: pattern_arity_repetida
Conformidad SV INVALID OK: pattern_campos_invertidos
Conformidad SV INVALID OK: pattern_constraints_repetida
Conformidad SV INVALID OK: pending_u_reconocido_no_habilitado
Conformidad SV INVALID OK: projection_campo_inexistente
Conformidad SV INVALID OK: projection_source_no_resultado
Conformidad SV INVALID OK: projection_undeclared_source
Conformidad SV INVALID OK: query_architecture_cell_ajena
Conformidad SV INVALID OK: query_architecture_eval_celda_ajena
Conformidad SV INVALID OK: query_architecture_eval_nodo_ajeno
Conformidad SV INVALID OK: query_architecture_gate_entrada_ajena
Conformidad SV INVALID OK: query_comparison_frame_ajeno
Conformidad SV INVALID OK: query_context_opaco
Conformidad SV INVALID OK: query_context_type_mismatch
Conformidad SV INVALID OK: query_coverage_interface_ajena
Conformidad SV INVALID OK: query_coverage_silent_u_ajena
Conformidad SV INVALID OK: query_point_frame_ajeno
Conformidad SV INVALID OK: query_trajectory_ajena
Conformidad SV INVALID OK: resolve_alias_estado_no_u
Conformidad SV INVALID OK: resolve_instancia_incompatible
Conformidad SV INVALID OK: resolve_missing_context
Conformidad SV INVALID OK: resolve_missing_mechanism
Conformidad SV INVALID OK: resolve_target_fuera_rango
Conformidad SV INVALID OK: resolve_target_no_u
Conformidad SV INVALID OK: semantic_relation_campos_invertidos
Conformidad SV INVALID OK: semantic_relation_constraints_repetida
Conformidad SV INVALID OK: semantic_relation_table_repetida
Conformidad SV INVALID OK: supervise_celltarget_tipo_incorrecto
Conformidad SV INVALID OK: supervise_composedtarget_tipo_incorrecto
Conformidad SV INVALID OK: supervise_coupled_wrong_role
Conformidad SV INVALID OK: supervise_meta_no_evalresult
Conformidad SV INVALID OK: supervise_systemtarget_tipo_incorrecto
Conformidad SV INVALID OK: supervise_target_opaco
Conformidad SV INVALID OK: supervise_undeclared_target
Conformidad SV INVALID OK: supervise_wrong_role
Conformidad SV INVALID OK: trajectory_alternance_violation
Conformidad SV INVALID OK: trajectory_frame_arquitectura_distinta
Conformidad SV INVALID OK: trajectory_horizon_arquitectura_distinta
Conformidad SV INVALID OK: transition_data_horizon_no_declarado
Conformidad SV INVALID OK: transition_event_fuera_horizon
Conformidad SV INVALID OK: transition_event_tipo_repetido
Conformidad SV INVALID OK: transition_induced_destino_repetido
Conformidad SV INVALID OK: transition_induced_node_ausente
Conformidad SV INVALID OK: transition_induced_node_fuera_arquitectura
Conformidad SV INVALID OK: transition_induced_node_tipo_incorrecto
Conformidad SV INVALID OK: transition_induced_parameters_vacios
Conformidad SV INVALID OK: transition_induced_position_cero
Conformidad SV INVALID OK: transition_induced_position_fuera_rango
Conformidad SV INVALID OK: u_coercion
Conformidad SV: 14/14 válidos frente a esperados comprometidos y 106/106 inválidos rechazados sobre el mismo .svp
