R0 WASM VALID OK: admissibility_spec_states_permutados
R0 WASM VALID OK: cell_basic
R0 WASM VALID OK: compose_basic
R0 WASM VALID OK: frame_cell_spec_compartida_valida
R0 WASM VALID OK: gate_table
R0 WASM VALID OK: identificadores_espanol
R0 WASM VALID OK: output_semantics_independientes
R0 WASM VALID OK: output_semantics_total_permutada
R0 WASM VALID OK: query_context_all_variants
R0 WASM VALID OK: resolve_projection
R0 WASM VALID OK: supervise_systemtarget_valido
R0 WASM VALID OK: supervise_targets
R0 WASM VALID OK: trajectory_alternance_valid
R0 WASM VALID OK: transition_data_events
R0 WASM INVALID OK: admissibility_spec_estados_legacy
R0 WASM INVALID OK: admissibility_spec_failed_legacy
R0 WASM INVALID OK: admissibility_spec_u_legacy
R0 WASM INVALID OK: admissibility_table_incompleta
R0 WASM INVALID OK: admissibility_table_output_fuera_codominio
R0 WASM INVALID OK: agent_architecture_mismatch
R0 WASM INVALID OK: agent_arquitecturas_reales_distintas
R0 WASM INVALID OK: bad_b_value
R0 WASM INVALID OK: bridge_position_fuera_de_rango
R0 WASM INVALID OK: cellstate_vector_length_mismatch
R0 WASM INVALID OK: codomain_miembro_duplicado
R0 WASM INVALID OK: compose_cycle_graph
R0 WASM INVALID OK: compose_graph_tipo_incorrecto
R0 WASM INVALID OK: compose_patterns_vacios
R0 WASM INVALID OK: compose_relations_vacias
R0 WASM INVALID OK: conector_mapping_incompleto
R0 WASM INVALID OK: conector_target_no_ternario
R0 WASM INVALID OK: connector_clave_repetida
R0 WASM INVALID OK: coupledspec_puente_repetido
R0 WASM INVALID OK: coupledstate_update_fuera_bridges
R0 WASM INVALID OK: domain_chain_mismatch
R0 WASM INVALID OK: domain_parametro_nominal_repetido
R0 WASM INVALID OK: duplicate_identifier
R0 WASM INVALID OK: edge_connector_source_codomain_mismatch
R0 WASM INVALID OK: edge_connector_target_position_mismatch
R0 WASM INVALID OK: edge_position_fuera_bridges
R0 WASM INVALID OK: frame_architecture_tipo_incorrecto
R0 WASM INVALID OK: frame_criticality_no_producible
R0 WASM INVALID OK: frame_estado_arquitectura_ajena
R0 WASM INVALID OK: frame_eval_duplicado
R0 WASM INVALID OK: frame_eval_externo
R0 WASM INVALID OK: frame_gate_input_externo
R0 WASM INVALID OK: frame_supervision_externa
R0 WASM INVALID OK: gate_codominio_posicional_incompatible_con_tabla
R0 WASM INVALID OK: gate_input_no_evalresult
R0 WASM INVALID OK: gate_numero_entradas_incompatible_con_tabla
R0 WASM INVALID OK: gate_undeclared_input
R0 WASM INVALID OK: graph_conflicts_fuera_de_v0_1
R0 WASM INVALID OK: graph_simple_concurrencia_mismo_puente
R0 WASM INVALID OK: horizon_architecture_ausente
R0 WASM INVALID OK: horizon_architecture_tipo_incorrecto
R0 WASM INVALID OK: horizon_tipo_suceso_repetido
R0 WASM INVALID OK: identificador_alfabeto_fuera_perfil
R0 WASM INVALID OK: identificador_guion_bajo_inicial
R0 WASM INVALID OK: identificador_latino_fuera_perfil
R0 WASM INVALID OK: identificador_marca_combinante
R0 WASM INVALID OK: identificador_palabra_reservada
R0 WASM INVALID OK: invalid_role_literal
R0 WASM INVALID OK: invalid_tri_literal
R0 WASM INVALID OK: max_keyword
R0 WASM INVALID OK: nat_digitos_no_ascii
R0 WASM INVALID OK: output_semantics_clave_ajena
R0 WASM INVALID OK: output_semantics_clave_ausente
R0 WASM INVALID OK: output_semantics_clave_repetida
R0 WASM INVALID OK: output_semantics_no_declarada
R0 WASM INVALID OK: output_semantics_sin_celda_repetida
R0 WASM INVALID OK: output_semantics_vacia
R0 WASM INVALID OK: pattern_arity_repetida
R0 WASM INVALID OK: pattern_campos_invertidos
R0 WASM INVALID OK: pattern_constraints_repetida
R0 WASM INVALID OK: pending_u_reconocido_no_habilitado
R0 WASM INVALID OK: projection_campo_inexistente
R0 WASM INVALID OK: projection_source_no_resultado
R0 WASM INVALID OK: projection_undeclared_source
R0 WASM INVALID OK: query_architecture_cell_ajena
R0 WASM INVALID OK: query_architecture_eval_celda_ajena
R0 WASM INVALID OK: query_architecture_eval_nodo_ajeno
R0 WASM INVALID OK: query_architecture_gate_entrada_ajena
R0 WASM INVALID OK: query_comparison_frame_ajeno
R0 WASM INVALID OK: query_context_opaco
R0 WASM INVALID OK: query_context_type_mismatch
R0 WASM INVALID OK: query_coverage_interface_ajena
R0 WASM INVALID OK: query_coverage_silent_u_ajena
R0 WASM INVALID OK: query_point_frame_ajeno
R0 WASM INVALID OK: query_trajectory_ajena
R0 WASM INVALID OK: resolve_alias_estado_no_u
R0 WASM INVALID OK: resolve_instancia_incompatible
R0 WASM INVALID OK: resolve_missing_context
R0 WASM INVALID OK: resolve_missing_mechanism
R0 WASM INVALID OK: resolve_target_fuera_rango
R0 WASM INVALID OK: resolve_target_no_u
R0 WASM INVALID OK: semantic_relation_campos_invertidos
R0 WASM INVALID OK: semantic_relation_constraints_repetida
R0 WASM INVALID OK: semantic_relation_table_repetida
R0 WASM INVALID OK: supervise_celltarget_tipo_incorrecto
R0 WASM INVALID OK: supervise_composedtarget_tipo_incorrecto
R0 WASM INVALID OK: supervise_coupled_wrong_role
R0 WASM INVALID OK: supervise_meta_no_evalresult
R0 WASM INVALID OK: supervise_systemtarget_tipo_incorrecto
R0 WASM INVALID OK: supervise_target_opaco
R0 WASM INVALID OK: supervise_undeclared_target
R0 WASM INVALID OK: supervise_wrong_role
R0 WASM INVALID OK: trajectory_alternance_violation
R0 WASM INVALID OK: trajectory_frame_arquitectura_distinta
R0 WASM INVALID OK: trajectory_horizon_arquitectura_distinta
R0 WASM INVALID OK: transition_data_horizon_no_declarado
R0 WASM INVALID OK: transition_event_fuera_horizon
R0 WASM INVALID OK: transition_event_tipo_repetido
R0 WASM INVALID OK: transition_induced_destino_repetido
R0 WASM INVALID OK: transition_induced_node_ausente
R0 WASM INVALID OK: transition_induced_node_fuera_arquitectura
R0 WASM INVALID OK: transition_induced_node_tipo_incorrecto
R0 WASM INVALID OK: transition_induced_parameters_vacios
R0 WASM INVALID OK: transition_induced_position_cero
R0 WASM INVALID OK: transition_induced_position_fuera_rango
R0 WASM INVALID OK: u_coercion
R0 WASM: 14/14 válidos con paridad nativa/WASI y 106/106 inválidos rechazados por ambos destinos
