2026-09-09T20:35:25.6448356Z Current runner version: '2.337.0'
2026-09-09T20:35:25.6469216Z ##[group]Runner Image Provisioner
2026-09-09T20:35:25.6470052Z Hosted Compute Agent
2026-09-09T20:35:25.6470856Z Version: 20260828.587
2026-09-09T20:35:25.6471417Z Commit: abac92662cab4cc7352de4f9f9d2e2419aad9c29
2026-09-09T20:35:25.6472064Z Build Date: 2026-08-28T16:44:25Z
2026-09-09T20:35:25.6472614Z Worker ID: {8523080d-dc79-4d66-811f-c114344373b7}
2026-09-09T20:35:25.6473225Z Azure Region: westus3
2026-09-09T20:35:25.6473697Z ##[endgroup]
2026-09-09T20:35:25.6474992Z ##[group]Operating System
2026-09-09T20:35:25.6475512Z Ubuntu
2026-09-09T20:35:25.6475940Z 24.04.4
2026-09-09T20:35:25.6476398Z LTS
2026-09-09T20:35:25.6476840Z ##[endgroup]
2026-09-09T20:35:25.6477281Z ##[group]Runner Image
2026-09-09T20:35:25.6477832Z Image: ubuntu-24.04
2026-09-09T20:35:25.6478293Z Version: 20260831.293.1
2026-09-09T20:35:25.6479373Z Included Software: https://github.com/actions/runner-images/blob/ubuntu24/20260831.293/images/ubuntu/Ubuntu2404-Readme.md
2026-09-09T20:35:25.6480866Z Image Release: https://github.com/actions/runner-images/releases/tag/ubuntu24%2F20260831.293
2026-09-09T20:35:25.6481716Z ##[endgroup]
2026-09-09T20:35:25.6482603Z ##[group]GITHUB_TOKEN Permissions
2026-09-09T20:35:25.6484142Z Contents: read
2026-09-09T20:35:25.6484630Z Metadata: read
2026-09-09T20:35:25.6485229Z ##[endgroup]
2026-09-09T20:35:25.6486868Z Secret source: Actions
2026-09-09T20:35:25.6487663Z Cache mode: write
2026-09-09T20:35:25.6488240Z Prepare workflow directory
2026-09-09T20:35:25.6759153Z Prepare all required actions
2026-09-09T20:35:25.6812386Z Getting action download info
2026-09-09T20:35:25.9786327Z Download action repository 'actions/checkout@v4' (SHA:11d5960a326750d5838078e36cf38b85af677262)
2026-09-09T20:35:26.1902525Z Download action repository 'actions/upload-artifact@v4' (SHA:ea165f8d65b6e75b540449e92b4886f43607fa02)
2026-09-09T20:35:26.4101871Z Complete job name: three-way-parity
2026-09-09T20:35:26.4790151Z Node 20 is being deprecated. This workflow is running with Node 24 by default. If you need to temporarily use Node 20, you can set the ACTIONS_ALLOW_USE_UNSECURE_NODE_VERSION=true environment variable. For more information see: https://github.blog/changelog/2025-09-19-deprecation-of-node-20-on-github-actions-runners/
2026-09-09T20:35:26.4797200Z ##[group]Run actions/checkout@v4
2026-09-09T20:35:26.4797738Z with:
2026-09-09T20:35:26.4798073Z   fetch-depth: 2
2026-09-09T20:35:26.4798541Z   repository: juantoniolloretegea/SV-lenguaje-de-computacion
2026-09-09T20:35:26.4801754Z   token: ***
2026-09-09T20:35:26.4802097Z   ssh-strict: true
2026-09-09T20:35:26.4802440Z   ssh-user: git
2026-09-09T20:35:26.4802792Z   persist-credentials: true
2026-09-09T20:35:26.4803174Z   clean: true
2026-09-09T20:35:26.4803531Z   sparse-checkout-cone-mode: true
2026-09-09T20:35:26.4803939Z   fetch-tags: false
2026-09-09T20:35:26.4804280Z   show-progress: true
2026-09-09T20:35:26.4804624Z   lfs: false
2026-09-09T20:35:26.4804979Z   submodules: false
2026-09-09T20:35:26.4805335Z   set-safe-directory: true
2026-09-09T20:35:26.4805729Z   allow-unsafe-pr-checkout: false
2026-09-09T20:35:26.4806298Z ##[endgroup]
2026-09-09T20:35:26.5616439Z Syncing repository: juantoniolloretegea/SV-lenguaje-de-computacion
2026-09-09T20:35:26.5618568Z ##[group]Getting Git version info
2026-09-09T20:35:26.5619728Z Working directory is '/home/runner/work/SV-lenguaje-de-computacion/SV-lenguaje-de-computacion'
2026-09-09T20:35:26.5621411Z [command]/usr/bin/git version
2026-09-09T20:35:26.6293594Z git version 2.55.0
2026-09-09T20:35:26.6310922Z ##[endgroup]
2026-09-09T20:35:26.6324610Z Temporarily overriding HOME='/home/runner/work/_temp/e1015e5b-01eb-460b-b51f-7b36144cebe4' before making global git config changes
2026-09-09T20:35:26.6326320Z Adding repository directory to the temporary git global config as a safe directory
2026-09-09T20:35:26.6329968Z [command]/usr/bin/git config --global --add safe.directory /home/runner/work/SV-lenguaje-de-computacion/SV-lenguaje-de-computacion
2026-09-09T20:35:26.6373623Z Deleting the contents of '/home/runner/work/SV-lenguaje-de-computacion/SV-lenguaje-de-computacion'
2026-09-09T20:35:26.6376846Z ##[group]Initializing the repository
2026-09-09T20:35:26.6379878Z [command]/usr/bin/git init /home/runner/work/SV-lenguaje-de-computacion/SV-lenguaje-de-computacion
2026-09-09T20:35:26.6472887Z hint: Using 'master' as the name for the initial branch. This default branch name
2026-09-09T20:35:26.6473708Z hint: will change to "main" in Git 3.0. To configure the initial branch name
2026-09-09T20:35:26.6474533Z hint: to use in all of your new repositories, which will suppress this warning,
2026-09-09T20:35:26.6475316Z hint: call:
2026-09-09T20:35:26.6475640Z hint:
2026-09-09T20:35:26.6476231Z hint: 	git config --global init.defaultBranch <name>
2026-09-09T20:35:26.6476993Z hint:
2026-09-09T20:35:26.6477492Z hint: Names commonly chosen instead of 'master' are 'main', 'trunk' and
2026-09-09T20:35:26.6478234Z hint: 'development'. The just-created branch can be renamed via this command:
2026-09-09T20:35:26.6478824Z hint:
2026-09-09T20:35:26.6479158Z hint: 	git branch -m <name>
2026-09-09T20:35:26.6479536Z hint:
2026-09-09T20:35:26.6480025Z hint: Disable this message with "git config set advice.defaultBranchName false"
2026-09-09T20:35:26.6481419Z Initialized empty Git repository in /home/runner/work/SV-lenguaje-de-computacion/SV-lenguaje-de-computacion/.git/
2026-09-09T20:35:26.6485169Z [command]/usr/bin/git remote add origin https://github.com/juantoniolloretegea/SV-lenguaje-de-computacion
2026-09-09T20:35:26.6525709Z ##[endgroup]
2026-09-09T20:35:26.6526340Z ##[group]Disabling automatic garbage collection
2026-09-09T20:35:26.6528522Z [command]/usr/bin/git config --local gc.auto 0
2026-09-09T20:35:26.6554634Z ##[endgroup]
2026-09-09T20:35:26.6555209Z ##[group]Setting up auth
2026-09-09T20:35:26.6559498Z [command]/usr/bin/git config --local --name-only --get-regexp core\.sshCommand
2026-09-09T20:35:26.6587209Z [command]/usr/bin/git submodule foreach --recursive sh -c "git config --local --name-only --get-regexp 'core\.sshCommand' && git config --local --unset-all 'core.sshCommand' || :"
2026-09-09T20:35:26.6888874Z [command]/usr/bin/git config --local --name-only --get-regexp http\.https\:\/\/github\.com\/\.extraheader
2026-09-09T20:35:26.6921930Z [command]/usr/bin/git submodule foreach --recursive sh -c "git config --local --name-only --get-regexp 'http\.https\:\/\/github\.com\/\.extraheader' && git config --local --unset-all 'http.https://github.com/.extraheader' || :"
2026-09-09T20:35:26.7123987Z [command]/usr/bin/git config --local --name-only --get-regexp ^includeIf\.gitdir:
2026-09-09T20:35:26.7155839Z [command]/usr/bin/git submodule foreach --recursive git config --local --show-origin --name-only --get-regexp remote.origin.url
2026-09-09T20:35:26.7359187Z [command]/usr/bin/git config --local http.https://github.com/.extraheader AUTHORIZATION: basic ***
2026-09-09T20:35:26.7391115Z ##[endgroup]
2026-09-09T20:35:26.7391791Z ##[group]Fetching the repository
2026-09-09T20:35:26.7459006Z [command]/usr/bin/git -c protocol.version=2 fetch --no-tags --prune --no-recurse-submodules --depth=2 origin +7fb7295d8a772183f1c5400d8b60ee3426ac8409:refs/remotes/pull/89/merge
2026-09-09T20:35:27.9788168Z From https://github.com/juantoniolloretegea/SV-lenguaje-de-computacion
2026-09-09T20:35:27.9789676Z  * [new ref]         7fb7295d8a772183f1c5400d8b60ee3426ac8409 -> pull/89/merge
2026-09-09T20:35:27.9792918Z ##[endgroup]
2026-09-09T20:35:27.9794127Z ##[group]Determining the checkout info
2026-09-09T20:35:27.9795372Z ##[endgroup]
2026-09-09T20:35:27.9800365Z [command]/usr/bin/git sparse-checkout disable
2026-09-09T20:35:27.9851549Z [command]/usr/bin/git config --local --unset-all extensions.worktreeConfig
2026-09-09T20:35:27.9885583Z ##[group]Checking out the ref
2026-09-09T20:35:27.9886624Z [command]/usr/bin/git checkout --progress --force refs/remotes/pull/89/merge
2026-09-09T20:35:28.0290838Z Note: switching to 'refs/remotes/pull/89/merge'.
2026-09-09T20:35:28.0291863Z 
2026-09-09T20:35:28.0292626Z You are in 'detached HEAD' state. You can look around, make experimental
2026-09-09T20:35:28.0294748Z changes and commit them, and you can discard any commits you make in this
2026-09-09T20:35:28.0296605Z state without impacting any branches by switching back to a branch.
2026-09-09T20:35:28.0297634Z 
2026-09-09T20:35:28.0298168Z If you want to create a new branch to retain commits you create, you may
2026-09-09T20:35:28.0299471Z do so (now or later) by using -c with the switch command. Example:
2026-09-09T20:35:28.0300471Z 
2026-09-09T20:35:28.0300791Z   git switch -c <new-branch-name>
2026-09-09T20:35:28.0301284Z 
2026-09-09T20:35:28.0301646Z Or undo this operation with:
2026-09-09T20:35:28.0302234Z 
2026-09-09T20:35:28.0302609Z   git switch -
2026-09-09T20:35:28.0303137Z 
2026-09-09T20:35:28.0304052Z Turn off this advice by setting config variable advice.detachedHead to false
2026-09-09T20:35:28.0305076Z 
2026-09-09T20:35:28.0306212Z HEAD is now at 7fb7295 Merge 0f9eafad6d6d10cbc06f16914e3029406b9d0afb into 73c738348a9493a459744c62b8ade382ff595af5
2026-09-09T20:35:28.0309993Z ##[endgroup]
2026-09-09T20:35:28.0340484Z [command]/usr/bin/git log -1 --format=%H
2026-09-09T20:35:28.0363067Z 7fb7295d8a772183f1c5400d8b60ee3426ac8409
2026-09-09T20:35:28.0568834Z ##[group]Run rustup toolchain install 1.98.0 --profile minimal
2026-09-09T20:35:28.0570518Z [36;1mrustup toolchain install 1.98.0 --profile minimal[0m
2026-09-09T20:35:28.0571770Z [36;1mrustup default 1.98.0[0m
2026-09-09T20:35:28.0572921Z [36;1mrustup target add wasm32-wasip1 --toolchain 1.98.0[0m
2026-09-09T20:35:28.0574446Z [36;1mrustup target add wasm32-unknown-unknown --toolchain 1.98.0[0m
2026-09-09T20:35:28.0575773Z [36;1mrustc --version[0m
2026-09-09T20:35:28.0576662Z [36;1mcargo --version[0m
2026-09-09T20:35:28.0613088Z shell: /usr/bin/bash -e {0}
2026-09-09T20:35:28.0614019Z ##[endgroup]
2026-09-09T20:35:28.1615722Z info: syncing channel updates for 1.98.0-x86_64-unknown-linux-gnu
2026-09-09T20:35:28.4732897Z info: latest update on 2026-08-20 for version 1.98.0 (88d9e12ae 2026-08-18)
2026-09-09T20:35:28.4780660Z info: downloading 3 components
2026-09-09T20:35:34.9294418Z 
2026-09-09T20:35:34.9355995Z   1.98.0-x86_64-unknown-linux-gnu installed - rustc 1.98.0 (88d9e12ae 2026-08-18)
2026-09-09T20:35:34.9356392Z 
2026-09-09T20:35:34.9437005Z info: using existing install for 1.98.0-x86_64-unknown-linux-gnu
2026-09-09T20:35:34.9442465Z info: default toolchain set to 1.98.0-x86_64-unknown-linux-gnu
2026-09-09T20:35:34.9443009Z 
2026-09-09T20:35:34.9510023Z   1.98.0-x86_64-unknown-linux-gnu unchanged - rustc 1.98.0 (88d9e12ae 2026-08-18)
2026-09-09T20:35:34.9510645Z 
2026-09-09T20:35:34.9878093Z info: downloading component rust-std
2026-09-09T20:35:37.1377853Z info: downloading component rust-std
2026-09-09T20:35:39.0264405Z rustc 1.98.0 (88d9e12ae 2026-08-18)
2026-09-09T20:35:39.0352173Z cargo 1.98.0 (797e8a9bc 2026-08-05)
2026-09-09T20:35:39.0414609Z ##[group]Run node --version
2026-09-09T20:35:39.0414894Z [36;1mnode --version[0m
2026-09-09T20:35:39.0415099Z [36;1mpython --version[0m
2026-09-09T20:35:39.0415308Z [36;1muname -a[0m
2026-09-09T20:35:39.0415494Z [36;1mgit rev-parse HEAD[0m
2026-09-09T20:35:39.0415715Z [36;1mgit rev-list --parents -n 1 HEAD[0m
2026-09-09T20:35:39.0416027Z [36;1mecho "source head: 0f9eafad6d6d10cbc06f16914e3029406b9d0afb"[0m
2026-09-09T20:35:39.0416376Z [36;1mecho "base head: 73c738348a9493a459744c62b8ade382ff595af5"[0m
2026-09-09T20:35:39.0416804Z [36;1mfor candidate in google-chrome google-chrome-stable chromium chromium-browser; do[0m
2026-09-09T20:35:39.0417215Z [36;1m  if command -v "$candidate" >/dev/null 2>&1; then[0m
2026-09-09T20:35:39.0417469Z [36;1m    "$candidate" --version[0m
2026-09-09T20:35:39.0417672Z [36;1m    break[0m
2026-09-09T20:35:39.0417850Z [36;1m  fi[0m
2026-09-09T20:35:39.0418019Z [36;1mdone[0m
2026-09-09T20:35:39.0451282Z shell: /usr/bin/bash -e {0}
2026-09-09T20:35:39.0451525Z ##[endgroup]
2026-09-09T20:35:39.7838117Z v22.23.2
2026-09-09T20:35:39.7940696Z Python 3.12.3
2026-09-09T20:35:39.7950468Z Linux runnervmejwal 6.17.0-1022-azure #22-Ubuntu SMP Mon Jul 27 17:24:03 UTC 2026 x86_64 x86_64 x86_64 GNU/Linux
2026-09-09T20:35:39.7962896Z 7fb7295d8a772183f1c5400d8b60ee3426ac8409
2026-09-09T20:35:39.7977717Z 7fb7295d8a772183f1c5400d8b60ee3426ac8409 73c738348a9493a459744c62b8ade382ff595af5 0f9eafad6d6d10cbc06f16914e3029406b9d0afb
2026-09-09T20:35:39.7979686Z source head: 0f9eafad6d6d10cbc06f16914e3029406b9d0afb
2026-09-09T20:35:39.7980124Z base head: 73c738348a9493a459744c62b8ade382ff595af5
2026-09-09T20:35:41.5004955Z Google Chrome 152.0.7977.64 
2026-09-09T20:35:41.5277155Z ##[group]Run cargo test --manifest-path rust/Cargo.toml --workspace
2026-09-09T20:35:41.5277555Z [36;1mcargo test --manifest-path rust/Cargo.toml --workspace[0m
2026-09-09T20:35:41.5309261Z shell: /usr/bin/bash -e {0}
2026-09-09T20:35:41.5309466Z ##[endgroup]
2026-09-09T20:35:41.5736539Z    Compiling sv_core v0.1.0 (/home/runner/work/SV-lenguaje-de-computacion/SV-lenguaje-de-computacion/rust/sv_core)
2026-09-09T20:35:42.4443708Z warning: associated function `from_core_id` is never used
2026-09-09T20:35:42.4444866Z    --> sv_core/src/control.rs:155:27
2026-09-09T20:35:42.4448073Z     |
2026-09-09T20:35:42.4471029Z 141 |           impl $name {
2026-09-09T20:35:42.4471721Z     |           ---------- associated function in this implementation
2026-09-09T20:35:42.4472357Z ...
2026-09-09T20:35:42.4472921Z 155 |               pub(crate) fn from_core_id(id: ControlId) -> Self {
2026-09-09T20:35:42.4473482Z     |                             ^^^^^^^^^^^^
2026-09-09T20:35:42.4473945Z ...
2026-09-09T20:35:42.4474412Z 162 | / opaque_control_ref!(
2026-09-09T20:35:42.4474881Z 163 | |     InformationRef,
2026-09-09T20:35:42.4475743Z 164 | |     "Referencia nominal a información dentro del dominio de control."
2026-09-09T20:35:42.4476339Z 165 | | );
2026-09-09T20:35:42.4476715Z     | |_- in this macro invocation
2026-09-09T20:35:42.4477147Z     |
2026-09-09T20:35:42.4477666Z     = note: `#[warn(dead_code)]` (part of `#[warn(unused)]`) on by default
2026-09-09T20:35:42.4478642Z     = note: this warning originates in the macro `opaque_control_ref` (in Nightly builds, run with -Z macro-backtrace for more info)
2026-09-09T20:35:42.4479401Z 
2026-09-09T20:35:42.4479775Z warning: associated function `from_core_id` is never used
2026-09-09T20:35:42.4480508Z    --> sv_core/src/control.rs:155:27
2026-09-09T20:35:42.4480947Z     |
2026-09-09T20:35:42.4481317Z 141 |           impl $name {
2026-09-09T20:35:42.4481793Z     |           ---------- associated function in this implementation
2026-09-09T20:35:42.4482329Z ...
2026-09-09T20:35:42.4482828Z 155 |               pub(crate) fn from_core_id(id: ControlId) -> Self {
2026-09-09T20:35:42.4483360Z     |                             ^^^^^^^^^^^^
2026-09-09T20:35:42.4483795Z ...
2026-09-09T20:35:42.4484165Z 166 | / opaque_control_ref!(
2026-09-09T20:35:42.4484580Z 167 | |     AdmittedEvidenceRef,
2026-09-09T20:35:42.4485375Z 168 | |     "Referencia a evidencia cuya admisión debe proceder de una verificación gobernada."
2026-09-09T20:35:42.4486056Z 169 | | );
2026-09-09T20:35:42.4486426Z     | |_- in this macro invocation
2026-09-09T20:35:42.4486872Z     |
2026-09-09T20:35:42.4487601Z     = note: this warning originates in the macro `opaque_control_ref` (in Nightly builds, run with -Z macro-backtrace for more info)
2026-09-09T20:35:42.4488304Z 
2026-09-09T20:35:42.4488634Z warning: associated function `from_core_id` is never used
2026-09-09T20:35:42.4489207Z    --> sv_core/src/control.rs:155:27
2026-09-09T20:35:42.4489670Z     |
2026-09-09T20:35:42.4490052Z 141 |           impl $name {
2026-09-09T20:35:42.4490709Z     |           ---------- associated function in this implementation
2026-09-09T20:35:42.4491226Z ...
2026-09-09T20:35:42.4491661Z 155 |               pub(crate) fn from_core_id(id: ControlId) -> Self {
2026-09-09T20:35:42.4492214Z     |                             ^^^^^^^^^^^^
2026-09-09T20:35:42.4492658Z ...
2026-09-09T20:35:42.4493025Z 170 | / opaque_control_ref!(
2026-09-09T20:35:42.4493454Z 171 | |     ConstitutedFactRef,
2026-09-09T20:35:42.4494453Z 172 | |     "Referencia a un hecho semántico constituido; no equivale a autoridad."
2026-09-09T20:35:42.4495057Z 173 | | );
2026-09-09T20:35:42.4495462Z     | |_- in this macro invocation
2026-09-09T20:35:42.4495917Z     |
2026-09-09T20:35:42.4496608Z     = note: this warning originates in the macro `opaque_control_ref` (in Nightly builds, run with -Z macro-backtrace for more info)
2026-09-09T20:35:42.4497305Z 
2026-09-09T20:35:42.4497628Z warning: associated function `from_core_id` is never used
2026-09-09T20:35:42.4498389Z    --> sv_core/src/control.rs:155:27
2026-09-09T20:35:42.4498863Z     |
2026-09-09T20:35:42.4499248Z 141 |           impl $name {
2026-09-09T20:35:42.4499768Z     |           ---------- associated function in this implementation
2026-09-09T20:35:42.4500461Z ...
2026-09-09T20:35:42.4500896Z 155 |               pub(crate) fn from_core_id(id: ControlId) -> Self {
2026-09-09T20:35:42.4501456Z     |                             ^^^^^^^^^^^^
2026-09-09T20:35:42.4501922Z ...
2026-09-09T20:35:42.4502283Z 174 | / opaque_control_ref!(
2026-09-09T20:35:42.4502682Z 175 | |     AuthorityRef,
2026-09-09T20:35:42.4503444Z 176 | |     "Referencia a autoridad constituida; su constructor no forma parte de la API pública."
2026-09-09T20:35:42.4504129Z 177 | | );
2026-09-09T20:35:42.4504504Z     | |_- in this macro invocation
2026-09-09T20:35:42.4504922Z     |
2026-09-09T20:35:42.4505613Z     = note: this warning originates in the macro `opaque_control_ref` (in Nightly builds, run with -Z macro-backtrace for more info)
2026-09-09T20:35:42.4506345Z 
2026-09-09T20:35:42.4506959Z warning: associated function `from_core_id` is never used
2026-09-09T20:35:42.4507589Z    --> sv_core/src/control.rs:155:27
2026-09-09T20:35:42.4508063Z     |
2026-09-09T20:35:42.4508548Z 141 |           impl $name {
2026-09-09T20:35:42.4509069Z     |           ---------- associated function in this implementation
2026-09-09T20:35:42.4509612Z ...
2026-09-09T20:35:42.4510082Z 155 |               pub(crate) fn from_core_id(id: ControlId) -> Self {
2026-09-09T20:35:42.4510840Z     |                             ^^^^^^^^^^^^
2026-09-09T20:35:42.4511321Z ...
2026-09-09T20:35:42.4511717Z 178 | / opaque_control_ref!(
2026-09-09T20:35:42.4512178Z 179 | |     EnablementRef,
2026-09-09T20:35:42.4512967Z 180 | |     "Referencia a una habilitación de autoridad ya existente; no amplía autoridad."
2026-09-09T20:35:42.4513650Z 181 | | );
2026-09-09T20:35:42.4514072Z     | |_- in this macro invocation
2026-09-09T20:35:42.4514520Z     |
2026-09-09T20:35:42.4515274Z     = note: this warning originates in the macro `opaque_control_ref` (in Nightly builds, run with -Z macro-backtrace for more info)
2026-09-09T20:35:42.4515995Z 
2026-09-09T20:35:42.4516410Z warning: associated function `from_core_id` is never used
2026-09-09T20:35:42.4516983Z    --> sv_core/src/control.rs:155:27
2026-09-09T20:35:42.4517448Z     |
2026-09-09T20:35:42.4517846Z 141 |           impl $name {
2026-09-09T20:35:42.4518372Z     |           ---------- associated function in this implementation
2026-09-09T20:35:42.4518962Z ...
2026-09-09T20:35:42.4519427Z 155 |               pub(crate) fn from_core_id(id: ControlId) -> Self {
2026-09-09T20:35:42.4519994Z     |                             ^^^^^^^^^^^^
2026-09-09T20:35:42.4520602Z ...
2026-09-09T20:35:42.4521036Z 186 | / opaque_control_ref!(
2026-09-09T20:35:42.4521522Z 187 | |     FormRef,
2026-09-09T20:35:42.4522137Z 188 | |     "Referencia a una forma de transición constituida."
2026-09-09T20:35:42.4522692Z 189 | | );
2026-09-09T20:35:42.4523111Z     | |_- in this macro invocation
2026-09-09T20:35:42.4523625Z     |
2026-09-09T20:35:42.4524368Z     = note: this warning originates in the macro `opaque_control_ref` (in Nightly builds, run with -Z macro-backtrace for more info)
2026-09-09T20:35:42.4525089Z 
2026-09-09T20:35:42.4525430Z warning: associated function `from_core_id` is never used
2026-09-09T20:35:42.4526013Z    --> sv_core/src/control.rs:155:27
2026-09-09T20:35:42.4526462Z     |
2026-09-09T20:35:42.4527120Z 141 |           impl $name {
2026-09-09T20:35:42.4527640Z     |           ---------- associated function in this implementation
2026-09-09T20:35:42.4528183Z ...
2026-09-09T20:35:42.4528652Z 155 |               pub(crate) fn from_core_id(id: ControlId) -> Self {
2026-09-09T20:35:42.4529240Z     |                             ^^^^^^^^^^^^
2026-09-09T20:35:42.4529727Z ...
2026-09-09T20:35:42.4530123Z 190 | / opaque_control_ref!(
2026-09-09T20:35:42.4530743Z 191 | |     EffectFamilyRef,
2026-09-09T20:35:42.4531606Z 192 | |     "Referencia a una familia de efectos fijada por constitución."
2026-09-09T20:35:42.4532319Z 193 | | );
2026-09-09T20:35:42.4532744Z     | |_- in this macro invocation
2026-09-09T20:35:42.4533202Z     |
2026-09-09T20:35:42.4533948Z     = note: this warning originates in the macro `opaque_control_ref` (in Nightly builds, run with -Z macro-backtrace for more info)
2026-09-09T20:35:42.4534674Z 
2026-09-09T20:35:42.4535035Z warning: associated function `from_core_id` is never used
2026-09-09T20:35:42.4535627Z    --> sv_core/src/control.rs:155:27
2026-09-09T20:35:42.4536095Z     |
2026-09-09T20:35:42.4536486Z 141 |           impl $name {
2026-09-09T20:35:42.4537003Z     |           ---------- associated function in this implementation
2026-09-09T20:35:42.4537565Z ...
2026-09-09T20:35:42.4538044Z 155 |               pub(crate) fn from_core_id(id: ControlId) -> Self {
2026-09-09T20:35:42.4538625Z     |                             ^^^^^^^^^^^^
2026-09-09T20:35:42.4539107Z ...
2026-09-09T20:35:42.4539511Z 194 | / opaque_control_ref!(
2026-09-09T20:35:42.4539971Z 195 | |     EffectRef,
2026-09-09T20:35:42.4540724Z 196 | |     "Referencia a un efecto concreto; identificarlo no equivale a autorizarlo."
2026-09-09T20:35:42.4541504Z 197 | | );
2026-09-09T20:35:42.4541935Z     | |_- in this macro invocation
2026-09-09T20:35:42.4542505Z     |
2026-09-09T20:35:42.4543247Z     = note: this warning originates in the macro `opaque_control_ref` (in Nightly builds, run with -Z macro-backtrace for more info)
2026-09-09T20:35:42.4543921Z 
2026-09-09T20:35:42.4544237Z warning: associated function `from_core_id` is never used
2026-09-09T20:35:42.4544782Z    --> sv_core/src/control.rs:155:27
2026-09-09T20:35:42.4545407Z     |
2026-09-09T20:35:42.4545793Z 141 |           impl $name {
2026-09-09T20:35:42.4546307Z     |           ---------- associated function in this implementation
2026-09-09T20:35:42.4546846Z ...
2026-09-09T20:35:42.4547279Z 155 |               pub(crate) fn from_core_id(id: ControlId) -> Self {
2026-09-09T20:35:42.4547847Z     |                             ^^^^^^^^^^^^
2026-09-09T20:35:42.4548301Z ...
2026-09-09T20:35:42.4548676Z 198 | / opaque_control_ref!(
2026-09-09T20:35:42.4549108Z 199 | |     ContextRef,
2026-09-09T20:35:42.4549683Z 200 | |     "Referencia a una ligadura de contexto relevante para autoridad o forma."
2026-09-09T20:35:42.4550490Z 201 | | );
2026-09-09T20:35:42.4550896Z     | |_- in this macro invocation
2026-09-09T20:35:42.4551356Z     |
2026-09-09T20:35:42.4552068Z     = note: this warning originates in the macro `opaque_control_ref` (in Nightly builds, run with -Z macro-backtrace for more info)
2026-09-09T20:35:42.4552765Z 
2026-09-09T20:35:42.4553062Z warning: associated function `from_core_id` is never used
2026-09-09T20:35:42.4553611Z    --> sv_core/src/control.rs:155:27
2026-09-09T20:35:42.4554079Z     |
2026-09-09T20:35:42.4554456Z 141 |           impl $name {
2026-09-09T20:35:42.4554948Z     |           ---------- associated function in this implementation
2026-09-09T20:35:42.4555469Z ...
2026-09-09T20:35:42.4555923Z 155 |               pub(crate) fn from_core_id(id: ControlId) -> Self {
2026-09-09T20:35:42.4556480Z     |                             ^^^^^^^^^^^^
2026-09-09T20:35:42.4557004Z ...
2026-09-09T20:35:42.4557378Z 202 | / opaque_control_ref!(
2026-09-09T20:35:42.4557830Z 203 | |     AuthorityHolderRef,
2026-09-09T20:35:42.4558611Z 204 | |     "Referencia al titular de una autoridad; no constituye autoridad por sí misma."
2026-09-09T20:35:42.4559253Z 205 | | );
2026-09-09T20:35:42.4559847Z     | |_- in this macro invocation
2026-09-09T20:35:42.4560441Z     |
2026-09-09T20:35:42.4561163Z     = note: this warning originates in the macro `opaque_control_ref` (in Nightly builds, run with -Z macro-backtrace for more info)
2026-09-09T20:35:42.4561851Z 
2026-09-09T20:35:42.4562173Z warning: associated function `from_core_id` is never used
2026-09-09T20:35:42.4562732Z    --> sv_core/src/control.rs:155:27
2026-09-09T20:35:42.4563213Z     |
2026-09-09T20:35:42.4563592Z 141 |           impl $name {
2026-09-09T20:35:42.4564267Z     |           ---------- associated function in this implementation
2026-09-09T20:35:42.4564804Z ...
2026-09-09T20:35:42.4565274Z 155 |               pub(crate) fn from_core_id(id: ControlId) -> Self {
2026-09-09T20:35:42.4565822Z     |                             ^^^^^^^^^^^^
2026-09-09T20:35:42.4566271Z ...
2026-09-09T20:35:42.4566646Z 206 | / opaque_control_ref!(
2026-09-09T20:35:42.4567098Z 207 | |     GovernedObjectRef,
2026-09-09T20:35:42.4567752Z 208 | |     "Referencia a un objeto candidato a pertenecer al dominio gobernado D_a."
2026-09-09T20:35:42.4568554Z 209 | | );
2026-09-09T20:35:42.4568962Z     | |_- in this macro invocation
2026-09-09T20:35:42.4569399Z     |
2026-09-09T20:35:42.4570122Z     = note: this warning originates in the macro `opaque_control_ref` (in Nightly builds, run with -Z macro-backtrace for more info)
2026-09-09T20:35:42.4570979Z 
2026-09-09T20:35:42.4571312Z warning: associated function `from_core_id` is never used
2026-09-09T20:35:42.4571912Z    --> sv_core/src/control.rs:155:27
2026-09-09T20:35:42.4572358Z     |
2026-09-09T20:35:42.4572728Z 141 |           impl $name {
2026-09-09T20:35:42.4573317Z     |           ---------- associated function in this implementation
2026-09-09T20:35:42.4573834Z ...
2026-09-09T20:35:42.4574280Z 155 |               pub(crate) fn from_core_id(id: ControlId) -> Self {
2026-09-09T20:35:42.4574846Z     |                             ^^^^^^^^^^^^
2026-09-09T20:35:42.4575313Z ...
2026-09-09T20:35:42.4575695Z 210 | / opaque_control_ref!(
2026-09-09T20:35:42.4576136Z 211 | |     AccumulationRuleRef,
2026-09-09T20:35:42.4576883Z 212 | |     "Referencia a una regla gobernada de acumulación o a un predicado de traza."
2026-09-09T20:35:42.4577525Z 213 | | );
2026-09-09T20:35:42.4577942Z     | |_- in this macro invocation
2026-09-09T20:35:42.4578376Z     |
2026-09-09T20:35:42.4579096Z     = note: this warning originates in the macro `opaque_control_ref` (in Nightly builds, run with -Z macro-backtrace for more info)
2026-09-09T20:35:42.4579803Z 
2026-09-09T20:35:42.4580137Z warning: associated function `from_core_id` is never used
2026-09-09T20:35:42.4580817Z    --> sv_core/src/control.rs:155:27
2026-09-09T20:35:42.4581253Z     |
2026-09-09T20:35:42.4581620Z 141 |           impl $name {
2026-09-09T20:35:42.4582120Z     |           ---------- associated function in this implementation
2026-09-09T20:35:42.4582629Z ...
2026-09-09T20:35:42.4583077Z 155 |               pub(crate) fn from_core_id(id: ControlId) -> Self {
2026-09-09T20:35:42.4583636Z     |                             ^^^^^^^^^^^^
2026-09-09T20:35:42.4584077Z ...
2026-09-09T20:35:42.4584450Z 214 | / opaque_control_ref!(
2026-09-09T20:35:42.4584874Z 215 | |     RequirementRef,
2026-09-09T20:35:42.4585596Z 216 | |     "Referencia a una obligación de Req; identificarla no acredita su cumplimiento."
2026-09-09T20:35:42.4586231Z 217 | | );
2026-09-09T20:35:42.4586621Z     | |_- in this macro invocation
2026-09-09T20:35:42.4587066Z     |
2026-09-09T20:35:42.4587782Z     = note: this warning originates in the macro `opaque_control_ref` (in Nightly builds, run with -Z macro-backtrace for more info)
2026-09-09T20:35:42.4588455Z 
2026-09-09T20:35:42.4588775Z warning: associated function `from_core_id` is never used
2026-09-09T20:35:42.4589296Z    --> sv_core/src/control.rs:155:27
2026-09-09T20:35:42.4589741Z     |
2026-09-09T20:35:42.4590096Z 141 |           impl $name {
2026-09-09T20:35:42.4590726Z     |           ---------- associated function in this implementation
2026-09-09T20:35:42.4591452Z ...
2026-09-09T20:35:42.4591856Z 155 |               pub(crate) fn from_core_id(id: ControlId) -> Self {
2026-09-09T20:35:42.4592383Z     |                             ^^^^^^^^^^^^
2026-09-09T20:35:42.4592790Z ...
2026-09-09T20:35:42.4593115Z 218 | / opaque_control_ref!(
2026-09-09T20:35:42.4593498Z 219 | |     VerifierRef,
2026-09-09T20:35:42.4594062Z 220 | |     "Referencia a un verificador concreto; su mera existencia no acredita aplicabilidad."
2026-09-09T20:35:42.4594651Z 221 | | );
2026-09-09T20:35:42.4595132Z     | |_- in this macro invocation
2026-09-09T20:35:42.4595532Z     |
2026-09-09T20:35:42.4596216Z     = note: this warning originates in the macro `opaque_control_ref` (in Nightly builds, run with -Z macro-backtrace for more info)
2026-09-09T20:35:42.4596864Z 
2026-09-09T20:35:42.4597154Z warning: associated function `from_core_id` is never used
2026-09-09T20:35:42.4597650Z    --> sv_core/src/control.rs:155:27
2026-09-09T20:35:42.4598063Z     |
2026-09-09T20:35:42.4598383Z 141 |           impl $name {
2026-09-09T20:35:42.4598829Z     |           ---------- associated function in this implementation
2026-09-09T20:35:42.4599306Z ...
2026-09-09T20:35:42.4599704Z 155 |               pub(crate) fn from_core_id(id: ControlId) -> Self {
2026-09-09T20:35:42.4600312Z     |                             ^^^^^^^^^^^^
2026-09-09T20:35:42.4600733Z ...
2026-09-09T20:35:42.4601079Z 222 | / opaque_control_ref!(
2026-09-09T20:35:42.4601493Z 223 | |     VerifierFamilyRef,
2026-09-09T20:35:42.4602204Z 224 | |     "Referencia a una familia de verificadores admisibles para una obligación."
2026-09-09T20:35:42.4602802Z 225 | | );
2026-09-09T20:35:42.4603153Z     | |_- in this macro invocation
2026-09-09T20:35:42.4603549Z     |
2026-09-09T20:35:42.4604206Z     = note: this warning originates in the macro `opaque_control_ref` (in Nightly builds, run with -Z macro-backtrace for more info)
2026-09-09T20:35:42.4604869Z 
2026-09-09T20:35:42.4605170Z warning: associated function `from_core_id` is never used
2026-09-09T20:35:42.4605708Z    --> sv_core/src/control.rs:155:27
2026-09-09T20:35:42.4606121Z     |
2026-09-09T20:35:42.4606465Z 141 |           impl $name {
2026-09-09T20:35:42.4606959Z     |           ---------- associated function in this implementation
2026-09-09T20:35:42.4607453Z ...
2026-09-09T20:35:42.4607847Z 155 |               pub(crate) fn from_core_id(id: ControlId) -> Self {
2026-09-09T20:35:42.4608367Z     |                             ^^^^^^^^^^^^
2026-09-09T20:35:42.4608788Z ...
2026-09-09T20:35:42.4609141Z 226 | / opaque_control_ref!(
2026-09-09T20:35:42.4609568Z 227 | |     ApplicabilityRuleRef,
2026-09-09T20:35:42.4610449Z 228 | |     "Referencia a una regla previamente constituida de aplicabilidad de comprobación."
2026-09-09T20:35:42.4611133Z 229 | | );
2026-09-09T20:35:42.4611485Z     | |_- in this macro invocation
2026-09-09T20:35:42.4611891Z     |
2026-09-09T20:35:42.4612557Z     = note: this warning originates in the macro `opaque_control_ref` (in Nightly builds, run with -Z macro-backtrace for more info)
2026-09-09T20:35:42.4613218Z 
2026-09-09T20:35:42.4613524Z warning: associated function `from_core_id` is never used
2026-09-09T20:35:42.4614021Z    --> sv_core/src/control.rs:155:27
2026-09-09T20:35:42.4614412Z     |
2026-09-09T20:35:42.4614755Z 141 |           impl $name {
2026-09-09T20:35:42.4615240Z     |           ---------- associated function in this implementation
2026-09-09T20:35:42.4615730Z ...
2026-09-09T20:35:42.4616151Z 155 |               pub(crate) fn from_core_id(id: ControlId) -> Self {
2026-09-09T20:35:42.4616677Z     |                             ^^^^^^^^^^^^
2026-09-09T20:35:42.4617081Z ...
2026-09-09T20:35:42.4617421Z 230 | / opaque_control_ref!(
2026-09-09T20:35:42.4617859Z 231 | |     ConflictResolutionRuleRef,
2026-09-09T20:35:42.4618710Z 232 | |     "Referencia a una regla previamente constituida de resolución de conflicto entre comprobaciones."
2026-09-09T20:35:42.4619389Z 233 | | );
2026-09-09T20:35:42.4619730Z     | |_- in this macro invocation
2026-09-09T20:35:42.4620450Z     |
2026-09-09T20:35:42.4621163Z     = note: this warning originates in the macro `opaque_control_ref` (in Nightly builds, run with -Z macro-backtrace for more info)
2026-09-09T20:35:42.4621843Z 
2026-09-09T20:35:42.4622141Z warning: associated function `from_core_id` is never used
2026-09-09T20:35:42.4622673Z    --> sv_core/src/control.rs:155:27
2026-09-09T20:35:42.4623074Z     |
2026-09-09T20:35:42.4623403Z 141 |           impl $name {
2026-09-09T20:35:42.4624035Z     |           ---------- associated function in this implementation
2026-09-09T20:35:42.4624572Z ...
2026-09-09T20:35:42.4625044Z 155 |               pub(crate) fn from_core_id(id: ControlId) -> Self {
2026-09-09T20:35:42.4625560Z     |                             ^^^^^^^^^^^^
2026-09-09T20:35:42.4625990Z ...
2026-09-09T20:35:42.4626338Z 234 | / opaque_control_ref!(
2026-09-09T20:35:42.4626721Z 235 | |     CoverageRuleRef,
2026-09-09T20:35:42.4627339Z 236 | |     "Referencia a una regla previamente constituida de cobertura de comprobaciones exigibles."
2026-09-09T20:35:42.4628018Z 237 | | );
2026-09-09T20:35:42.4628358Z     | |_- in this macro invocation
2026-09-09T20:35:42.4628764Z     |
2026-09-09T20:35:42.4655249Z     = note: this warning originates in the macro `opaque_control_ref` (in Nightly builds, run with -Z macro-backtrace for more info)
2026-09-09T20:35:42.4671675Z 
2026-09-09T20:35:42.4672074Z warning: associated function `from_core_id` is never used
2026-09-09T20:35:42.4672591Z    --> sv_core/src/control.rs:155:27
2026-09-09T20:35:42.4672965Z     |
2026-09-09T20:35:42.4673310Z 141 |           impl $name {
2026-09-09T20:35:42.4673743Z     |           ---------- associated function in this implementation
2026-09-09T20:35:42.4680582Z ...
2026-09-09T20:35:42.4683538Z 155 |               pub(crate) fn from_core_id(id: ControlId) -> Self {
2026-09-09T20:35:42.4684058Z     |                             ^^^^^^^^^^^^
2026-09-09T20:35:42.4684432Z ...
2026-09-09T20:35:42.4684736Z 238 | / opaque_control_ref!(
2026-09-09T20:35:42.4685100Z 239 | |     ReuseRuleRef,
2026-09-09T20:35:42.4685860Z 240 | |     "Referencia a una regla previamente constituida de reutilización de resultados cualificados."
2026-09-09T20:35:42.4686505Z 241 | | );
2026-09-09T20:35:42.4686834Z     | |_- in this macro invocation
2026-09-09T20:35:42.4687184Z     |
2026-09-09T20:35:42.4687812Z     = note: this warning originates in the macro `opaque_control_ref` (in Nightly builds, run with -Z macro-backtrace for more info)
2026-09-09T20:35:42.4688447Z 
2026-09-09T20:35:42.4688712Z warning: associated function `from_core_id` is never used
2026-09-09T20:35:42.4689189Z    --> sv_core/src/control.rs:155:27
2026-09-09T20:35:42.4689570Z     |
2026-09-09T20:35:42.4689852Z 141 |           impl $name {
2026-09-09T20:35:42.4690419Z     |           ---------- associated function in this implementation
2026-09-09T20:35:42.4690880Z ...
2026-09-09T20:35:42.4691250Z 155 |               pub(crate) fn from_core_id(id: ControlId) -> Self {
2026-09-09T20:35:42.4691753Z     |                             ^^^^^^^^^^^^
2026-09-09T20:35:42.4692143Z ...
2026-09-09T20:35:42.4692444Z 242 | / opaque_control_ref!(
2026-09-09T20:35:42.4692792Z 243 | |     ReuseBindingKeyRef,
2026-09-09T20:35:42.4693581Z 244 | |     "Referencia a una dimensión constituida cuya continuidad puede ser exigible para reutilizar un resultado."
2026-09-09T20:35:42.4694271Z 245 | | );
2026-09-09T20:35:42.4694578Z     | |_- in this macro invocation
2026-09-09T20:35:42.4694947Z     |
2026-09-09T20:35:42.4695620Z     = note: this warning originates in the macro `opaque_control_ref` (in Nightly builds, run with -Z macro-backtrace for more info)
2026-09-09T20:35:42.4696261Z 
2026-09-09T20:35:42.4696523Z warning: associated function `from_core_id` is never used
2026-09-09T20:35:42.4696979Z    --> sv_core/src/control.rs:155:27
2026-09-09T20:35:42.4697340Z     |
2026-09-09T20:35:42.4697646Z 141 |           impl $name {
2026-09-09T20:35:42.4698054Z     |           ---------- associated function in this implementation
2026-09-09T20:35:42.4698669Z ...
2026-09-09T20:35:42.4699029Z 155 |               pub(crate) fn from_core_id(id: ControlId) -> Self {
2026-09-09T20:35:42.4699510Z     |                             ^^^^^^^^^^^^
2026-09-09T20:35:42.4699889Z ...
2026-09-09T20:35:42.4700319Z 246 | / opaque_control_ref!(
2026-09-09T20:35:42.4700837Z 247 | |     ReuseBindingValueRef,
2026-09-09T20:35:42.4701683Z 248 | |     "Referencia al valor constituido de una dimensión de reutilización; identificarlo no acredita su vigencia."
2026-09-09T20:35:42.4702347Z 249 | | );
2026-09-09T20:35:42.4702812Z     | |_- in this macro invocation
2026-09-09T20:35:42.4703180Z     |
2026-09-09T20:35:42.4703786Z     = note: this warning originates in the macro `opaque_control_ref` (in Nightly builds, run with -Z macro-backtrace for more info)
2026-09-09T20:35:42.4704414Z 
2026-09-09T20:35:42.4704639Z warning: function `compile_svp` is never used
2026-09-09T20:35:42.4705045Z    --> sv_core/src/frontend.rs:803:8
2026-09-09T20:35:42.4705408Z     |
2026-09-09T20:35:42.4705905Z 803 | pub fn compile_svp(source: &str, source_file: &str) -> Result<IrProgram, FrontendError> {
2026-09-09T20:35:42.4706477Z     |        ^^^^^^^^^^^
2026-09-09T20:35:42.4706708Z 
2026-09-09T20:35:42.4706975Z warning: function `compile_svp_with_profile` is never used
2026-09-09T20:35:42.4707432Z    --> sv_core/src/frontend.rs:807:8
2026-09-09T20:35:42.4707802Z     |
2026-09-09T20:35:42.4708104Z 807 | pub fn compile_svp_with_profile(
2026-09-09T20:35:42.4708481Z     |        ^^^^^^^^^^^^^^^^^^^^^^^^
2026-09-09T20:35:42.4708758Z 
2026-09-09T20:35:42.4708965Z warning: constant `PROFILE_ID` is never used
2026-09-09T20:35:42.4709407Z  --> sv_core/src/identifier_profile.rs:6:18
2026-09-09T20:35:42.4709805Z   |
2026-09-09T20:35:42.4710365Z 6 | pub(crate) const PROFILE_ID: &str = "svp-grammar-0.2-lex-es-1";
2026-09-09T20:35:42.4710878Z   |                  ^^^^^^^^^^
2026-09-09T20:35:42.4711132Z 
2026-09-09T20:35:42.4711349Z warning: function `is_reserved_word` is never used
2026-09-09T20:35:42.4711796Z   --> sv_core/src/identifier_profile.rs:22:15
2026-09-09T20:35:42.4712176Z    |
2026-09-09T20:35:42.4712528Z 22 | pub(crate) fn is_reserved_word(word: &str) -> bool {
2026-09-09T20:35:42.4712963Z    |               ^^^^^^^^^^^^^^^^
2026-09-09T20:35:42.4713221Z 
2026-09-09T20:35:42.4713448Z warning: method `matches_descriptor` is never used
2026-09-09T20:35:42.4713944Z    --> sv_core/src/requirements_reuse.rs:121:19
2026-09-09T20:35:42.4714343Z     |
2026-09-09T20:35:42.4714643Z  44 | impl ReuseRule {
2026-09-09T20:35:42.4715019Z     | -------------- method in this implementation
2026-09-09T20:35:42.4715444Z ...
2026-09-09T20:35:42.4715956Z 121 |     pub(crate) fn matches_descriptor(&self, descriptor: &RequirementDescriptor) -> bool {
2026-09-09T20:35:42.4716558Z     |                   ^^^^^^^^^^^^^^^^^^
2026-09-09T20:35:42.4716837Z 
2026-09-09T20:35:42.4717122Z warning: hiding a lifetime that's elided elsewhere is confusing
2026-09-09T20:35:42.4717637Z     --> sv_core/src/frontend.rs:2161:13
2026-09-09T20:35:42.4717999Z      |
2026-09-09T20:35:42.4718299Z 2161 |     fn peek(&self) -> &Token {
2026-09-09T20:35:42.4718689Z      |             ^^^^^     ^^^^^^
2026-09-09T20:35:42.4719065Z      |             |         ||
2026-09-09T20:35:42.4719464Z      |             |         |the same lifetime is hidden here
2026-09-09T20:35:42.4719907Z      |             |         the same lifetime is elided here
2026-09-09T20:35:42.4720457Z      |             the lifetime is elided here
2026-09-09T20:35:42.4720827Z      |
2026-09-09T20:35:42.4721303Z      = help: the same lifetime is referred to in inconsistent ways, making the signature confusing
2026-09-09T20:35:42.4722061Z      = note: `#[warn(mismatched_lifetime_syntaxes)]` on by default
2026-09-09T20:35:42.4722511Z help: use `'_` for type paths
2026-09-09T20:35:42.4722841Z      |
2026-09-09T20:35:42.4723155Z 2161 |     fn peek(&self) -> &Token<'_> {
2026-09-09T20:35:42.4723554Z      |                             ++++
2026-09-09T20:35:42.4723828Z 
2026-09-09T20:35:42.9631463Z warning: function `permission_plan` is never used
2026-09-09T20:35:42.9633020Z    --> sv_core/src/authority/transitions/reuse_tests.rs:288:4
2026-09-09T20:35:42.9633401Z     |
2026-09-09T20:35:42.9633652Z 288 | fn permission_plan() -> GenesisPlan {
2026-09-09T20:35:42.9634009Z     |    ^^^^^^^^^^^^^^^
2026-09-09T20:35:42.9634272Z     |
2026-09-09T20:35:42.9634611Z     = note: `#[warn(dead_code)]` (part of `#[warn(unused)]`) on by default
2026-09-09T20:35:42.9634955Z 
2026-09-09T20:35:45.7112533Z warning: `sv_core` (lib) generated 27 warnings (run `cargo fix --lib -p sv_core` to apply 1 suggestion)
2026-09-09T20:35:45.7144696Z    Compiling sv_wasm v0.1.0 (/home/runner/work/SV-lenguaje-de-computacion/SV-lenguaje-de-computacion/rust/sv_wasm)
2026-09-09T20:35:46.6987081Z    Compiling sv_native v0.1.0 (/home/runner/work/SV-lenguaje-de-computacion/SV-lenguaje-de-computacion/rust/sv_native)
2026-09-09T20:35:47.7871507Z warning: `sv_core` (lib test) generated 4 warnings (3 duplicates)
2026-09-09T20:35:48.2702648Z warning: function `check_witness` is never used
2026-09-09T20:35:48.2731113Z   --> sv_core/examples/../../../tests/row7_gh/probe.rs:59:8
2026-09-09T20:35:48.2760747Z    |
2026-09-09T20:35:48.2790950Z 59 | pub fn check_witness(witness: &str) -> Result<(), String> {
2026-09-09T20:35:48.2791638Z    |        ^^^^^^^^^^^^^
2026-09-09T20:35:48.2820673Z    |
2026-09-09T20:35:48.2868305Z    = note: `#[warn(dead_code)]` (part of `#[warn(unused)]`) on by default
2026-09-09T20:35:48.2880435Z 
2026-09-09T20:35:48.8231458Z warning: `sv_core` (example "gh_binding_probe") generated 1 warning
2026-09-09T20:35:48.9437680Z warning: `sv_core` (example "gh_binding_probe_browser") generated 1 warning (1 duplicate)
2026-09-09T20:35:49.0523019Z warning: function `report` is never used
2026-09-09T20:35:49.0541481Z    --> sv_core/tests/../../../tests/row7_bindings/cases.rs:165:8
2026-09-09T20:35:49.0570978Z     |
2026-09-09T20:35:49.0580896Z 165 | pub fn report()->Result<String,String> {
2026-09-09T20:35:49.0595829Z     |        ^^^^^^
2026-09-09T20:35:49.0630685Z     |
2026-09-09T20:35:49.0687787Z     = note: `#[warn(dead_code)]` (part of `#[warn(unused)]`) on by default
2026-09-09T20:35:49.0695228Z 
2026-09-09T20:35:49.6045156Z warning: `sv_core` (test "bindings") generated 1 warning
2026-09-09T20:35:50.1438485Z     Finished `test` profile [unoptimized + debuginfo] target(s) in 8.60s
2026-09-09T20:35:50.1458979Z      Running unittests src/lib.rs (rust/target/debug/deps/sv_core-9f6bf0705a27b544)
2026-09-09T20:35:50.1469665Z 
2026-09-09T20:35:50.1469773Z running 211 tests
2026-09-09T20:35:50.1477595Z test admissibility::tests::admissibility_labels_are_exact ... ok
2026-09-09T20:35:50.1478264Z test admissibility::tests::admissibility_spec_rejects_zero_parameter_id ... ok
2026-09-09T20:35:50.1478961Z test admissibility::tests::admissibility_state_is_exactly_the_closed_v0_2_set ... ok
2026-09-09T20:35:50.1479617Z test admissibility::tests::admissibility_spec_rejects_missing_rule ... ok
2026-09-09T20:35:50.1480361Z test admissibility::tests::only_ok_and_degraded_are_positively_admitted ... ok
2026-09-09T20:35:50.1481020Z test admissibility::tests::admitted_observation_does_not_itself_create_tri ... ok
2026-09-09T20:35:50.1481642Z test admissibility::tests::technical_capture_failure_remains_outside_tri ... ok
2026-09-09T20:35:50.1482141Z test admissibility::tests::valid_admissibility_spec_preserves_identity_parameter_and_rule ... ok
2026-09-09T20:35:50.1482595Z test authority::tests::authority_rejects_effect_outside_its_governed_domain ... ok
2026-09-09T20:35:50.1482992Z test authority::tests::authority_rejects_effect_outside_its_context ... ok
2026-09-09T20:35:50.1483457Z test authority::tests::constituted_authority_binds_holder_context_envelope_and_domain ... ok
2026-09-09T20:35:50.1483912Z test authority::tests::duplicate_members_do_not_expand_envelope_or_domain ... ok
2026-09-09T20:35:50.1484331Z test authority::tests::effect_envelope_uses_the_complete_effect_scope ... ok
2026-09-09T20:35:50.1484715Z test authority::tests::form_scope_requires_family_and_context_together ... ok
2026-09-09T20:35:50.1485351Z test authority::tests::effect_scope_requires_complete_constituted_effect_and_domain ... ok
2026-09-09T20:35:50.1485786Z test authority::tests::governed_domain_membership_is_decidable_before_exercise ... ok
2026-09-09T20:35:50.1486212Z test authority::tests::form_descriptor_freezes_the_constituted_dimensions ... ok
2026-09-09T20:35:50.1490078Z test authority::transitions::reuse_tests::accredited_but_incomplete_coverage_never_forms_permit ... ok
2026-09-09T20:35:50.1491506Z test authority::transitions::reuse_tests::adapter_error_after_dispatch_is_indeterminate_not_non_execution ... ok
2026-09-09T20:35:50.1492643Z test authority::transitions::reuse_tests::complete_governed_da_forms_a_sealed_permit ... ok
2026-09-09T20:35:50.1493756Z test authority::transitions::reuse_tests::different_effect_cannot_cross_mediation_with_valid_permit ... ok
2026-09-09T20:35:50.1495039Z test authority::transitions::reuse_tests::duplicate_reuse_binding_key_rejects_t0_atomically ... ok
2026-09-09T20:35:50.1495823Z test authority::transitions::reuse_tests::empty_reuse_binding_set_rejects_t0_atomically ... ok
2026-09-09T20:35:50.1496690Z test authority::transitions::reuse_tests::duplicate_reuse_rule_reference_across_requirements_rejects_t0_atomically ... ok
2026-09-09T20:35:50.1497564Z test authority::transitions::reuse_tests::form_without_required_authority_cannot_form_permit ... ok
2026-09-09T20:35:50.1498444Z test authority::transitions::reuse_tests::effect_outside_required_authority_scope_is_closed_before_permit ... ok
2026-09-09T20:35:50.1506220Z test authority::transitions::reuse_tests::idempotent_requires_new_governed_attempt_and_new_exercise_ref ... ok
2026-09-09T20:35:50.1507127Z test authority::transitions::reuse_tests::form_effect_mismatch_is_closed_before_permit ... ok
2026-09-09T20:35:50.1508061Z test authority::transitions::reuse_tests::governed_accumulation_contracts_remain_closed_before_adapter ... ok
2026-09-09T20:35:50.1508917Z test authority::transitions::reuse_tests::mediated_t_e_executes_once_and_records_append_only_trace ... ok
2026-09-09T20:35:50.1509691Z test authority::transitions::reuse_tests::r1_4_unit_three_does_not_make_authorizing_classes_productive ... ok
2026-09-09T20:35:50.1510767Z test authority::transitions::reuse_tests::r1_4_unit_two_does_not_make_authorizing_classes_productive ... ok
2026-09-09T20:35:50.1521341Z test authority::transitions::reuse_tests::non_exercise_commitment_is_rejected_before_adapter_dispatch ... ok
2026-09-09T20:35:50.1524070Z test authority::transitions::reuse_tests::r1_5_conflict_trace_preserves_each_individual_check_before_dn_resolution ... ok
2026-09-09T20:35:50.1526483Z test authority::transitions::reuse_tests::not_verifiable_requirements_never_form_positive_permit ... ok
2026-09-09T20:35:50.1528005Z test authority::transitions::reuse_tests::r1_4_unit_one_does_not_make_authorizing_classes_productive ... ok
2026-09-09T20:35:50.1533905Z test authority::transitions::reuse_tests::r1_5_incomplete_coverage_traces_resolved_da_as_qualified_dn ... ok
2026-09-09T20:35:50.1534854Z test authority::transitions::reuse_tests::refuted_requirements_never_form_positive_permit ... ok
2026-09-09T20:35:50.1535712Z test authority::transitions::reuse_tests::r1_5_refuted_decision_is_traced_without_mediation_or_exercise ... ok
2026-09-09T20:35:50.1536587Z test authority::transitions::reuse_tests::reuse_rule_is_constituted_by_t0_and_bound_to_requirement ... ok
2026-09-09T20:35:50.1537484Z test authority::transitions::reuse_tests::r1_5_traced_chain_from_t0_binds_decision_mediation_and_real_exercise ... ok
2026-09-09T20:35:50.1538074Z test authority::transitions::tests::applicability_mismatch_rejects_whole_genesis ... ok
2026-09-09T20:35:50.1538572Z test authority::transitions::reuse_tests::valid_permit_is_consumed_into_exact_mediated_commitment ... ok
2026-09-09T20:35:50.1539109Z test authority::transitions::reuse_tests::single_use_blocks_second_dispatch_after_confirmed_exercise ... ok
2026-09-09T20:35:50.1539619Z test authority::transitions::tests::authorizing_form_requires_prior_authority_reference ... ok
2026-09-09T20:35:50.1540499Z test authority::transitions::tests::authority_effect_outside_context_is_rejected_without_partial_state ... ok
2026-09-09T20:35:50.1541050Z test authority::transitions::tests::authority_effect_outside_domain_is_rejected_without_partial_state ... ok
2026-09-09T20:35:50.1541555Z test authority::transitions::tests::consumed_external_premise_cannot_seed_another_genesis ... ok
2026-09-09T20:35:50.1542175Z test authority::transitions::tests::controlled_form_without_context_is_rejected_before_constitution ... ok
2026-09-09T20:35:50.1542746Z test authority::transitions::tests::conflict_rule_without_applicable_decisive_verifier_rejects_t0_atomically ... ok
2026-09-09T20:35:50.1543302Z test authority::transitions::tests::controlled_form_without_requirements_is_rejected_atomically ... ok
2026-09-09T20:35:50.1543847Z test authority::transitions::reuse_tests::single_use_blocks_second_dispatch_after_indeterminate_attempt ... ok
2026-09-09T20:35:50.1544402Z test authority::transitions::tests::coverage_required_verifier_without_applicability_rejects_t0_atomically ... ok
2026-09-09T20:35:50.1544921Z test authority::transitions::tests::duplicate_authority_reference_is_rejected_atomically ... ok
2026-09-09T20:35:50.1545412Z test authority::transitions::tests::coverage_rule_is_constituted_by_t0_and_bound_to_requirement ... ok
2026-09-09T20:35:50.1545953Z test authority::transitions::tests::duplicate_conflict_rule_reference_across_requirements_rejects_t0_atomically ... ok
2026-09-09T20:35:50.1546470Z test authority::transitions::tests::duplicate_form_reference_is_rejected_atomically ... ok
2026-09-09T20:35:50.1546982Z test authority::transitions::tests::duplicate_coverage_rule_reference_across_requirements_rejects_t0_atomically ... ok
2026-09-09T20:35:50.1547501Z test authority::transitions::tests::empty_coverage_required_set_rejects_t0_atomically ... ok
2026-09-09T20:35:50.1547975Z test authority::transitions::tests::duplicate_coverage_required_verifier_rejects_t0_atomically ... ok
2026-09-09T20:35:50.1551231Z test authority::transitions::tests::governance_constitutive_and_recovery_remain_non_productive ... ok
2026-09-09T20:35:50.1553104Z test authority::transitions::tests::information_verification_enablement_and_exercise_are_non_authorizing ... ok
2026-09-09T20:35:50.1557940Z test authority::transitions::tests::missing_required_authority_is_rejected ... ok
2026-09-09T20:35:50.1559812Z test authority::transitions::tests::only_genesis_has_productive_disposition_in_r1_3_unit_2 ... ok
2026-09-09T20:35:50.1560781Z test authority::transitions::tests::missing_mandatory_core_rejects_whole_genesis ... ok
2026-09-09T20:35:50.1561511Z test authority::transitions::tests::second_t0_on_the_same_continuity_is_rejected ... ok
2026-09-09T20:35:50.1562249Z test authority::transitions::tests::rejected_empty_genesis_does_not_consume_t0_or_premise ... ok
2026-09-09T20:35:50.1563046Z test authority::transitions::tests::uncontrolled_genesis_remains_valid_without_requirements ... ok
2026-09-09T20:35:50.1563845Z test authority::transitions::tests::valid_t0_constitutes_initial_state_and_consumes_genesis ... ok
2026-09-09T20:35:50.1564572Z test c03_tests::c03_rejects_criticalities_while_no_surface_producer_exists ... ok
2026-09-09T20:35:50.1565235Z test c03_tests::c03_accepts_a_coherent_declared_subset_without_exhaustivity ... ok
2026-09-09T20:35:50.1565857Z test c03_tests::c03_rejects_external_or_duplicated_evaluation_sources ... ok
2026-09-09T20:35:50.1566552Z test c03_tests::c03_rejects_states_outside_architecture_or_multiple_states_for_one_node ... ok
2026-09-09T20:35:50.1567168Z test control_tests::check_results_are_exactly_the_three_sec0d_results ... ok
2026-09-09T20:35:50.1567577Z test c03_tests::c03_rejects_a_gate_or_supervision_that_escapes_the_causal_closure ... ok
2026-09-09T20:35:50.1568047Z test control_tests::continuity_occupancy_has_distinct_uninhabited_and_inhabited_states ... ok
2026-09-09T20:35:50.1568467Z test control_tests::control_id_rejects_empty_or_blank_identifiers ... ok
2026-09-09T20:35:50.1569038Z test control_tests::protected_reference_categories_are_nominally_distinct ... ok
2026-09-09T20:35:50.1569438Z test control_tests::technical_check_results_are_a_type_distinct_from_tri ... ok
2026-09-09T20:35:50.1569844Z test control_tests::transition_classes_preserve_the_eight_contractual_labels ... ok
2026-09-09T20:35:50.1570441Z test decision_trace::tests::decimal_successor_is_not_machine_word_bounded ... ok
2026-09-09T20:35:50.1571195Z test decision_trace::tests::decision_references_are_structural_ordinals ... ok
2026-09-09T20:35:50.1571603Z test equivalence::tests::json_escape_is_deterministic ... ok
2026-09-09T20:35:50.1571962Z test execution::tests::decimal_successor_is_unbounded_by_machine_word_width ... ok
2026-09-09T20:35:50.1572355Z test frame_tests::distinct_architecture_nodes_accept_distinct_states ... ok
2026-09-09T20:35:50.1572704Z test frame_tests::duplicate_state_reference_is_rejected ... ok
2026-09-09T20:35:50.1573015Z test frame_tests::eval_source_outside_frame_is_rejected ... ok
2026-09-09T20:35:50.1573323Z test frame_tests::gate_input_outside_frame_is_rejected ... ok
2026-09-09T20:35:50.1573616Z test frame_tests::duplicate_eval_source_is_rejected ... ok
2026-09-09T20:35:50.1573938Z test frame_tests::multiple_states_for_same_node_are_rejected ... ok
2026-09-09T20:35:50.1574234Z test frame_tests::frame_is_not_exhaustive ... ok
2026-09-09T20:35:50.1574517Z test frame_tests::non_empty_criticalities_are_rejected ... ok
2026-09-09T20:35:50.1574828Z test frame_tests::state_outside_architecture_is_rejected ... ok
2026-09-09T20:35:50.1575157Z test frame_tests::supervision_cell_target_inside_frame_is_valid ... ok
2026-09-09T20:35:50.1575512Z test frame_tests::supervision_cell_target_outside_frame_is_rejected ... ok
2026-09-09T20:35:50.1575890Z test frame_tests::supervision_composed_target_outside_frame_is_rejected ... ok
2026-09-09T20:35:50.1576260Z test frame_tests::supervision_meta_eval_outside_frame_is_rejected ... ok
2026-09-09T20:35:50.1577961Z test frame_tests::supervision_system_target_matching_architecture_is_valid ... ok
2026-09-09T20:35:50.1600900Z test frame_tests::supervision_system_target_must_match_architecture ... ok
2026-09-09T20:35:50.1605804Z test frame_tests::valid_frame_preserves_declared_references_and_unbounded_nat_index ... ok
2026-09-09T20:35:50.1606906Z test frontend::source_profile_public_tests_2a::selector_textual_y_abi_son_cerrados_y_estables ... ok
2026-09-09T20:35:50.1608085Z test frontend::profile_catalog_tests_2a::catalogos_y_aislamiento_interperfil_son_exhaustivos ... ok
2026-09-09T20:35:50.1609566Z test frontend::tests::sha256_matches_known_vector ... ok
2026-09-09T20:35:50.1610145Z test identifier_profile::tests::cubre_la_ortografia_espanola_del_perfil ... ok
2026-09-09T20:35:50.1611322Z test identifier_profile::tests::excluye_formas_no_canónicas_y_otros_alfabetos ... ok
2026-09-09T20:35:50.1612023Z test identifier_profile::tests::las_palabras_reservadas_no_son_identificadores ... ok
2026-09-09T20:35:50.1612705Z test ir_tests::admissibility_state_order_from_ir_is_preserved ... ok
2026-09-09T20:35:50.1613347Z test ir_tests::frame_ir_preserves_unbounded_index_declared_order_and_immutability ... ok
2026-09-09T20:35:50.1614069Z test frontend::tests::query_context_variants_are_materialized_as_closed_ir_variants ... ok
2026-09-09T20:35:50.1614728Z test ir_tests::object_type_and_level_are_derived_not_supplied ... ok
2026-09-09T20:35:50.1615297Z test ir_tests::operation_type_and_result_are_derived_not_supplied ... ok
2026-09-09T20:35:50.1615875Z test ir_tests::program_header_is_fixed_and_order_is_preserved ... ok
2026-09-09T20:35:50.1616442Z test ir_tests::query_and_supervision_variants_keep_canonical_labels ... ok
2026-09-09T20:35:50.1617076Z test ir_tests::resolve_operation_preserves_identified_target_and_instances ... ok
2026-09-09T20:35:50.1617878Z test frontend::union_surface_index_tests_2a::indice_conjunto_preserva_identidad_y_pertenencia_de_perfil ... ok
2026-09-09T20:35:50.1618679Z test ir_tests::trajectory_append_only_is_constitutive_in_the_representation ... ok
2026-09-09T20:35:50.1619572Z test ir_tests::tri_has_distinct_language_and_ir_labels ... ok
2026-09-09T20:35:50.1620363Z test multisource_assembly_tests_2b::el_perfil_erroneo_no_se_rescata_por_la_otra_unidad ... ok
2026-09-09T20:35:50.1621064Z test multisource_assembly_tests_2b::las_colisiones_globales_se_rechazan ... ok
2026-09-09T20:35:50.1621852Z test multisource_assembly_tests_2b::la_identidad_de_ensamblaje_es_determinista_y_sensible_al_orden ... ok
2026-09-09T20:35:50.1622813Z test multisource_assembly_tests_2b::admite_las_cuatro_combinaciones_de_perfil ... ok
2026-09-09T20:35:50.1623636Z test multisource_assembly_tests_2b::referencia_transfronteriza_exige_el_ensamblaje_global ... ok
2026-09-09T20:35:50.1624398Z test nat::tests::nat_accepts_values_beyond_u64_without_narrowing ... ok
2026-09-09T20:35:50.1624939Z test nat::tests::nat_has_one_internal_decimal_representation_per_value ... ok
2026-09-09T20:35:50.1625456Z test multisource_assembly_tests_2b::una_produccion_no_puede_cruzar_la_frontera_de_archivo ... ok
2026-09-09T20:35:50.1626115Z test nat::tests::nat_rejects_non_decimal_material ... ok
2026-09-09T20:35:50.1626703Z test requirements::tests::aggregation_rejects_duplicate_check_for_same_requirement ... ok
2026-09-09T20:35:50.1627533Z test requirements::tests::aggregation_rejects_same_reference_with_different_material_binding ... ok
2026-09-09T20:35:50.1628277Z test requirements::tests::aggregation_requires_complete_coverage ... ok
2026-09-09T20:35:50.1629011Z test requirements::tests::applicability_must_match_requirement_context_family_and_rule ... ok
2026-09-09T20:35:50.1629670Z test requirements::tests::all_accredited_aggregates_to_da ... ok
2026-09-09T20:35:50.1632125Z test requirements::tests::nominal_da_cannot_form_an_aggregable_check_without_applicability ... ok
2026-09-09T20:35:50.1632905Z test requirements::tests::dn_is_preserved_when_there_is_no_refutation ... ok
2026-09-09T20:35:50.1633506Z test requirements::tests::requirement_set_rejects_empty_req ... ok
2026-09-09T20:35:50.1634080Z test requirements::tests::refutation_precedes_not_verifiable ... ok
2026-09-09T20:35:50.1634658Z test requirements::tests::requirement_set_rejects_reused_reference ... ok
2026-09-09T20:35:50.1635303Z test requirements::tests::requirement_set_requires_the_non_eludible_core ... ok
2026-09-09T20:35:50.1635968Z test frontend::tests::compiles_all_current_valid_cases_from_actual_svp_text ... ok
2026-09-09T20:35:50.1636639Z test requirements_bridge::tests::aggregation_is_independent_of_result_order ... ok
2026-09-09T20:35:50.1637351Z test requirements_bridge::tests::aggregation_rejects_duplicate_requirement_result ... ok
2026-09-09T20:35:50.1638101Z test requirements_bridge::tests::aggregation_rejects_foreign_material_binding ... ok
2026-09-09T20:35:50.1638829Z test requirements_bridge::tests::aggregation_rejects_unexpected_requirement_result ... ok
2026-09-09T20:35:50.1639594Z test requirements_bridge::tests::aggregation_requires_complete_requirement_coverage ... ok
2026-09-09T20:35:50.1640581Z test requirements_bridge::tests::conflict_without_rule_preserves_each_individual_result ... ok
2026-09-09T20:35:50.1641437Z test requirements_bridge::tests::homogeneous_single_check_is_sealed_with_descriptor_and_observation ... ok
2026-09-09T20:35:50.1642212Z test requirements_bridge::tests::complete_accreditation_aggregates_to_da ... ok
2026-09-09T20:35:50.1642849Z test requirements_bridge::tests::dn_is_preserved_without_refutation ... ok
2026-09-09T20:35:50.1643522Z test requirements_conflict::tests::absent_decisive_verifier_leaves_conflict_at_dn ... ok
2026-09-09T20:35:50.1644295Z test requirements_conflict::tests::accredited_and_refuted_without_rule_become_not_verifiable ... ok
2026-09-09T20:35:50.1645138Z test requirements_conflict::tests::accredited_and_not_verifiable_without_rule_remain_not_verifiable ... ok
2026-09-09T20:35:50.1645933Z test requirements_conflict::tests::decisive_dn_verifier_cannot_promote_conflict ... ok
2026-09-09T20:35:50.1646641Z test requirements_conflict::tests::conflict_result_is_independent_of_input_order ... ok
2026-09-09T20:35:50.1647593Z test requirements_conflict::tests::decisive_accredited_verifier_resolves_conflict_to_da ... ok
2026-09-09T20:35:50.1648143Z test requirements_conflict::tests::decisive_refuted_verifier_resolves_conflict_to_dr ... ok
2026-09-09T20:35:50.1648569Z test requirements_conflict::tests::empty_check_set_is_rejected ... ok
2026-09-09T20:35:50.1648975Z test requirements_conflict::tests::homogeneous_accredited_checks_remain_accredited ... ok
2026-09-09T20:35:50.1649568Z test requirements_conflict::tests::homogeneous_not_verifiable_checks_remain_not_verifiable ... ok
2026-09-09T20:35:50.1650037Z test requirements_conflict::tests::mixed_requirements_are_not_a_single_conflict ... ok
2026-09-09T20:35:50.1650748Z test requirements_conflict::tests::homogeneous_refuted_checks_remain_refuted ... ok
2026-09-09T20:35:50.1651492Z test requirements_conflict::tests::majority_does_not_override_constituted_decisive_verifier ... ok
2026-09-09T20:35:50.1652343Z test requirements_conflict::tests::refuted_and_not_verifiable_without_rule_become_not_verifiable ... ok
2026-09-09T20:35:50.1653199Z test requirements_conflict::tests::public_governed_path_rejects_foreign_material_binding ... ok
2026-09-09T20:35:50.1653933Z test requirements_conflict::tests::public_governed_path_without_rule_keeps_conflict_at_dn ... ok
2026-09-09T20:35:50.1654456Z test requirements_conflict::tests::repeated_verifier_is_rejected_instead_of_weighted ... ok
2026-09-09T20:35:50.1655350Z      Running tests/admissibility_table_causal.rs (rust/target/debug/deps/admissibility_table_causal-8911373653e15fdc)
2026-09-09T20:35:50.1655921Z test requirements_coverage::tests::absence_of_rule_is_not_empty_positive_coverage ... ok
2026-09-09T20:35:50.1656448Z test requirements_conflict::tests::repeated_verifier_with_incompatible_results_is_rejected_on_public_path ... ok
2026-09-09T20:35:50.1656985Z test requirements_coverage::tests::accredited_results_without_coverage_rules_aggregate_to_dn ... ok
2026-09-09T20:35:50.1657455Z test requirements_coverage::tests::all_required_participants_complete_coverage ... ok
2026-09-09T20:35:50.1657898Z test requirements_coverage::tests::coverage_rule_identity_is_part_of_the_resolved_binding ... ok
2026-09-09T20:35:50.1658428Z test requirements_coverage::tests::complete_coverage_of_all_accredited_requirements_aggregates_to_da ... ok
2026-09-09T20:35:50.1658919Z test requirements_coverage::tests::coverage_rule_rejects_duplicate_required_verifier ... ok
2026-09-09T20:35:50.1659359Z test requirements_coverage::tests::missing_required_participant_is_explicit ... ok
2026-09-09T20:35:50.1659766Z test requirements_coverage::tests::coverage_rule_rejects_empty_required_set ... ok
2026-09-09T20:35:50.1660620Z test requirements_coverage::tests::extra_participant_does_not_replace_a_missing_required_one ... ok
2026-09-09T20:35:50.1661110Z test requirements_coverage::tests::missing_required_verifier_prevents_da ... ok
2026-09-09T20:35:50.1661535Z test requirements_coverage::tests::refutation_is_not_erased_by_absent_coverage_rule ... ok
2026-09-09T20:35:50.1661979Z test requirements_coverage::tests::result_from_other_requirement_is_rejected ... ok
2026-09-09T20:35:50.1662444Z test requirements_coverage::tests::rule_bound_to_other_context_is_rejected_even_if_attached_for_test ... ok
2026-09-09T20:35:50.1662872Z test requirements_reuse::tests::changed_context_closes_to_dn ... ok
2026-09-09T20:35:50.1663226Z test requirements_reuse::tests::changed_single_binding_closes_to_dn ... ok
2026-09-09T20:35:50.1663608Z test requirements_bridge::tests::refutation_precedes_dn_after_resolution ... ok
2026-09-09T20:35:50.1664164Z test requirements_reuse::tests::exact_continuity_preserves_dr ... ok
2026-09-09T20:35:50.1664819Z test requirements_reuse::tests::incomplete_coverage_cannot_reappear_as_historical_da ... ok
2026-09-09T20:35:50.1665491Z test requirements_reuse::tests::missing_current_rule_closes_to_dn ... ok
2026-09-09T20:35:50.1666096Z test requirements_reuse::tests::other_requirement_is_structural_error ... ok
2026-09-09T20:35:50.1666907Z test requirements_reuse::tests::reuse_rule_rejects_duplicate_binding_key ... ok
2026-09-09T20:35:50.1667373Z test requirements_reuse::tests::reuse_rule_rejects_empty_binding_set ... ok
2026-09-09T20:35:50.1667792Z test requirements_reuse::tests::same_rule_reference_with_changed_binding_is_not_reusable ... ok
2026-09-09T20:35:50.1668262Z test requirements_reuse::tests::exact_continuity_preserves_da ... ok
2026-09-09T20:35:50.1669052Z test resolution_tests::arbitrary_precision_position_cannot_overflow_into_a_valid_index ... ok
2026-09-09T20:35:50.1669606Z test requirements_reuse::tests::exact_continuity_preserves_dn_without_promotion ... ok
2026-09-09T20:35:50.1670065Z test resolution_tests::cell_target_u_is_reviewable_and_closure_remains_u ... ok
2026-09-09T20:35:50.1670887Z test resolution_tests::mechanism_instance_must_match_res_spec_exactly ... ok
2026-09-09T20:35:50.1671267Z test resolution_tests::context_instance_must_match_res_spec_exactly ... ok
2026-09-09T20:35:50.1671651Z test resolution_tests::coupled_target_uses_the_effective_updated_vector ... ok
2026-09-09T20:35:50.1672026Z test resolution_tests::non_evaluable_target_is_rejected_with_e305 ... ok
2026-09-09T20:35:50.1672641Z test resolution_tests::position_beyond_effective_vector_is_rejected ... ok
2026-09-09T20:35:50.1673274Z test resolution_tests::res_spec_preserves_opaque_contract_references ... ok
2026-09-09T20:35:50.1673855Z test resolution_tests::target_value_must_be_a_constituted_u ... ok
2026-09-09T20:35:50.1674341Z test resolution_tests::zero_position_is_rejected_as_not_one_based ... ok
2026-09-09T20:35:50.1674816Z test tests::technical_invalidity_is_not_u ... ok
2026-09-09T20:35:50.1675101Z test tests::tri_has_a_stable_one_byte_representation ... ok
2026-09-09T20:35:50.1675397Z test tests::tri_numeric_representation_is_canonical ... ok
2026-09-09T20:35:50.1675704Z test tests::tri_is_exactly_ternary_at_the_public_boundary ... ok
2026-09-09T20:35:50.1676040Z test resolution_tests::review_does_not_mutate_the_effective_state ... ok
2026-09-09T20:35:50.1676462Z test resolution_tests::review_material_never_becomes_positive_closure_by_execution_alone ... ok
2026-09-09T20:35:50.1676931Z test transition_data_wellformed::tests::decimal_order_does_not_narrow_unbounded_naturals ... ok
2026-09-09T20:35:50.1677289Z test tests::tri_roundtrip_is_canonical ... ok
2026-09-09T20:35:50.1677561Z test tests::tri_textual_representation_is_canonical ... ok
2026-09-09T20:35:50.1677886Z test wellformed::tests::decimal_order_does_not_narrow_unbounded_nat ... ok
2026-09-09T20:35:50.1678259Z test tests::version_constants_match_the_integrated_frontend_contract ... ok
2026-09-09T20:35:50.1678475Z 
2026-09-09T20:35:50.1678662Z test result: ok. 211 passed; 0 failed; 0 ignored; 0 measured; 0 filtered out; finished in 0.02s
2026-09-09T20:35:50.1678912Z 
2026-09-09T20:35:50.1679185Z      Running tests/architecture_type_guards.rs (rust/target/debug/deps/architecture_type_guards-e63f5ba1c527b1f9)
2026-09-09T20:35:50.1679505Z 
2026-09-09T20:35:50.1679576Z running 3 tests
2026-09-09T20:35:50.1679784Z test el_cierre_interno_historico_falla_en_sintaxis ... ok
2026-09-09T20:35:50.1680101Z test salida_ajena_al_codominio_alcanza_la_guarda_semantica ... ok
2026-09-09T20:35:50.1680648Z test sustituir_solo_la_salida_por_un_miembro_declarado_admite_la_tabla ... ok
2026-09-09T20:35:50.1680981Z 
2026-09-09T20:35:50.1681295Z test result: ok. 3 passed; 0 failed; 0 ignored; 0 measured; 0 filtered out; finished in 0.00s
2026-09-09T20:35:50.1681546Z 
2026-09-09T20:35:50.1681582Z 
2026-09-09T20:35:50.1681679Z running 3 tests
2026-09-09T20:35:50.1685471Z test compose_graph_exige_composition_graph_en_ambos_perfiles ... ok
2026-09-09T20:35:50.1688047Z test frame_architecture_exige_composition_graph_en_ambos_perfiles ... ok
2026-09-09T20:35:50.1690501Z test frame_y_compose_conservan_sus_controles_validos ... ok
2026-09-09T20:35:50.1690836Z 
2026-09-09T20:35:50.1691145Z test result: ok. 3 passed; 0 failed; 0 ignored; 0 measured; 0 filtered out; finished in 0.00s
2026-09-09T20:35:50.1691766Z 
2026-09-09T20:35:50.1691975Z      Running tests/bindings.rs (rust/target/debug/deps/bindings-e3479c09a1b0b2e2)
2026-09-09T20:35:50.1699975Z 
2026-09-09T20:35:50.1700098Z running 45 tests
2026-09-09T20:35:50.1910869Z test l00_identidad_vacia ... ok
2026-09-09T20:35:50.1940767Z test l00_esquema ... ok
2026-09-09T20:35:50.2000725Z test l00_operacion_duplicada ... ok
2026-09-09T20:35:50.2109303Z test l01_version ... ok
2026-09-09T20:35:50.2127618Z test l00_uso_duplicado ... ok
2026-09-09T20:35:50.2210765Z test l02_orden_expectativa ... ok
2026-09-09T20:35:50.2371128Z test l04_bytes ... ok
2026-09-09T20:35:50.2380950Z test l03_programa ... ok
2026-09-09T20:35:50.2422415Z test l05_version_duplicada ... ok
2026-09-09T20:35:50.2630817Z test l07_clase ... ok
2026-09-09T20:35:50.2820819Z test l08_instancia_duplicada ... ok
2026-09-09T20:35:50.2870773Z test l06_referencia_ausente ... ok
2026-09-09T20:35:50.2900683Z test l06_referencia_exacta ... ok
2026-09-09T20:35:50.3024985Z test l10_admision_ajena ... ok
2026-09-09T20:35:50.3110604Z test l09_propietario ... ok
2026-09-09T20:35:50.3230732Z test l09_parametro ... ok
2026-09-09T20:35:50.3231092Z test l10_admision_tipo ... ok
2026-09-09T20:35:50.3298915Z test l10_captura_ajena ... ok
2026-09-09T20:35:50.3470794Z test l10_captura_tipo ... ok
2026-09-09T20:35:50.3531977Z test controles_positivos_preservan_identidad_orden_y_multiplicidad ... ok
2026-09-09T20:35:50.3540796Z test l11_numeral_captura ... ok
2026-09-09T20:35:50.3570611Z test l11_numeral_admision ... ok
2026-09-09T20:35:50.3750910Z test l12_regla ... ok
2026-09-09T20:35:50.3778256Z test l13_espacio ... ok
2026-09-09T20:35:50.3780823Z test l13_ternarizador_ajeno ... ok
2026-09-09T20:35:50.3811903Z test l14_procedencia ... ok
2026-09-09T20:35:50.3990791Z test l15_operacion ... ok
2026-09-09T20:35:50.4036513Z test l15_version_operacion ... ok
2026-09-09T20:35:50.4060693Z test l16_instancia_ausente ... ok
2026-09-09T20:35:50.4080970Z test l17_destino_ausente ... ok
2026-09-09T20:35:50.4172320Z test l18_destino_ausente ... ok
2026-09-09T20:35:50.4270579Z test l18_destino_tipo ... ok
2026-09-09T20:35:50.4334165Z test l18_nodo_ajeno ... ok
2026-09-09T20:35:50.4368126Z test l19_cero ... ok
2026-09-09T20:35:50.4419184Z test l19_diez ... ok
2026-09-09T20:35:50.4540796Z test l19_nat_grande ... ok
2026-09-09T20:35:50.4640620Z test l20_colision ... ok
2026-09-09T20:35:50.4645399Z test l21_comparticion_ausente ... ok
2026-09-09T20:35:50.4680666Z test l22_alias_destino ... ok
2026-09-09T20:35:50.4800627Z test l22_alias_instancia ... ok
2026-09-09T20:35:50.4899613Z test l22_alias_posterior ... ok
2026-09-09T20:35:50.4915570Z test l23_comparticion_orden ... ok
2026-09-09T20:35:50.4916073Z test l23_comparticion_incompleta ... ok
2026-09-09T20:35:50.5029972Z test l24_lateral_ausente ... ok
2026-09-09T20:35:50.5102322Z test l24_lateral_oculta ... ok
2026-09-09T20:35:50.5102559Z 
2026-09-09T20:35:50.5102875Z test result: ok. 45 passed; 0 failed; 0 ignored; 0 measured; 0 filtered out; finished in 0.34s
2026-09-09T20:35:50.5103312Z 
2026-09-09T20:35:50.5106108Z      Running tests/bridge_set.rs (rust/target/debug/deps/bridge_set-38720aba5ea81af3)
2026-09-09T20:35:50.5116085Z 
2026-09-09T20:35:50.5116195Z running 3 tests
2026-09-09T20:35:50.5121343Z test empty_set_and_declared_order_are_preserved ... ok
2026-09-09T20:35:50.5123673Z test duplicate_nat_positions_are_rejected_before_ir_admission ... ok
2026-09-09T20:35:50.5124423Z      Running tests/cell_geometry_native.rs (rust/target/debug/deps/cell_geometry_native-f5d08cc51e268b59)
2026-09-09T20:35:50.5125095Z test existing_range_rejection_keeps_precedence ... ok
2026-09-09T20:35:50.5125370Z 
2026-09-09T20:35:50.5125676Z test result: ok. 3 passed; 0 failed; 0 ignored; 0 measured; 0 filtered out; finished in 0.00s
2026-09-09T20:35:50.5125933Z 
2026-09-09T20:35:50.5132678Z 
2026-09-09T20:35:50.5132788Z running 4 tests
2026-09-09T20:35:50.5137134Z test vector_de_longitud_dieciseis_es_admisible_para_b_cuatro ... ok
2026-09-09T20:35:50.5137731Z test b_menor_que_tres_se_rechaza_nativamente_en_ambos_perfiles ... ok
2026-09-09T20:35:50.5139205Z test b_tres_y_b_cuatro_derivan_nueve_y_dieciseis_posiciones ... ok
2026-09-09T20:35:50.5139606Z test longitud_de_vector_distinta_de_n_se_rechaza_nativamente ... ok
2026-09-09T20:35:50.5139807Z 
2026-09-09T20:35:50.5140046Z test result: ok. 4 passed; 0 failed; 0 ignored; 0 measured; 0 filtered out; finished in 0.00s
2026-09-09T20:35:50.5140972Z      Running tests/codomain_uniqueness.rs (rust/target/debug/deps/codomain_uniqueness-9d387cf8f1c88b1b)
2026-09-09T20:35:50.5141312Z 
2026-09-09T20:35:50.5148026Z 
2026-09-09T20:35:50.5148153Z running 3 tests
2026-09-09T20:35:50.5151899Z test n0_01_conserva_codominios_distintos_en_ambos_perfiles ... ok
2026-09-09T20:35:50.5152460Z test n0_01_rechaza_miembro_duplicado_en_ambos_perfiles ... ok
2026-09-09T20:35:50.5153027Z test n0_01_el_ensamblaje_no_rescata_un_codominio_duplicado ... ok
2026-09-09T20:35:50.5153332Z 
2026-09-09T20:35:50.5153520Z test result: ok. 3 passed; 0 failed; 0 ignored; 0 measured; 0 filtered out; finished in 0.00s
2026-09-09T20:35:50.5153897Z 
2026-09-09T20:35:50.5154135Z      Running tests/context_wellformed.rs (rust/target/debug/deps/context_wellformed-d96c5ed24650c13e)
2026-09-09T20:35:50.5162328Z 
2026-09-09T20:35:50.5162462Z running 11 tests
2026-09-09T20:35:50.5257972Z test query_architecture_gate_entrada_ajena ... ok
2026-09-09T20:35:50.5258666Z test query_architecture_eval_celda_ajena ... ok
2026-09-09T20:35:50.5259230Z test query_architecture_cell_ajena ... ok
2026-09-09T20:35:50.5259744Z test query_architecture_eval_nodo_ajeno ... ok
2026-09-09T20:35:50.5315161Z test query_coverage_interface_ajena ... ok
2026-09-09T20:35:50.5345893Z test query_comparison_frame_ajeno ... ok
2026-09-09T20:35:50.5373825Z test query_coverage_silent_u_ajena ... ok
2026-09-09T20:35:50.5374955Z test query_point_frame_ajeno ... ok
2026-09-09T20:35:50.5409374Z test query_trajectory_ajena ... ok
2026-09-09T20:35:50.5418569Z test trajectory_frame_arquitectura_distinta ... ok
2026-09-09T20:35:50.5442782Z test trajectory_horizon_arquitectura_distinta ... ok
2026-09-09T20:35:50.5443098Z 
2026-09-09T20:35:50.5443404Z test result: ok. 11 passed; 0 failed; 0 ignored; 0 measured; 0 filtered out; finished in 0.03s
2026-09-09T20:35:50.5443796Z 
2026-09-09T20:35:50.5445464Z      Running tests/cyb_authority_boundary.rs (rust/target/debug/deps/cyb_authority_boundary-ad89efce2fcd2b6c)
2026-09-09T20:35:50.5454299Z 
2026-09-09T20:35:50.5454777Z running 9 tests
2026-09-09T20:35:50.5760409Z test fa01_referencia_de_autoridad_privada ... ok
2026-09-09T20:35:50.5764337Z test fa02_macro_no_elude_referencia_privada ... ok
2026-09-09T20:35:50.5794768Z test fa03_premisa_externa_no_fabricable ... ok
2026-09-09T20:35:50.6044172Z test fa04_macro_no_elude_premisa_privada ... ok
2026-09-09T20:35:50.6092855Z test fa06_resultado_elegido_no_es_permiso ... ok
2026-09-09T20:35:50.6114337Z test fa05_ligadura_validada_no_es_autoridad ... ok
2026-09-09T20:35:50.6421150Z test fa07_booleano_no_sustituye_premisa ... ok
2026-09-09T20:35:50.6902149Z test datos_documentales_no_constituyen_autoridad ... ok
2026-09-09T20:35:50.7239500Z test macro_de_datos_nominales_admitida ... ok
2026-09-09T20:35:50.7239735Z 
2026-09-09T20:35:50.7239978Z test result: ok. 9 passed; 0 failed; 0 ignored; 0 measured; 0 filtered out; finished in 0.18s
2026-09-09T20:35:50.7240405Z 
2026-09-09T20:35:50.7241918Z      Running tests/cyb_reception.rs (rust/target/debug/deps/cyb_reception-28ef2efde3c31c5a)
2026-09-09T20:35:50.7250780Z 
2026-09-09T20:35:50.7250898Z running 12 tests
2026-09-09T20:35:50.7561850Z test cyb_instancias_documentales_independientes ... ok
2026-09-09T20:35:51.1229939Z test cyb_rechazos_causales_y_reparaciones ... ok
2026-09-09T20:35:53.0354880Z test cyb_definicion_y_modulos_exactos ... ok
2026-09-09T20:35:54.1549936Z test cyb_ensamblaje_directo ... ok
2026-09-09T20:35:54.1550683Z test probe::json::tests::preserves_fixed_values_order_and_unicode ... ok
2026-09-09T20:35:54.1551324Z test probe::json::tests::rejects_duplicate_and_index_keys ... ok
2026-09-09T20:35:54.1552257Z test probe::json::tests::rejects_invalid_unicode_and_utf8 ... ok
2026-09-09T20:35:54.1552859Z test probe::json::tests::rejects_json_syntax_instead_of_repairing_it ... ok
2026-09-09T20:35:54.1553573Z test probe::json::tests::rejects_numeric_conversion_before_it_loses_information ... ok
2026-09-09T20:35:54.1634610Z test cyb_ensamblaje_inverso ... ok
2026-09-09T20:35:54.3995066Z test cyb_transporte_en ... ok
2026-09-09T20:35:55.5695235Z test cyb_transporte_es ... ok
2026-09-09T20:35:55.5695431Z 
2026-09-09T20:35:55.5696003Z test result: ok. 12 passed; 0 failed; 0 ignored; 0 measured; 0 filtered out; finished in 4.84s
2026-09-09T20:35:55.5696284Z 
2026-09-09T20:35:55.5699854Z      Running tests/diagnostic_frontend.rs (rust/target/debug/deps/diagnostic_frontend-cfe398c76c30e302)
2026-09-09T20:35:55.5708456Z 
2026-09-09T20:35:55.5708625Z running 7 tests
2026-09-09T20:35:55.5712083Z test lexical_character_and_foreign_surface_keep_original_ranges ... ok
2026-09-09T20:35:55.5712684Z test eof_preserves_original_utf8_bytes_and_selected_language ... ok
2026-09-09T20:35:55.5713374Z test mixed_assembly_attributes_only_the_faulty_unit_even_with_duplicate_file_names ... ok
2026-09-09T20:35:55.5715065Z test optional_fields_repetition_and_order_are_distinct ... ok
2026-09-09T20:35:55.5715683Z test valid_foreign_contextual_identifiers_and_professional_literals_are_unchanged ... ok
2026-09-09T20:35:55.5716202Z test quoted_text_is_not_copied_into_the_new_explanation ... ok
2026-09-09T20:35:55.5716758Z test source_hash_changes_with_original_bytes_without_normalization ... ok
2026-09-09T20:35:55.5717541Z      Running tests/diagnostic_validation.rs (rust/target/debug/deps/diagnostic_validation-bc49d6b5f0b03927)
2026-09-09T20:35:55.5717922Z 
2026-09-09T20:35:55.5718128Z test result: ok. 7 passed; 0 failed; 0 ignored; 0 measured; 0 filtered out; finished in 0.00s
2026-09-09T20:35:55.5718388Z 
2026-09-09T20:35:55.5725708Z 
2026-09-09T20:35:55.5725819Z running 8 tests
2026-09-09T20:35:55.5730543Z test cases::cobertura_no_se_inventa_para_causas_pendientes ... ok
2026-09-09T20:35:55.5731525Z test cases::colision_conserva_ambas_declaraciones_aunque_coincida_el_archivo ... ok
2026-09-09T20:35:55.5732217Z test cases::codominio_causa_codigo_prosa_y_control_en_ambos_perfiles ... ok
2026-09-09T20:35:55.5732912Z test cases::colision_objeto_operacion_y_operacion_operacion_conserva_precedencia ... ok
2026-09-09T20:35:55.5733624Z test cases::base_y_dominios_cerrados_se_localizan_sin_crear_codigos ... ok
2026-09-09T20:35:55.5734289Z test cases::fallo_local_no_atribuye_defecto_a_unidad_sana_y_huella_es_original ... ok
2026-09-09T20:35:55.5738773Z test cases::referencias_cruzadas_conservan_contextos_por_unidad_y_orden ... ok
2026-09-09T20:35:55.5742504Z test cases::semantica_distingue_repetidas_ausentes_y_ajenas_sin_revelar_textos ... ok
2026-09-09T20:35:55.5742946Z 
2026-09-09T20:35:55.5743257Z test result: ok. 8 passed; 0 failed; 0 ignored; 0 measured; 0 filtered out; finished in 0.00s
2026-09-09T20:35:55.5743713Z 
2026-09-09T20:35:55.5744700Z      Running tests/domain_parameters.rs (rust/target/debug/deps/domain_parameters-48cafe0685ab2722)
2026-09-09T20:35:55.5752539Z 
2026-09-09T20:35:55.5752643Z running 3 tests
2026-09-09T20:35:55.5758760Z test exact_names_and_order_are_preserved_without_numeric_binding ... ok
2026-09-09T20:35:55.5759372Z test unconsumed_domain_rejects_repeated_nominal_identity ... ok
2026-09-09T20:35:55.5764307Z test previous_chain_and_reference_rejections_remain_first ... ok
2026-09-09T20:35:55.5764667Z 
2026-09-09T20:35:55.5765011Z test result: ok. 3 passed; 0 failed; 0 ignored; 0 measured; 0 filtered out; finished in 0.00s
2026-09-09T20:35:55.5765360Z 
2026-09-09T20:35:55.5766020Z      Running tests/gh_bindings.rs (rust/target/debug/deps/gh_bindings-af743f2f014cd251)
2026-09-09T20:35:55.5773954Z 
2026-09-09T20:35:55.5774070Z running 8 tests
2026-09-09T20:35:55.6023946Z test estado_propuesta ... ok
2026-09-09T20:35:55.6025251Z test adjudicacion_separada ... ok
2026-09-09T20:35:55.6025586Z test atribucion_documental ... ok
2026-09-09T20:35:55.6026210Z test antecedente_enmienda ... ok
2026-09-09T20:35:55.6255660Z test extremo_de_ventana ... ok
2026-09-09T20:35:55.6256766Z test u_y_configuracion_ausente ... ok
2026-09-09T20:35:55.6262477Z test unidad_metodo_referencia ... ok
2026-09-09T20:35:55.6266757Z test ligaduras_ordenadas ... ok
2026-09-09T20:35:55.6267000Z 
2026-09-09T20:35:55.6267212Z test result: ok. 8 passed; 0 failed; 0 ignored; 0 measured; 0 filtered out; finished in 0.05s
2026-09-09T20:35:55.6267498Z 
2026-09-09T20:35:55.6270436Z      Running tests/grammar_closed_domains.rs (rust/target/debug/deps/grammar_closed_domains-bcf8bb67d13e224c)
2026-09-09T20:35:55.6278904Z 
2026-09-09T20:35:55.6279001Z running 5 tests
2026-09-09T20:35:55.6283443Z test dg01_rechaza_kind_ajeno_en_y_es ... ok
2026-09-09T20:35:55.6283723Z test dg02_rechaza_pattern_ajeno_en_y_es ... ok
2026-09-09T20:35:55.6283970Z test dg03_rechaza_regime_ajeno_en_y_es ... ok
2026-09-09T20:35:55.6285255Z test ensamblaje_no_rescata_un_literal_ajeno_de_otra_unidad ... ok
2026-09-09T20:35:55.6286176Z test dominios_canónicos_siguen_admitidos_en_y_es ... ok
2026-09-09T20:35:55.6286542Z 
2026-09-09T20:35:55.6286999Z test result: ok. 5 passed; 0 failed; 0 ignored; 0 measured; 0 filtered out; finished in 0.00s
2026-09-09T20:35:55.6287479Z 
2026-09-09T20:35:55.6289580Z      Running tests/horizon_architecture.rs (rust/target/debug/deps/horizon_architecture-1615d4acc492fca6)
2026-09-09T20:35:55.6296330Z 
2026-09-09T20:35:55.6296433Z running 5 tests
2026-09-09T20:35:55.6316376Z test n0_04_existing_graph_must_be_wellformed ... ok
2026-09-09T20:35:55.6319347Z test n0_04_forward_reference_preserves_graph_and_events ... ok
2026-09-09T20:35:55.6319993Z test n0_04_missing_wrong_type_self_and_operation_in_both_profiles ... ok
2026-09-09T20:35:55.6320782Z test n0_04_agent_identity_and_equal_missing_names ... ok
2026-09-09T20:35:55.6326871Z test n0_04_mixed_assembly_resolves_or_rejects_in_both_orders ... ok
2026-09-09T20:35:55.6327222Z 
2026-09-09T20:35:55.6327550Z test result: ok. 5 passed; 0 failed; 0 ignored; 0 measured; 0 filtered out; finished in 0.00s
2026-09-09T20:35:55.6327995Z 
2026-09-09T20:35:55.6328752Z      Running tests/horizon_events.rs (rust/target/debug/deps/horizon_events-be5410cda4fd3acb)
2026-09-09T20:35:55.6336761Z 
2026-09-09T20:35:55.6336884Z running 3 tests
2026-09-09T20:35:55.6344122Z test duplicate_types_are_rejected_in_an_unconsumed_horizon ... ok
2026-09-09T20:35:55.6345414Z test previous_reference_empty_and_membership_diagnostics_remain_first ... ok
2026-09-09T20:35:55.6346432Z test uniqueness_is_local_and_preserves_declared_order ... ok
2026-09-09T20:35:55.6346688Z 
2026-09-09T20:35:55.6347070Z test result: ok. 3 passed; 0 failed; 0 ignored; 0 measured; 0 filtered out; finished in 0.00s
2026-09-09T20:35:55.6347521Z 
2026-09-09T20:35:55.6348463Z      Running tests/json_projection.rs (rust/target/debug/deps/json_projection-64ea6a6ff1da5665)
2026-09-09T20:35:55.6356480Z 
2026-09-09T20:35:55.6356587Z running 5 tests
2026-09-09T20:35:55.6362442Z test n0_03_conserva_guarda_previa_del_otro_mapa_variable ... ok
2026-09-09T20:35:55.6363028Z test n0_03_ensamblaje_no_rescata_duplicados_sin_celda ... FAILED
2026-09-09T20:35:55.6363580Z test n0_03_conserva_claves_compartidas_entre_mapas_y_mapa_vacio ... ok
2026-09-09T20:35:55.6366118Z test n0_03_rechaza_semantica_no_enlazada_en_es_en ... FAILED
2026-09-09T20:35:55.6366609Z test n0_03_ensamblaje_conserva_ambitos_y_referencias_de_n0_02 ... ok
2026-09-09T20:35:55.6366917Z 
2026-09-09T20:35:55.6367002Z failures:
2026-09-09T20:35:55.6367124Z 
2026-09-09T20:35:55.6367321Z ---- n0_03_ensamblaje_no_rescata_duplicados_sin_celda stdout ----
2026-09-09T20:35:55.6367625Z 
2026-09-09T20:35:55.6368048Z thread 'n0_03_ensamblaje_no_rescata_duplicados_sin_celda' (10759) panicked at sv_core/tests/json_projection.rs:10:18:
2026-09-09T20:35:55.6369322Z debía rechazarse antes de exponer una proyección: Err(InvalidProgram("E115 (InvalidOutputSemantics): OutputSemantics Second: repetidas=[A]"))
2026-09-09T20:35:55.6370341Z note: run with `RUST_BACKTRACE=1` environment variable to display a backtrace
2026-09-09T20:35:55.6370902Z 
2026-09-09T20:35:55.6371083Z ---- n0_03_rechaza_semantica_no_enlazada_en_es_en stdout ----
2026-09-09T20:35:55.6371364Z 
2026-09-09T20:35:55.6371759Z thread 'n0_03_rechaza_semantica_no_enlazada_en_es_en' (10760) panicked at sv_core/tests/json_projection.rs:10:18:
2026-09-09T20:35:55.6372846Z debía rechazarse antes de exponer una proyección: Err(InvalidProgram("E115 (InvalidOutputSemantics): OutputSemantics S: repetidas=[A]"))
2026-09-09T20:35:55.6373485Z 
2026-09-09T20:35:55.6373489Z 
2026-09-09T20:35:55.6373737Z failures:
2026-09-09T20:35:55.6373977Z     n0_03_ensamblaje_no_rescata_duplicados_sin_celda
2026-09-09T20:35:55.6374324Z     n0_03_rechaza_semantica_no_enlazada_en_es_en
2026-09-09T20:35:55.6374560Z 
2026-09-09T20:35:55.6374855Z test result: FAILED. 3 passed; 2 failed; 0 ignored; 0 measured; 0 filtered out; finished in 0.00s
2026-09-09T20:35:55.6375265Z 
2026-09-09T20:35:55.6375507Z error: test failed, to rerun pass `-p sv_core --test json_projection`
2026-09-09T20:35:55.6394614Z ##[error]Process completed with exit code 101.
2026-09-09T20:35:55.6504879Z Node 20 is being deprecated. This workflow is running with Node 24 by default. If you need to temporarily use Node 20, you can set the ACTIONS_ALLOW_USE_UNSECURE_NODE_VERSION=true environment variable. For more information see: https://github.blog/changelog/2025-09-19-deprecation-of-node-20-on-github-actions-runners/
2026-09-09T20:35:55.6506072Z ##[group]Run actions/upload-artifact@v4
2026-09-09T20:35:55.6506290Z with:
2026-09-09T20:35:55.6506463Z   name: r0-wasm-three-way-parity
2026-09-09T20:35:55.6506671Z   if-no-files-found: error
2026-09-09T20:35:55.6506858Z   retention-days: 90
2026-09-09T20:35:55.6508350Z   path: artifacts/r0-wasm/
artifacts/r0-browser/
rust/target/release/sv-native
rust/target/release/examples/binding_probe
rust/target/release/examples/gh_binding_probe
rust/target/wasm32-wasip1/release/examples/gh_binding_probe.wasm
rust/target/wasm32-wasip1/release/examples/binding_probe.wasm
rust/target/release/examples/assembly_probe
rust/target/wasm32-wasip1/release/examples/assembly_probe.wasm
rust/target/wasm32-wasip1/release/sv-native.wasm
rust/target/wasm32-unknown-unknown/release/sv_wasm.wasm
rust/Cargo.lock

2026-09-09T20:35:55.6509836Z   compression-level: 6
2026-09-09T20:35:55.6510013Z   overwrite: false
2026-09-09T20:35:55.6510349Z   include-hidden-files: false
2026-09-09T20:35:55.6510545Z ##[endgroup]
2026-09-09T20:35:55.7883348Z (node:10761) [DEP0040] DeprecationWarning: The `punycode` module is deprecated. Please use a userland alternative instead.
2026-09-09T20:35:55.7883906Z (Use `node --trace-deprecation ...` to show where the warning was created)
2026-09-09T20:35:55.7929272Z Multiple search paths detected. Calculating the least common ancestor of all paths
2026-09-09T20:35:55.7934841Z The least common ancestor is /home/runner/work/SV-lenguaje-de-computacion/SV-lenguaje-de-computacion. This will be the root directory of the artifact
2026-09-09T20:35:55.7935750Z With the provided path, there will be 1 file uploaded
2026-09-09T20:35:55.7938645Z Artifact name is valid!
2026-09-09T20:35:55.7939225Z Root directory input is valid!
2026-09-09T20:35:56.1055777Z Beginning upload of artifact content to blob storage
2026-09-09T20:35:56.1188220Z (node:10761) [DEP0169] DeprecationWarning: `url.parse()` behavior is not standardized and prone to errors that have security implications. Use the WHATWG URL API instead. CVEs are not issued for `url.parse()` vulnerabilities.
2026-09-09T20:35:56.3387364Z Uploaded bytes 300
2026-09-09T20:35:56.4037092Z Finished uploading artifact content to blob storage!
2026-09-09T20:35:56.4037715Z SHA256 digest of uploaded artifact zip is 59e3aaa1a2a354fc99e506da3e828af463207bfc5b7c97e567371d3803b3182b
2026-09-09T20:35:56.4039543Z Finalizing artifact upload
2026-09-09T20:35:56.6572257Z Artifact r0-wasm-three-way-parity.zip successfully finalized. Artifact ID 10123808323
2026-09-09T20:35:56.6573186Z Artifact r0-wasm-three-way-parity has been successfully uploaded! Final size is 300 bytes. Artifact ID is 10123808323
2026-09-09T20:35:56.6578526Z Artifact download URL: https://github.com/juantoniolloretegea/SV-lenguaje-de-computacion/actions/runs/34401941117/artifacts/10123808323
2026-09-09T20:35:56.6753237Z Node 20 is being deprecated. This workflow is running with Node 24 by default. If you need to temporarily use Node 20, you can set the ACTIONS_ALLOW_USE_UNSECURE_NODE_VERSION=true environment variable. For more information see: https://github.blog/changelog/2025-09-19-deprecation-of-node-20-on-github-actions-runners/
2026-09-09T20:35:56.6754201Z Post job cleanup.
2026-09-09T20:35:56.7443182Z [command]/usr/bin/git version
2026-09-09T20:35:56.7480854Z git version 2.55.0
2026-09-09T20:35:56.7505927Z Temporarily overriding HOME='/home/runner/work/_temp/67ba7be6-d715-487f-9fef-306028301e2e' before making global git config changes
2026-09-09T20:35:56.7507091Z Adding repository directory to the temporary git global config as a safe directory
2026-09-09T20:35:56.7510662Z [command]/usr/bin/git config --global --add safe.directory /home/runner/work/SV-lenguaje-de-computacion/SV-lenguaje-de-computacion
2026-09-09T20:35:56.7540979Z [command]/usr/bin/git config --local --name-only --get-regexp core\.sshCommand
2026-09-09T20:35:56.7570050Z [command]/usr/bin/git submodule foreach --recursive sh -c "git config --local --name-only --get-regexp 'core\.sshCommand' && git config --local --unset-all 'core.sshCommand' || :"
2026-09-09T20:35:56.7773106Z [command]/usr/bin/git config --local --name-only --get-regexp http\.https\:\/\/github\.com\/\.extraheader
2026-09-09T20:35:56.7798989Z http.https://github.com/.extraheader
2026-09-09T20:35:56.7807741Z [command]/usr/bin/git config --local --unset-all http.https://github.com/.extraheader
2026-09-09T20:35:56.7835293Z [command]/usr/bin/git submodule foreach --recursive sh -c "git config --local --name-only --get-regexp 'http\.https\:\/\/github\.com\/\.extraheader' && git config --local --unset-all 'http.https://github.com/.extraheader' || :"
2026-09-09T20:35:56.8042564Z [command]/usr/bin/git config --local --name-only --get-regexp ^includeIf\.gitdir:
2026-09-09T20:35:56.8075309Z [command]/usr/bin/git submodule foreach --recursive git config --local --show-origin --name-only --get-regexp remote.origin.url
2026-09-09T20:35:56.8405552Z Cleaning up orphan processes
2026-09-09T20:35:56.8660578Z ##[warning]Node.js 20 is deprecated. The following actions target Node.js 20 but are being forced to run on Node.js 24: actions/checkout@v4, actions/upload-artifact@v4. For more information see: https://github.blog/changelog/2025-09-19-deprecation-of-node-20-on-github-actions-runners/
